   Compiling canlang-compiler v0.1.0 (/Users/vince/Projects/canlang/compiler)
    Finished `test` profile [unoptimized + debuginfo] target(s) in 7.27s
     Running tests/analysis.rs (compiler/target/debug/deps/analysis-33fe4504353b37c5)

running 37 tests
test cli_catalog_flag_rejections ... ok
test c01_invalid_delivery_status_keeps_payload_diagnostics ... ok
test catalog_missing_unavailable_and_helper_misuse ... ok
test cli_catalog_flag_forms ... ok
test call_on_action_reports_missing ... ok
test cli_real_pipeline_exit_codes_and_discipline ... ok
test duplicates ... ok
test e3009_entry_names_ctor_code ... ok
test invalid_app_header_suite_does_not_reserve_module_identity ... ok
test fixture_mime_and_quoted_locale_keys ... ok
test explain_round_trip_loader_codes ... ok
test imports_and_visibility ... ok
test c01_decoded_strings_reach_analysis_callers ... ok
test c01_invalid_strings_do_not_fabricate_values_or_hide_siblings ... ok
test lane05_component_shape ... ok
test invocation_constructor_complete_inputs ... ok
test malformed_declaration_preserves_independent_sibling_diagnostics ... ok
test invocation_result_type_and_call ... ok
test invocation_type_position ... ok
test malformed_owner_headers_still_suppress_body_cascades ... ok
test misplaced_body_line_preserves_independent_sibling_diagnostics ... ok
test message_calls_against_real_catalog ... ok
test lane05_component_shape_gaps ... ok
test read_scenarios_rejected_as_action_targets ... ok
test real_catalog_end_to_end ... ok
test operator_matrix ... ok
test ui_row_enum_cases_claim ... ok
test suffix_bang_and_default_order ... ok
test expense_flow_checks_clean_with_implemented_sum ... ok
test signature_shape_gaps ... ok
test ui_transparent_groups_resolve ... ok
test unknown_names_and_cascade_suppression ... ok
test team_tasks_checks_clean ... ok
test c03_url_owner_admission_and_source_anchors ... ok
test valid_corpus_checks_clean ... ok
test explain_round_trip_source_codes ... ok
test draft_outcome_table ... ok

test result: ok. 37 passed; 0 failed; 0 ignored; 0 measured; 0 filtered out; finished in 1.87s

     Running tests/b1_join.rs (compiler/target/debug/deps/b1_join-b34516eeaf75961f)

running 2 tests
test b1_teamtasks_artifact ... ok
test b2_expenseflow_artifact ... ok

test result: ok. 2 passed; 0 failed; 0 ignored; 0 measured; 0 filtered out; finished in 0.03s

     Running tests/b4_check.rs (compiler/target/debug/deps/b4_check-e34b2a9598cb6027)

running 281 tests
test a3_page_title_present_clean ... ok
test a5_s4_ui_filter_reserved_reference_e4012 ... ok
test a5_s4_ui_columns_reference_interior_e4012 ... ok
test a5_s1_id_version_descent_rejected ... ok
test a3_page_title_missing_e1204 ... ok
test a5_s1_ui_columns_accept_id_version ... ok
test a3_order_key_nullable_datetime_clean ... ok
test a3_order_key_ordered_clean ... ok
test a3_order_key_unordered_e3006 ... ok
test a5_s3_opaque_known_leaf_nonterminal_e2013 ... ok
test d02b_attached_hash_feeds_slot ... ok
test d02b_dynamic_stays_parse_only ... ok
test d02b_bad_locale_rejected ... ok
test d02b_inline_empty_is_present ... ok
test d02b_attached_reference_resolves ... ok
test auth_narrowing_policy_where ... ok
test auth_no_narrowing_by_public ... ok
test d02b_inline_variants_ordered ... ok
test d02b_legacy_annotation_adapts ... ok
test auth_narrowing_by_role ... ok
test d02b_label_after_desc_still_decodes ... ok
test d02b_non_message_reference_rejected ... ok
test d02b_member_past_message_rejected ... ok
test d02b_message_reference_resolves_wording ... ok
test d02b_parameterized_call_stays_parse_only ... ok
test d02b_message_reference_cross_module_lang ... ok
test d02b_inline_plain_on_field_and_param ... ok
test d02b_record_query_stays_parse_only ... ok
test d02b_parameterized_message_rejected ... ok
test d02b_unresolved_reference_rejected ... ok
test d02b_source_repeat_rejected ... ok
test delivery_leaf_descent_past_leaf_errors ... ok
test delivery_leaf_in_policy_fields ... ok
test delivery_leaf_in_ui_columns ... ok
test opaque_receipt_fixture ... ok
test local_capability_receipt_clean ... ok
test local_event_payload_typed ... ok
test explain_e3019_round_trip ... ok
test derived_field_not_required ... ok
test empty_array_unifies ... ok
test format_descriptor_with_null_locale ... ok
test local_event_unknown_member_errors ... ok
test t05_contract_invariant_or ... ok
test t05_affiliate_if_else ... ok
test t05_check_require_lookup ... ok
test opaque_receipt_send ... ok
test t05_approve_and_send_when ... ok
test t05_catch_or_chain_require ... ok
test t05_ic1_unguarded_member ... ok
test recovered_siblings_preserve_module_source_language ... ok
test t05_decl_alias_separation ... ok
test t05_ic2_read_before_guard ... ok
test t05_ic3_or_null_arm ... ok
test t05_ic3_or_sibling_no_leak ... ok
test t05_decl_shadow_separation ... ok
test t05_ic2_earlier_conjunct ... ok
test t05_ic1_nullable_arg ... ok
test t05_chat_require_chain ... ok
test t05_ic4_set_invalidates_path ... ok
test t05_ic6_body_fact_no_escape ... ok
test t05_ic5_post_join_no_fact ... ok
test t05_ic5_contradictory_branches ... ok
test t05_ic7_safe_access_null_test ... ok
test t05_ic6_nullable_domain ... ok
test nullable_array_elements_are_order_independent ... ok
test t05_ic7_safe_access_eq_null ... ok
test t05_ic7_safe_access_eq_value ... ok
test t05_ic4_send_invalidates_path ... ok
test t06_by_not_public_admits ... ok
test t05_presence_other_subject_no_actor ... ok
test t06_by_or_of_roles_admits ... ok
test t05_ic8_cross_scenario_no_leak ... ok
test t06_bounded_read_stays_gated ... ok
test t05_shorthand_reads_fact ... ok
test t06_composite_policy_and_admits ... ok
test t05_reversed_parens_not ... ok
test t05_presence_sibling_no_leak ... ok
test t05_nested_and_or ... ok
test t06_composite_policy_or_admits_where ... ok
test t06_crud_public_when_rejected ... ok
test t06_crud_by_to_when_admits ... ok
test t06_if_branch_admits ... ok
test t06_no_leak_by_role_on_other_subject ... ok
test t06_no_leak_require_role_on_other_subject ... ok
test t06_composite_policy_nested_admits_where ... ok
test t06_no_leak_derive_call_never_admits ... ok
test t06_role_call_on_caller_admits_body ... ok
test t06_or_with_public_rejected ... ok
test t06_require_carries_admission ... ok
test t06_preauthorization_default_rejected ... ok
test t06_trusted_actor_stays_null ... ok
test t06_public_guard_use_rejected ... ok
test t06_require_chain_admits ... ok
test t07_for_item_inherits_where ... ok
test t07_list_body_names_alias ... ok
test t07_for_select_blocks_item_remap ... ok
test t07_outer_where_flows_into_nested_select ... ok
test t07_alias_second_handle_keeps_no_facts ... ok
test t07_outer_require_flows_into_select ... ok
test t07_for_body_set_drops_item_fact ... ok
test t07_nested_inner_keeps_no_outward_facts ... ok
test t08_crud_metadata_input_still_e2013 ... ok
test t08_error_base_suppresses_selector_cascade ... ok
test t07_table_select_blocks_row_remap ... ok
test t07_table_row_inherits_where ... ok
test t07_where_safe_access_grants_nothing ... ok
test t07_table_select_keeps_alias_facts ... ok
test t07_sibling_child_keeps_no_facts ... ok
test t08_import_alias_delivery_leaf ... ok
test t07_where_narrows_select_deref ... ok
test t07_where_narrows_select_element ... ok
test t07_where_or_carries_nothing ... ok
test t08_nullable_money_intermediate ... ok
test t08_metadata_write_still_rejected ... ok
test t08_parent_interior_still_e2013 ... ok
test t08_parent_without_containment_still_e2013 ... ok
test t08_scalar_leaf_descent_still_e2013 ... ok
test t08_parent_in_lock_fields ... ok
test t08_parent_metadata_value_in_policy_fields ... ok
test t08_opaque_interior_defers ... ok
test t08_unknown_leaf_still_e2013 ... ok
test t08_parent_metadata_value_in_ui ... ok
test t08_reference_interior_still_e2013 ... ok
test t08_typed_delivery_leaf_scope_preserved ... ok
test t08_selector_grants_no_fact ... ok
test t08_user_email_disclosure_still_e2013 ... ok
test t08_user_id_member ... ok
test t09_required_scalar_fixture_omission_rejected ... ok
test t09_required_array_fixture_omission_rejected ... ok
test t09_ordinary_array_create_omission_accepted ... ok
test t09_ordinary_array_fixture_omission_accepted ... ok
test t10_create_nested_literal_accepted ... ok
test t09_required_array_create_omission_rejected ... ok
test t10_literal_for_model_ref_rejected ... ok
test t10_missing_nested_required_rejected ... ok
test t10_literal_supplied_server_field_accepted ... ok
test t10_cross_enum_comparison_rejected ... ok
test t10_nested_array_of_contracts_accepted ... ok
test t10_null_for_nonnull_nested_rejected ... ok
test t10_examples_event_claims_nested_cases ... ok
test t10_literal_for_delivery_rejected ... ok
test t10_set_nullable_literal_accepted ... ok
test t10_send_request_literal_accepted ... ok
test t10_unknown_nested_key_rejected ... ok
test t11_call_result_stays_rejected ... ok
test t10_wrong_nested_enum_case_rejected ... ok
test t10_wrong_nested_scalar_rejected ... ok
test t10_fixture_nested_literal_accepted ... ok
test t11_big_integral_beyond_i64_accepted ... ok
test t11_call_input_accepts_integral ... ok
test t10_recipe_request_literal_accepted ... ok
test t11_create_accepts_integral ... ok
test t11_decimal_default_accepts_integral ... ok
test t11_fixture_accepts_integral ... ok
test t11_int_variable_stays_rejected ... ok
test t11_decimal_bounds_accept_integral ... ok
test t11_int_bound_rejects_decimal ... ok
test t11_mixed_array_stays_rejected ... ok
test t11_member_access_stays_rejected ... ok
test t11_derive_arg_accepts_integral ... ok
test t11_nullable_decimal_accepts_integral ... ok
test t11_min_exceeds_max_still_checked ... ok
test t11_money_bound_rejects_integral ... ok
test t11_overload_exact_int_wins ... ok
test t11_out_of_range_integral_rejected ... ok
test t11_negative_integral_accepted ... ok
test t14a_std_delivery_known_silent ... ok
test t14a_std_recipe_mail_clean ... ok
test t14a_std_delivery_wrong_op ... ok
test t11_structural_literal_accepts_integral ... ok
test t11_overload_result_never_inhabits ... ok
test t14a_std_recipe_wrong_op ... ok
test t14a_std_recipe_missing_required ... ok
test t14a_std_recipe_failed_envelope ... ok
test t14a_std_send_attachments_text_rejected ... ok
test t14a_std_recipe_payments_reconcile ... ok
test t14a_std_recipe_unknown_input ... ok
test t14a_std_recipe_type_mismatch ... ok
test t14a_std_send_mail_clean ... ok
test t14a_std_send_payments_collect ... ok
test t14a_std_send_consent_omitted ... ok
test t14a_std_send_missing_required ... ok
test t14a_std_send_errors_report_passthrough ... ok
test t14a_std_send_type_mismatch ... ok
test t14b_b11_bound_nominal_type_position ... ok
test t14a_std_send_mail_with_attachments ... ok
test t14a_std_send_wrong_op ... ok
test t14a_std_unknown_member_stays_e3019 ... ok
test t14b_b1_nominal_fixture_flow_surfaces_e3015 ... ok
test t14b_b1_nonstd_unbound_provider_stays_e2005 ... ok
test t14a_std_send_unknown_input ... ok
test t14b_b1_unbound_nominal_construct ... ok
test t14b_b1_mixed_line_binds_known_rejects_unknown ... ok
test t14b_b1_unbound_unknown_member ... ok
test t14b_handbook_send_stays_e3019 ... ok
test t14b_std_recipe_images_validate_clean ... ok
test t14b_std_delivery_llm_wrong_op ... ok
test t14b_std_recipe_llm_generate_clean ... ok
test t14b_b1_unbound_nominal_type_position ... ok
test t14b_b1_unbound_capability_resolves ... ok
test t14b_std_recipe_images_wrong_op ... ok
test t14b_std_delivery_t13b_known_silent ... ok
test t14b_std_recipe_post_reconcile_clean ... ok
test t14b_std_recipe_post_reply_unknown_input ... ok
test t14b_std_send_images_inspect_graph_text ... ok
test t14b_std_send_images_wrong_op ... ok
test t14b_std_send_images_inspect_clean ... ok
test t14b_std_send_llm_cancel_clean ... ok
test t14b_std_send_llm_cancel_missing_revision ... ok
test t14c_std_delivery_field_must_be_nullable ... ok
test t14b_std_send_post_reply_clean ... ok
test t14b_std_send_post_reconcile_with_revision ... ok
test t14b_std_send_llm_generate_clean ... ok
test t14b_std_send_images_submit_clean ... ok
test t14b_std_send_post_reconcile_clean ... ok
test t14b_std_send_llm_cancel_revision_text ... ok
test t14c_std_delivery_cross_target_assign_rejects ... ok
test t14c_std_receipt_known_leaves_accept ... ok
test t14c_std_receipt_wrong_leaf_rejects ... ok
test t14c_std_delivery_same_target_assign_accepts ... ok
test t14c_std_receipt_same_target_compares ... ok
test t14d_email_accepted_reference ... ok
test t14c_std_receipt_cross_target_compare_rejects ... ok
test t14c_std_unknown_receipt_stays_opaque ... ok
test t14d_error_accepted_reference ... ok
test t14d_nominal_value_position_stays_opaque ... ok
test t14c_std_receipt_result_accepts ... ok
test t14d_nullable_leaf_into_required_input_rejects ... ok
test t14d_image_run_named_ref_nesting ... ok
test t14d_handbook_result_stays_opaque ... ok
test t14d_payment_state_refinement ... ok
test t14d_payment_state_enum_leaf ... ok
test t14d_mail_reply_outcome_leaves ... ok
test t14d_workflow_validation_leaves ... ok
test t14d_leaves_do_not_leak_across_nominals ... ok
test t29_bound_parent_rejected ... ok
test t14d_workflow_inspection_fields_opaque ... ok
test t29_external_parent_rejected ... ok
test t29_cross_package_cycle_rejected ... ok
test t29_imported_child_create_requires_parent ... ok
test t14d_wrong_leaf_narrowed_rejects ... ok
test t30_after_outside_hook_rejected ... ok
test t29_imported_non_model_rejected ... ok
test t14d_same_target_leaf_compares ... ok
test t14d_text_run_leaves ... ok
test t29_plain_imported_parent_accepted ... ok
test t30_before_parent_row_mutable ... ok
test t14d_wrong_result_leaf_rejects ... ok
test t30_delete_hook_cannot_adjust ... ok
test t30_hook_after_typed ... ok
test t30_nullable_event_path_rejected ... ok
test t30_opaque_payload_fail_closed ... ok
test t30_pending_delete_rejected ... ok
test t30_param_named_event_mutable ... ok
test t30_set_param_event_drops_param_facts ... ok
test t30_delete_via_reference_matches_alias ... ok
test t30_hook_before_typed ... ok
test t30_reference_value_data_readonly ... ok
test t30_snapshot_before_readonly ... ok
test t35r23_bound_import_gets_no_alias ... ok
test t30_verified_reference_write_accepted ... ok
test t30_param_rename_invariance ... ok
test t30_whole_payload_readonly ... ok
test t35r23_disabled_update_stays_rejected ... ok
test t35r23_disabled_delete_stays_rejected ... ok
test t35r25_malformed_head_fallback_still_rejected ... ok
test t35r25_plural_literal_bodies_clean ... ok
test t35r23_boundary_same_shape_owner_posture ... ok
test t35r25_select_literal_bodies_clean ... ok
test t35r25_nested_select_plural_clean ... ok
test t35r23_imported_delete_resolves ... ok
test t35r25_typed_simple_forms_clean ... ok
test t35r25_unknown_in_variant_still_rejected ... ok
test t35r23_no_crud_declaration_stays_rejected ... ok
test t35r25_unknown_selector_arg_still_rejected ... ok
test t35r25_unknown_top_level_still_rejected ... ok
test t35r25_unknown_nested_in_branch_still_rejected ... ok
test t35r23_imported_create_resolves ... ok
test t35r23_private_model_stays_unavailable ... ok
test t35r23_imported_update_resolves ... ok
test timeline_slot_binds_row ... ok

test result: ok. 281 passed; 0 failed; 0 ignored; 0 measured; 0 filtered out; finished in 0.04s

     Running tests/b4_examples.rs (compiler/target/debug/deps/b4_examples-d17d793d1dc0add8)

running 25 tests
test header_enum_case_elides_like_fixture ... ok
test t02_derive_pure_accepted ... ok
test header_non_case_still_e2001 ... ok
test t02_derive_state_read_builtin_rejected ... ok
test t02_completion_body_sees_typed_envelope ... ok
test t02_preferences_invariant_guarded_actor_accepted ... ok
test t02_preferences_invariant_nullable_actor_rejected ... ok
test minimal_table_rows_emit_expected_and_error ... ok
test t35r24_event_value_version_observable ... ok
test t35r24_contained_parent_rejected ... ok
test t35r24_event_value_id_observable ... ok
test t35r24_completion_result_version_observable ... ok
test t35r24_provenance_key_parent ... ok
test t35r24_parent_midpath_navigates ... ok
test t35r24_stored_id_rejected ... ok
test t35r24_stored_created_rejected ... ok
test t35r24_provenance_key_payload_vs_stored ... ok
test t35r24_stored_version_rejected ... ok
test canfeedback_176_planned_elides ... ok
test t36_report_parent_override_resolved ... ok
test t35r24_desk139_value_id_observable ... ok
test caninbox_header_routine_parity ... ok
test canfeedback_tables_row_parity ... ok
test caninbox_tables_row_parity ... ok
test t35r24_propose_result_and_value_version_observable ... ok

test result: ok. 25 passed; 0 failed; 0 ignored; 0 measured; 0 filtered out; finished in 0.39s

     Running tests/bdd_binding_runtime.rs (compiler/target/debug/deps/bdd_binding_runtime-7f66ea5153eb937e)

running 1 test
test fixture_bindings_and_suite_paths_execute_through_testkit ... ok

test result: ok. 1 passed; 0 failed; 0 ignored; 0 measured; 0 filtered out; finished in 0.54s

     Running tests/bdd_checked_facts.rs (compiler/target/debug/deps/bdd_checked_facts-afeefbf791508b04)

running 1 test
test original_expenseflow_publishes_bdd_calls_and_sequence_observation_types ... ok

test result: ok. 1 passed; 0 failed; 0 ignored; 0 measured; 0 filtered out; finished in 0.02s

     Running tests/codegen.rs (compiler/target/debug/deps/codegen-05d37f97ce2b7725)

running 117 tests
test a2a_action_external_targets_lower_to_schema ... ok
test a2b_composite_unique_emits_sparse_member_and_registry_rule ... ok
test a2a_page_poll_refresh_lower_to_descriptor ... ok
test a2b_require_desugars_to_admit_and_gate ... ok
test a2b_named_args_lower_positionally_in_signature_order ... ok
test a2a_for_limit_checks_length_then_loops ... ok
test a2a_derive_call_lowers_to_awaited_named_fn ... ok
test construct_defaults ... ok
test construct_delivery ... ok
test construct_effects ... ok
test construct_fixtures_and_recipes ... ok
test a2b_ui_profiles_lower_to_factories ... ok
test construct_guards ... ok
test construct_page_admit_returns_preference_defaults ... ok
test construct_messages_and_format ... ok
test construct_models_and_grants ... ok
test construct_page_preferences_preamble_reads_bindings ... ok
test construct_pages_admit_render ... ok
test catalog_profile_violations_stay_loud ... ok
test construct_sequences ... ok
test construct_ui_factories ... ok
test construct_tables ... ok
test construct_scalars_per_op ... ok
test construct_ui_gate_ternary ... ok
test construct_value_query ... ok
test catalog_factories_lower_from_source ... ok
test d03_attached_and_legacy_feed_same_slot ... ok
test d03_empty_desc_stays_present ... ok
test d03_inline_param_desc_reaches_mcp_source ... ok
test d03_undescribed_inputs_omit_member ... ok
test d03_inline_field_variants_emit_source_only ... ok
test d03_message_reference_resolves_to_source ... ok
test f6_invalid_cohort_emits_no_descriptor ... ok
test f6_no_cohort_emits_no_member ... ok
test f6_missing_bind_emits_null ... ok
test gap_helper_add_decimal ... ok
test gap_helper_divide_decimal_shapes ... ok
test derive_result_resolves_from_symbol_results ... ok
test f6_both_spellings_emit_cohort_descriptors ... ok
test gap_helper_divide_money ... ok
test gap_helper_multiply_decimal ... ok
test gap_helper_negate_decimal ... ok
test gap_helper_scalar_money_product ... ok
test gap_helper_subtract_decimal ... ok
test form_fields_unknown_op_stays_loud ... ok
test omission_marker_flows_from_spelling_to_descriptor ... ok
test c01_lexer_strings_reach_literal_metadata_and_message_lowering ... ok
test requires_pins_catalog_and_families ... ok
test sourcemap_emitted_fixture_plain_snippet ... ok
test sourcemap_mappings_round_trip ... ok
test t15a_callable_identity ... ok
test sequence_as_binding_decodes ... ok
test t15a_field_default_mapping ... ok
test t15a_literal_json_exactness ... ok
test refuses_incomplete_analysis_without_ack ... ok
test t15a_model_field_tags ... ok
test t15a_models_shape_end_to_end ... ok
test t15a_negative_duplicate_record_name ... ok
test form_fields_default_to_model_schema ... ok
test awaited_follows_catalog_effects ... ok
test t15a_negative_kinds_closed ... ok
test t15a_negative_exotic_omits_operation_only ... ok
test t15a_example_separation ... ok
test t15a_ownership_and_recursion ... ok
test t15a_parent_defaults_delete_modes_derived ... ok
test t15a_parent_path_extraction ... ok
test t15a_operation_inputs_carry_arrays_defaults_nullable ... ok
test t15b_delivery_descriptor_helper ... ok
test t15a_structural_literal_default ... ok
test golden_expenseflow_structure ... FAILED
test t15b_closed_kinds_with_delivery ... ok
test t15b_std_delivery_model_tags ... ok
test t15b_recipe_join_negatives_stay_shelled ... ok
test t15b_no_regress_t15a_mixed ... ok
test t15b_operation_input_delivery_end_to_end ... ok
test t15b_model_delivery_end_to_end ... ok
test t18_server_init_mapping ... ok
test t18_r27_server_owned_checker ... ok
test t31_before_after_reads_legal ... ok
test t18_server_init_end_to_end ... ok
test t31_before_delete_rejected_once ... ok
test t15b_recipe_join_std ... ok
test t18_child_create_parent_input ... ok
test t31_delete_hook_cancel_barred ... ok
test t31_delete_hook_after_adjust_rejected ... ok
test t31_before_snapshot_write_rejected ... ok
test t31_cross_model_staging_legal ... ok
test t31_delete_hook_same_model_order ... ok
test t31_delete_hook_require_read_legal ... ok
test t31_delete_hook_schedule_barred ... ok
test t31_delete_outside_hook_legal ... ok
test t31_delete_hook_create_barred ... ok
test t31_delete_hook_set_barred ... ok
test t31_hook_decimal_eq_unsupported ... ok
test t31_hook_expr_gaps ... ok
test t31_hook_emit_unsupported ... ok
test t31_hook_query_unsupported ... ok
test t31_hook_stmt_backstops ... ok
test t31_nested_same_model_barred ... ok
test t31_pending_delete_rejected_once ... ok
test b4g_hook_team_operation_unchanged ... ok
test b4g_operation_id_lowers_through_c ... ok
test b4g_team_id_lowers_through_c ... ok
test t31_same_model_set_barred ... ok
test t31_same_model_create_barred ... ok
test t31_verified_ref_set_outside_hook_legal ... ok
test t31_staged_delete_barred ... ok
test unsupported_schema_positions_error ... ok
test unavailable_capability_errors ... ok
test value_queries_lower_from_source ... ok
test t31_hook_delete_op_registry ... ok
test t31_plain_schedule_lowers ... ok
test t31_hook_run_shape ... ok
test t21l1_single_app_crud_entry_imports_and_executes ... ok
test t31_e2e_staged_failure_names_hook ... ok
test t31_e2e_emitted_hook_drives_engine ... ok
test golden_teamtasks_structure ... ok

failures:

---- golden_expenseflow_structure stdout ----

thread 'golden_expenseflow_structure' (1874879) panicked at tests/codegen.rs:1210:5:
sequence binding consumes checked first/query facts
note: run with `RUST_BACKTRACE=1` environment variable to display a backtrace


failures:
    golden_expenseflow_structure

test result: FAILED. 116 passed; 1 failed; 0 ignored; 0 measured; 0 filtered out; finished in 0.18s

error: test failed, to rerun pass `--test codegen`
