error: no test target named `types` in default-run packages
help: available test targets:
    analysis
    authoring
    b1_join
    b3_authoring_join
    b3_i5
    b3_migrate
    b3_s4
    b4_check
    b4_examples
    b4_parse
    b4_resolve
    b4_setparent
    b4_witness
    bdd_binding_runtime
    bdd_checked_facts
    catalog_input_contract
    catalog_producer_runtime
    check
    checked_cohort
    codegen
    completion_contract
    cycle_witness
    delimiter_recovery
    docs
    effects
    email_admission
    exe
    file_ownership
    flat_expression_runtime
    format
    foundation
    ide
    js_binding_runtime
    json_input_contract
    lint
    lsp_admission
    lsp_frame_reader
    lsp_typed_output
    mcp_p1
    mcp_p4
    process_boundaries
    selected_calls
    session_history
    sourcemap_contract
    state_machines
    string_payload_runtime
    syntax
    typed_artifact
    typed_artifact_consumer
    typed_bdd
    typed_descriptors
    typed_diagnostics_cli
    typed_explain
    typed_fixes
    typed_fixes_cli
    typed_json
    typed_policy
    typed_reference_policy_consumers
    typed_references
    ui_adapter
    value_admission
