   Compiling canlang-compiler v0.1.0 (/Users/vince/Projects/canlang/compiler)
    Finished `test` profile [unoptimized + debuginfo] target(s) in 3.27s
     Running tests/analysis.rs (compiler/target/debug/deps/analysis-33fe4504353b37c5)

running 37 tests
test cli_catalog_flag_rejections ... ok
test cli_catalog_flag_forms ... ok
test cli_real_pipeline_exit_codes_and_discipline ... ok
test c01_invalid_delivery_status_keeps_payload_diagnostics ... ok
test duplicates ... ok
test catalog_missing_unavailable_and_helper_misuse ... ok
test e3009_entry_names_ctor_code ... ok
test call_on_action_reports_missing ... ok
test invalid_app_header_suite_does_not_reserve_module_identity ... ok
test fixture_mime_and_quoted_locale_keys ... ok
test explain_round_trip_loader_codes ... ok
test imports_and_visibility ... ok
test c01_invalid_strings_do_not_fabricate_values_or_hide_siblings ... ok
test lane05_component_shape ... ok
test c01_decoded_strings_reach_analysis_callers ... ok
test invocation_type_position ... ok
test invocation_result_type_and_call ... ok
test malformed_declaration_preserves_independent_sibling_diagnostics ... ok
test invocation_constructor_complete_inputs ... ok
test malformed_owner_headers_still_suppress_body_cascades ... ok
test misplaced_body_line_preserves_independent_sibling_diagnostics ... ok
test read_scenarios_rejected_as_action_targets ... ok
test real_catalog_end_to_end ... ok
test message_calls_against_real_catalog ... ok
test lane05_component_shape_gaps ... ok
test operator_matrix ... ok
test ui_row_enum_cases_claim ... ok
test suffix_bang_and_default_order ... ok
test ui_transparent_groups_resolve ... ok
test expense_flow_checks_clean_with_implemented_sum ... ok
test unknown_names_and_cascade_suppression ... ok
test signature_shape_gaps ... ok
test c03_url_owner_admission_and_source_anchors ... ok
test team_tasks_checks_clean ... ok
test valid_corpus_checks_clean ... ok
test explain_round_trip_source_codes ... FAILED
test draft_outcome_table ... FAILED

failures:

---- explain_round_trip_source_codes stdout ----

thread 'explain_round_trip_source_codes' (1851970) panicked at tests/analysis.rs:641:9:
E5006 valid is not clean: [Diagnostic { code: "E2001", severity: Error, message: "unresolved name 'expense'", primary: Span { file: SourceId(0), start: 339, end: 346 }, related: [], tags: [] }]
source:
app T
Given
 Expense { amount:int }
 policy Expense read=members
 fixture pending=Expense {amount=1}
When
 scenario submit(expense:Expense) by=members
  do
   let x = 1
 scenario approve(expense:Expense) by=members
  do
   let x = 1
  examples
   do
    call submit {expense=pending} by=self
    call approve {expense=pending} by=self
    expense.amount -> 1
Then

note: run with `RUST_BACKTRACE=1` environment variable to display a backtrace

---- draft_outcome_table stdout ----

thread 'draft_outcome_table' (1851965) panicked at tests/analysis.rs:1077:5:
draft table moved:
draft/CanAffiliate.can: expected 40, got 56
draft/CanApprove.can: expected 47, got 83
draft/CanBook.can: expected 161, got 176
draft/CanCRM.can: expected 144, got 153
draft/CanCatch.can: expected 57, got 72
draft/CanChat.can: expected 58, got 69
draft/CanCheck.can: expected 38, got 65
draft/CanContract.can: expected 25, got 38
draft/CanCreative.can: expected 71, got 83
draft/CanDecide.can: expected 27, got 30
draft/CanDesk.can: expected 85, got 97
draft/CanDiscover.can: expected 69, got 83
draft/CanDo.can: expected 38, got 45
draft/CanEnrich.can: expected 19, got 24
draft/CanEvent.can: expected 309, got 383
draft/CanExpense.can: expected 95, got 138
draft/CanFeedback.can: expected 13, got 19
draft/CanField.can: expected 115, got 118
draft/CanGallery.can: expected 23, got 27
draft/CanGrant.can: expected 48, got 71
draft/CanHire.can: expected 126, got 138
draft/CanInbox.can: expected 100, got 130
draft/CanInvoice.can: expected 371, got 545
draft/CanLearn.can: expected 50, got 52
draft/CanLeave.can: expected 79, got 100
draft/CanLoyalty.can: expected 71, got 113
draft/CanMail.can: expected 147, got 175
draft/CanMaintain.can: expected 123, got 135
draft/CanMember.can: expected 338, got 378
draft/CanOnboard.can: expected 55, got 62
draft/CanPropose.can: expected 131, got 190
draft/CanPurchase.can: expected 146, got 155
draft/CanReception.can: expected 186, got 201
draft/CanRefer.can: expected 79, got 83
draft/CanRent.can: expected 634, got 702
draft/CanReport.can: expected 34, got 51
draft/CanShift.can: expected 187, got 206
draft/CanStock.can: expected 60, got 63
draft/CanSync.can: expected 17, got 18
draft/CanTable.can: expected 31, got 32
draft/CanTime.can: expected 126, got 129
draft/CanVolunteer.can: expected 76, got 92
draft/CanWorkbench.can: expected 82, got 100
actual table:
("draft/CanAffiliate.can", 56),
("draft/CanApprove.can", 83),
("draft/CanBoard.can", 3),
("draft/CanBook.can", 176),
("draft/CanCRM.can", 153),
("draft/CanCatch.can", 72),
("draft/CanChat.can", 69),
("draft/CanCheck.can", 65),
("draft/CanContract.can", 38),
("draft/CanCreative.can", 83),
("draft/CanCustomer.can", 59),
("draft/CanDecide.can", 30),
("draft/CanDesk.can", 97),
("draft/CanDiscover.can", 83),
("draft/CanDo.can", 45),
("draft/CanEnrich.can", 24),
("draft/CanEvent.can", 383),
("draft/CanExpense.can", 138),
("draft/CanFeedback.can", 19),
("draft/CanField.can", 118),
("draft/CanGallery.can", 27),
("draft/CanGrant.can", 71),
("draft/CanHire.can", 138),
("draft/CanInbox.can", 130),
("draft/CanInvoice.can", 545),
("draft/CanKnowledge.can", 50),
("draft/CanLearn.can", 52),
("draft/CanLeave.can", 100),
("draft/CanLoyalty.can", 113),
("draft/CanMail.can", 175),
("draft/CanMaintain.can", 135),
("draft/CanMember.can", 378),
("draft/CanOnboard.can", 62),
("draft/CanPropose.can", 190),
("draft/CanPurchase.can", 155),
("draft/CanReception.can", 201),
("draft/CanRefer.can", 83),
("draft/CanRent.can", 702),
("draft/CanReport.can", 51),
("draft/CanShift.can", 206),
("draft/CanStats.can", 31),
("draft/CanStock.can", 63),
("draft/CanSuccess.can", 50),
("draft/CanSync.can", 18),
("draft/CanTable.can", 32),
("draft/CanTime.can", 129),
("draft/CanTrade.can", 18),
("draft/CanVolunteer.can", 92),
("draft/CanWorkbench.can", 100),
("draft/shared/Employees.can", 8),
("draft/shared/Locations.can", 5),
("draft/shared/Suppliers.can", 6),


failures:
    draft_outcome_table
    explain_round_trip_source_codes

test result: FAILED. 35 passed; 2 failed; 0 ignored; 0 measured; 0 filtered out; finished in 1.99s

error: test failed, to rerun pass `--test analysis`
