    Blocking waiting for file lock on build directory
    Checking stable_deref_trait v1.2.1
    Checking writeable v0.6.4
    Checking litemap v0.8.3
    Checking utf8_iter v1.0.4
    Checking libc v0.2.190
    Checking typenum v1.20.1
    Checking icu_properties_data v2.3.0
    Checking icu_normalizer_data v2.3.0
    Checking zerofrom v0.1.8
    Checking smallvec v1.16.2
    Checking cfg-if v1.0.5
    Checking serde_core v1.0.229
    Checking yoke v0.8.3
    Checking percent-encoding v2.3.2
    Checking bitflags v2.13.2
    Checking zmij v1.0.23
    Checking itoa v1.0.18
    Checking form_urlencoded v1.2.2
    Checking once_cell v1.21.4
   Compiling canlang-compiler v0.1.0 (/Users/vince/Projects/canlang/compiler)
    Checking zerovec v0.11.8
    Checking zerotrie v0.2.5
    Checking memchr v2.8.3
    Checking fastrand v2.5.0
    Checking tinystr v0.8.4
    Checking potential_utf v0.1.6
    Checking generic-array v0.14.7
    Checking icu_collections v2.3.0
    Checking errno v0.3.14
    Checking getrandom v0.4.3
    Checking cpufeatures v0.2.17
    Checking icu_locale_core v2.3.0
    Checking rustix v1.1.5
    Checking crypto-common v0.1.7
    Checking block-buffer v0.10.4
    Checking digest v0.10.7
    Checking sha2 v0.10.9
    Checking icu_provider v2.3.1
    Checking icu_normalizer v2.3.0
    Checking icu_properties v2.3.0
    Checking serde_json v1.0.151
    Checking serde v1.0.229
    Checking tempfile v3.27.0
    Checking idna_adapter v1.2.2
    Checking idna v1.1.0
    Checking url v2.5.8
error: this `if` statement can be collapsed
   --> src/policy.rs:287:9
    |
287 | /         if let Some(Layout::Array {
288 | |             end_indent,
289 | |             populated,
290 | |             ..
...   |
296 | |         }
    | |_________^
    |
    = help: for further information visit https://rust-lang.github.io/rust-clippy/rust-1.99.0/index.html#collapsible_if
    = note: `-D clippy::collapsible-if` implied by `-D warnings`
    = help: to override `-D warnings` add `#[allow(clippy::collapsible_if)]`
help: collapse nested if block
    |
291 ~         }) = self.containers.pop()
292 ~             && populated && end_indent > 0 {
293 |                 indent(writer, end_indent)?;
294 ~             }
    |

error: could not compile `canlang-compiler` (lib) due to 1 previous error
warning: build failed, waiting for other jobs to finish...
error: could not compile `canlang-compiler` (lib test) due to 1 previous error
