▶ T16b router (generated vs interim)
  ✔ routes canonical iff BOTH descriptor keys are present (0.399625ms)
✔ T16b router (generated vs interim) (0.77475ms)
▶ T16b policy transcription (CRUD gates)
  ✔ maps the established subset; refuses the rest LOUD naming T04b (0.645375ms)
  ✔ transcribes scenario admission; requires stays handler-enforced (0.207708ms)
  ✔ reads manifest entries defensively; malformed shapes fail loud (0.135709ms)
✔ T16b policy transcription (CRUD gates) (1.09175ms)
▶ T16b commit guard (scenario seam store)
  ✔ delegates reads and refuses commits LOUD with the staged rule (0.309ms)
✔ T16b commit guard (scenario seam store) (0.349709ms)
▶ T16b version fulfillment (pins + requires)
  ✔ loads the real contracts pins (all v1) and asserts them exactly (5.132667ms)
  ✔ fulfills pin-mapped requires exactly; unknown ids and drift reject (0.124208ms)
✔ T16b version fulfillment (pins + requires) (5.350083ms)
▶ machine producer compatibility
  ✔ refuses old or missing producer capabilities despite state contract v1 (0.146458ms)
✔ machine producer compatibility (0.17625ms)
▶ T16b canonical CRUD (pipeline executes; handlers never run)
  ✔ creates through the pipeline with record id = operation id (14.844417ms)
  ✔ replays identical envelopes instead of duplicating (2.090042ms)
  ✔ updates with version fencing and deletes through the pipeline (3.453667ms)
✔ T16b canonical CRUD (pipeline executes; handlers never run) (20.552375ms)
▶ T16b canonical scenario (handler as the execute seam)
  ✔ runs the handler once with admitted inputs; replays without re-running (2.257959ms)
  ✔ hydrates immutable record aliases that observe ordered provisional fields with one reserved version (2.879541ms)
  ✔ refuses named-parameter callables without the fail-closed capability gate (0.619709ms)
  ✔ denies gateless scenarios with typed denial; gated members still commit (1.878292ms)
✔ T16b canonical scenario (handler as the execute seam) (7.774208ms)
▶ T16b canonical negatives (codes + unchanged state)
  ✔ unknown operations reject validation and mutate nothing (1.520417ms)
  ✔ closed-shape violations reject validation and mutate nothing (1.292083ms)
  ✔ unauthorized callers fail forbidden and mutate nothing (2.734917ms)
  ✔ live store wins: removal after resolve denies the held identity (2.181458ms)
  ✔ forged credentials fail at resolution before anything invokes (0.663292ms)
✔ T16b canonical negatives (codes + unchanged state) (8.570917ms)
▶ T16b read-envelope closure (query port owns reads in T17)
  ✔ serves reads and still rejects envelope mismatches with precise validation (1.492209ms)
✔ T16b read-envelope closure (query port owns reads in T17) (1.556458ms)
▶ T16b committing scenario (guard fails loud, rejection replays)
  ✔ receipts the guard trip as a rejection; domain state never mutates (1.882917ms)
✔ T16b committing scenario (guard fails loud, rejection replays) (1.939417ms)
▶ T16b policy refusal (untranscribable gates block the set)
  ✔ refuses gated/when manifests at preload and at the invoker (2.059334ms)
  ✔ refuses CRUD operations whose callable module is missing (0.334792ms)
✔ T16b policy refusal (untranscribable gates block the set) (2.452583ms)
▶ T16b no-bypass proof (generated implies canonical)
  ✔ generated artifacts never take the direct path (direct-only store fails LOUD) (1.414541ms)
  ✔ generated artifacts without memberships refuse instead of admitting blind (0.92225ms)
  ✔ descriptor-less artifacts refuse on both envelopes (interim path retired) (0.730833ms)
✔ T16b no-bypass proof (generated implies canonical) (3.158541ms)
▶ T16b assembly gates (pins + requires + preload)
  ✔ serves generated artifacts with realistic requires (builtins 2 + state 1) (1.756583ms)
  ✔ rejects unknown requires capabilities at compat (0.559708ms)
  ✔ rejects unmet requires versions at the serving-contracts gate (0.537084ms)
  ✔ refuses incompatible descriptors at preload, before serving (1.052333ms)
✔ T16b assembly gates (pins + requires + preload) (4.017084ms)
▶ T17b read-policy transcription (PolicyTable grants)
  ✔ transcribes absent/empty read content to ZERO grants; rules mark ruled; malformed throws (0.879667ms)
  ✔ honors B7 public provenance; skew marks refuse loud (0.182917ms)
  ✔ reads model manifest entries defensively; malformed shapes fail loud (0.128709ms)
✔ T17b read-policy transcription (PolicyTable grants) (1.606458ms)
▶ T17b staged uniques netting (per key, call order)
  ✔ nets create+remove to a bare release and keeps remove+recreate whole (0.1795ms)
✔ T17b staged uniques netting (per key, call order) (0.232584ms)
▶ T17b staged write collapse (one net write per row)
  ✔ folds multi-touch sequences to the committable net shape (0.245709ms)
✔ T17b staged write collapse (one net write per row) (0.297333ms)
▶ T17b staged overlay (staged wins, removes mask, read-only)
  ✔ merges staged rows over the store and refuses filtered fetches + commits (0.650958ms)
✔ T17b staged overlay (staged wins, removes mask, read-only) (0.70925ms)
▶ T17b retired direct paths (no scope fails loud)
  ✔ every data-plane call without a canonical scope throws naming the retirement (0.559958ms)
✔ T17b retired direct paths (no scope fails loud) (0.603625ms)
▶ T17b scenario staging (one atomic commit with receipt + history)
  ✔ stages create+set through the pipeline; reads see staged rows; receipt + history carry the scenario identity (18.284666ms)
  ✔ honors archive vs remove delete modes and excludes staged archives from reads (5.341042ms)
  ✔ rejects re-archiving with the B1 admission-parity verdict; staged writes roll back to a receipt-only revision (2.846833ms)
  ✔ refuses delete=none models with the engine message and persists nothing (1.977208ms)
✔ T17b scenario staging (one atomic commit with receipt + history) (28.645917ms)
▶ T17b records() refusals (unservable shapes fail loud, never mis-served)
  ✔ refuses where/order/limit/archived-include/authority-owner with validation texts (4.539792ms)
  ✔ attributes propagated engine failures to their true codes on the receipt (2.035209ms)
✔ T17b records() refusals (unservable shapes fail loud, never mis-served) (6.685583ms)
▶ T17b ruled reads (refuse loud; other serving stays up)
  ✔ refuses ruled-model reads at the router and in handlers while CRUD + public-marked reads serve (2.963875ms)
✔ T17b ruled reads (refuse loud; other serving stays up) (3.067125ms)
▶ T17b commit-guard scoping (migrated calls stage; direct commits trip + roll back)
  ✔ trips a direct commit mid-handler and rolls the staged writes back atomically (2.343625ms)
✔ T17b commit-guard scoping (migrated calls stage; direct commits trip + roll back) (2.438584ms)
▶ T17b rollback, replay, and fence convergence on the staged path
  ✔ rolls a mid-handler throw back to a receipt-only revision (3.166375ms)
  ✔ replays duplicate scenario delivery without re-running or duplicating (2.096167ms)
  ✔ converges concurrent scenarios on one row through the fence (no lost update) (2.358667ms)
✔ T17b rollback, replay, and fence convergence on the staged path (7.754708ms)
▶ T17b no-change stability on the staged path
  ✔ commits create plus empty patches with identical data and one version reservation (1.911625ms)
✔ T17b no-change stability on the staged path (1.971459ms)
▶ T17b staged uniques (netted pairs commit clean; live dupes conflict)
  ✔ lands no ghost claim for create+remove pairs; a later reuse of the key commits (2.017042ms)
  ✔ conflicts competing live claims at commit with no receipt and no revision move (1.803834ms)
✔ T17b staged uniques (netted pairs commit clean; live dupes conflict) (3.907334ms)
▶ T17b receipt defaults (keyed per write)
  ✔ records resolved defaults under <callIndex>:<model>.<field> (3.12975ms)
✔ T17b receipt defaults (keyed per write) (3.204917ms)
▶ T17b parent linkage (validated, staged, attributed)
  ✔ declared roots refuse ad-hoc parent linkage (B5); production linkage pins live in T32c (2.11225ms)
✔ T17b parent linkage (validated, staged, attributed) (2.170541ms)
▶ T17b stale revisions conflict (CRUD path, row untouched)
  ✔ conflicts a stale submitted version without touching the stored row (2.183084ms)
✔ T17b stale revisions conflict (CRUD path, row untouched) (2.371334ms)
▶ T17b read posture (honored-public serves all; gateless denies empty; shapes validate closed)
  ✔ serves public-marked models to outsiders and anonymous callers with full rows (2.301167ms)
  ✔ denies gateless models with EMPTY records to every caller (B7 deny-with-empty) (1.967042ms)
  ✔ rejects unknown read inputs closed-shape and refuses reads without live membership (1.396875ms)
  ✔ refuses reads WITH descriptor inputs (no T04a filter vocabulary) (1.522458ms)
✔ T17b read posture (honored-public serves all; gateless denies empty; shapes validate closed) (7.339958ms)
▶ T17b read-policy preload (malformed and contradictory manifests refuse loud)
  ✔ refuses malformed model entries at preload (2.293167ms)
  ✔ refuses contradictory read policy across modules (0.736708ms)
  ✔ skips modules without a canApp registry when establishing read policy (0.473667ms)
✔ T17b read-policy preload (malformed and contradictory manifests refuse loud) (3.557208ms)
▶ T32b seam trigger point (checkpoint -> pipeline trigger)
  ✔ derives revision + owner from a checkpointed call, undefined without (0.582334ms)
  ✔ refuses misshapen checkpoints loud (invoke/dist skew) (0.203833ms)
✔ T32b seam trigger point (checkpoint -> pipeline trigger) (1.164959ms)
▶ T32b scenario seam (guards + readings + revision fence)
  ✔ commits the quiet path with guards/readings attached (no bar trip) (22.138833ms)
  ✔ commits for anonymous callers (no guard attached, nothing to re-read) (1.792ms)
  ✔ voids with forbidden naming caller.roles on mid-flight revocation; nothing commits (2.497375ms)
  ✔ voids with forbidden naming caller.roles on a mid-flight role flip (permission intact) (1.367458ms)
  ✔ retries an intervening commit, then commits (revision fence through the seam) (2.074917ms)
✔ T32b scenario seam (guards + readings + revision fence) (30.142583ms)
▶ T32b scenario rejected-receipt site (executor threw + fence raced)
  ✔ records the rejection with the ORIGINAL error when revocation raced the throw (2.033916ms)
  ✔ retries a rejection that raced an intervening commit, then records it (2.149542ms)
✔ T32b scenario rejected-receipt site (executor threw + fence raced) (4.303292ms)
▶ T32b CRUD path (commit-time revalidation inheritance)
  ✔ voids a members-gated create on commit-time revocation; nothing commits (2.715125ms)
  ✔ commits a members-gated create on the quiet path (control) (1.143916ms)
✔ T32b CRUD path (commit-time revalidation inheritance) (3.948958ms)
▶ T32b fenced dispatch drives (real kernel verdicts)
  ✔ drives a quiet transitive dispatch through claimed to recorded (7.590042ms)
  ✔ skips through the kernel with the shared ceremony (guard inside, acked) (0.593583ms)
  ✔ refuses a revoked authority AFTER the guard passes (live re-read, no call/record/ack) (0.408167ms)
  ✔ observes a revocation landing in the snapshot pull (fence-time liveness, guard ran first) (0.416042ms)
  ✔ refuses an inherited trigger checkpoint (structural bar, self-verifying echo) (0.332541ms)
  ✔ refuses inherited-scope BEFORE the guard (committed ordering beats a false guard) (0.367458ms)
  ✔ buckets an unavailable target to the terminal transport member (target + echo, no call/record) (0.319375ms)
  ✔ buckets unavailable BEFORE the guard (guard never evaluates, no skip ceremony) (0.318334ms)
  ✔ documents drive-side order: snapshot + live authority run before unavailable is consulted (short-circuit deferred) (0.400125ms)
  ✔ lets throwing fence ports preempt unavailable (no silent short-circuit) (0.5375ms)
  ✔ refuses unavailable verdicts naming another intent or missing the target (skew tripwires) (0.63325ms)
  ✔ ignores authority without a fence (exact pre-T32b behavior) (0.405541ms)
  ✔ fails loud on unreachable kernel verdicts and malformed fence inputs (tripwires) (0.570416ms)
✔ T32b fenced dispatch drives (real kernel verdicts) (13.143167ms)
▶ T32c C2 site 1+5 (serverInits + nullable fill through CRUD create)
  ✔ resolves server inits and fills omitted nullable on the quiet path (2.325875ms)
✔ T32c C2 site 1+5 (serverInits + nullable fill through CRUD create) (2.396625ms)
▶ T32c C2 site 3+4 (conflict currents + assembly mirror, bb1ca7a)
  ✔ stale Team update carries full currents minus serverOnly minus secrets (1.998208ms)
  ✔ stale Plain update carries full currents (empty exclusion set) (2.88675ms)
✔ T32c C2 site 3+4 (conflict currents + assembly mirror, bb1ca7a) (4.981584ms)
▶ T32c C2 site 2 (scenario archive gate on stageWrite)
  ✔ scenario set() on an archived row fails EXACTLY like admission (2.757375ms)
✔ T32c C2 site 2 (scenario archive gate on stageWrite) (2.827375ms)
▶ T32c C2 site 1+5 (containment enforcement on the child model)
  ✔ parents link (defaults + nullable) while orphans fail missing-parent (2.43325ms)
✔ T32c C2 site 1+5 (containment enforcement on the child model) (2.496166ms)
▶ T32c C2 self-cancel netting verdict (B1, production shape)
  ✔ create+remove of an archive-mode record commits an archived stub (no throw) (2.169209ms)
  ✔ create+update+remove of an archive-mode record commits the full trail (I00 gap pin) (1.845333ms)
✔ T32c C2 self-cancel netting verdict (B1, production shape) (4.103375ms)
▶ R01 validate-before-retry (dropped delivery envelopes prove pre-strip)
  ✔ (a) valid delivery input loads via the strip retry (1.923167ms)
  ✔ (b) ordinary unknown input kind rejects without retry (1.032ms)
  ✔ (d) control: malformed array marker on a carried input rejects (2.488083ms)
  ✔ (c) delivery input with a malformed array marker rejects (no laundering) (1.295208ms)
  ✔ (c2) delivery input with a non-boolean required rejects (no laundering) (1.043042ms)
  ✔ (c3) delivery input with an unknown default kind rejects in loader vocabulary (0.967834ms)
  ✔ (e) delivery-first name collision rejects duplicate_name (strip would erase it) (0.926125ms)
  ✔ (e2) string-first name collision rejects duplicate_name (loader order, no retry) (0.838291ms)
  ✔ (e3) delivery/delivery name collision rejects duplicate_name (0.829ms)
  ✔ (f) delivery empty parent-dot-path default rejects (owning dot-path rule) (0.877791ms)
  ✔ (f2) delivery empty-segment parent-dot-path default rejects (0.819375ms)
  ✔ (f3) control: string empty parent-dot-path default rejects (loader) (0.790333ms)
  ✔ (f4) delivery valid parent-dot-path default loads (positive preserved) (1.160041ms)
  ✔ (f5) delivery non-serializable literal default rejects (owning serializability) (0.813167ms)
  ✔ (f6) control: string non-serializable literal default rejects (loader) (0.752208ms)
✔ R01 validate-before-retry (dropped delivery envelopes prove pre-strip) (16.81375ms)
▶ T32c C3/B3 (delivery-field schema rides the loaded set)
  ✔ carries the loader-built whole-set schema (empty sets for delivery-less models) (0.944917ms)
✔ T32c C3/B3 (delivery-field schema rides the loaded set) (0.980166ms)
ℹ tests 109
ℹ suites 42
ℹ pass 109
ℹ fail 0
ℹ cancelled 0
ℹ skipped 0
ℹ todo 0
ℹ duration_ms 205.575708
