   Compiling canlang-compiler v0.1.0 (/private/tmp/canlang-state-machines/compiler)
    Finished `test` profile [unoptimized + debuginfo] target(s) in 3.64s
     Running tests/codegen.rs (compiler/target/debug/deps/codegen-05d37f97ce2b7725)

running 117 tests
test a2a_action_external_targets_lower_to_schema ... ok
test a2b_named_args_lower_positionally_in_signature_order ... ok
test a2b_composite_unique_emits_sparse_member_and_registry_rule ... ok
test a2a_page_poll_refresh_lower_to_descriptor ... ok
test a2a_for_limit_checks_length_then_loops ... ok
test a2b_require_desugars_to_admit_and_gate ... ok
test a2a_derive_call_lowers_to_awaited_named_fn ... ok
test a2b_ui_profiles_lower_to_factories ... ok
test construct_defaults ... ok
test construct_delivery ... ok
test construct_effects ... ok
test construct_guards ... ok
test construct_fixtures_and_recipes ... ok
test construct_page_admit_returns_preference_defaults ... ok
test construct_models_and_grants ... ok
test construct_page_preferences_preamble_reads_bindings ... ok
test construct_messages_and_format ... ok
test construct_pages_admit_render ... ok
test construct_tables ... ok
test construct_scalars_per_op ... ok
test construct_sequences ... ok
test construct_ui_factories ... ok
test construct_ui_gate_ternary ... ok
test construct_value_query ... ok
test d03_attached_and_legacy_feed_same_slot ... ok
test catalog_profile_violations_stay_loud ... ok
test d03_inline_field_variants_emit_source_only ... ok
test catalog_factories_lower_from_source ... ok
test d03_empty_desc_stays_present ... ok
test d03_message_reference_resolves_to_source ... ok
test d03_inline_param_desc_reaches_mcp_source ... ok
test derive_result_resolves_from_symbol_results ... ok
test d03_undescribed_inputs_omit_member ... ok
test f6_invalid_cohort_emits_no_descriptor ... ok
test f6_no_cohort_emits_no_member ... ok
test f6_both_spellings_emit_cohort_descriptors ... ok
test f6_missing_bind_emits_null ... ok
test form_fields_unknown_op_stays_loud ... ok
test gap_helper_add_decimal ... ok
test gap_helper_divide_money ... ok
test gap_helper_divide_decimal_shapes ... ok
test gap_helper_negate_decimal ... ok
test gap_helper_multiply_decimal ... ok
test gap_helper_scalar_money_product ... ok
test gap_helper_subtract_decimal ... ok
test omission_marker_flows_from_spelling_to_descriptor ... ok
test c01_lexer_strings_reach_literal_metadata_and_message_lowering ... ok
test requires_pins_catalog_and_families ... ok
test sourcemap_emitted_fixture_plain_snippet ... ok
test sourcemap_mappings_round_trip ... ok
test refuses_incomplete_analysis_without_ack ... ok
test sequence_as_binding_decodes ... ok
test t15a_field_default_mapping ... ok
test t15a_literal_json_exactness ... ok
test awaited_follows_catalog_effects ... ok
test t15a_model_field_tags ... ok
test t15a_callable_identity ... ok
test t15a_negative_duplicate_record_name ... ok
test t15a_models_shape_end_to_end ... ok
test t15a_negative_exotic_omits_operation_only ... ok
test form_fields_default_to_model_schema ... ok
test t15a_operation_inputs_carry_arrays_defaults_nullable ... ok
test t15a_parent_path_extraction ... ok
test t15a_ownership_and_recursion ... ok
test t15a_structural_literal_default ... ok
test t15b_delivery_descriptor_helper ... ok
test t15a_negative_kinds_closed ... ok
test t15b_model_delivery_end_to_end ... ok
test t15a_parent_defaults_delete_modes_derived ... ok
test t15b_operation_input_delivery_end_to_end ... ok
test t15b_closed_kinds_with_delivery ... ok
test t15b_std_delivery_model_tags ... ok
test t15b_recipe_join_negatives_stay_shelled ... ok
test t15b_no_regress_t15a_mixed ... ok
test t18_r27_server_owned_checker ... ok
test t18_server_init_mapping ... ok
test t18_child_create_parent_input ... ok
test t31_before_after_reads_legal ... ok
test t15b_recipe_join_std ... ok
test t15a_example_separation ... ok
test t31_before_delete_rejected_once ... ok
test t31_before_snapshot_write_rejected ... ok
test t31_delete_hook_after_adjust_rejected ... ok
test t18_server_init_end_to_end ... ok
test t31_cross_model_staging_legal ... ok
test t31_delete_hook_create_barred ... ok
test t31_delete_hook_cancel_barred ... ok
test t31_delete_hook_schedule_barred ... ok
test t31_delete_hook_same_model_order ... ok
test t31_delete_hook_require_read_legal ... ok
test t31_delete_hook_set_barred ... ok
test t31_delete_outside_hook_legal ... ok
test t31_hook_decimal_eq_unsupported ... ok
test t31_hook_emit_unsupported ... ok
test t31_hook_expr_gaps ... ok
test t31_hook_query_unsupported ... ok
test b4g_operation_id_lowers_through_c ... ok
test t31_hook_stmt_backstops ... ok
test t31_nested_same_model_barred ... ok
test t31_pending_delete_rejected_once ... ok
test b4g_hook_team_operation_unchanged ... ok
test t31_same_model_create_barred ... ok
test t31_same_model_set_barred ... ok
test t31_staged_delete_barred ... ok
test t31_verified_ref_set_outside_hook_legal ... ok
test unavailable_capability_errors ... ok
test unsupported_schema_positions_error ... ok
test b4g_team_id_lowers_through_c ... ok
test value_queries_lower_from_source ... ok
test t31_e2e_staged_failure_names_hook ... ok
test t31_hook_run_shape ... ok
test t31_hook_delete_op_registry ... ok
test t31_e2e_emitted_hook_drives_engine ... ok
test t31_plain_schedule_lowers ... ok
test t21l1_single_app_crud_entry_imports_and_executes ... ok
test golden_teamtasks_structure ... ok
test golden_expenseflow_structure ... ok

test result: ok. 117 passed; 0 failed; 0 ignored; 0 measured; 0 filtered out; finished in 0.57s

     Running tests/format.rs (compiler/target/debug/deps/format-bc0b0fb509c870cd)

running 20 tests
test empty_input_stays_empty ... ok
test crlf_becomes_lf_and_counts_as_changed ... ok
test already_formatted_files_report_unchanged ... ok
test descriptions_comments_and_i18n_survive ... ok
test definition_heads_stay_loose ... ok
test arrows_and_example_rows_keep_order ... ok
test calls_suffixes_and_nested_commas_stay_tight ... ok
test control_flow_suites_keep_their_newlines ... ok
test intra_line_spacing_is_canonical ... ok
test invalid_sources_yield_diagnostics_and_no_output ... ok
test missing_final_newline_is_added ... ok
test judgment_items_format ... ok
test invocation_and_group_heads_format ... ok
test corpus_gallery_catalog_slot_and_edit_format ... ok
test query_tails_routes_and_suffixes_format ... ok
test sloppy_continuation_indent_is_repaired ... ok
test operation_parens_and_message_calls_stay_tight ... ok
test operators_bind_tightly_and_groups_keep_space ... ok
test semicolons_and_do_shapes_are_preserved ... ok
test corpus_formats_cleanly_and_is_idempotent ... ok

test result: ok. 20 passed; 0 failed; 0 ignored; 0 measured; 0 filtered out; finished in 1.20s

     Running tests/state_machines.rs (compiler/target/debug/deps/state_machines-4f775e89145b9a72)

running 4 tests
test formatter_preserves_transition_tokens_and_nested_target ... ok
test checked_machine_requires_stored_scalar_enum_and_constant_initial_case ... ok
test transition_checks_field_and_endpoints_and_rejects_plain_writes ... ok
test compiled_lifecycle_runs_through_canonical_runtime_and_state_driven_ui ... ok

test result: ok. 4 passed; 0 failed; 0 ignored; 0 measured; 0 filtered out; finished in 0.50s
