▶ T16b router (generated vs interim)
  ✔ routes canonical iff BOTH descriptor keys are present (0.390792ms)
✔ T16b router (generated vs interim) (0.826291ms)
▶ T16b policy transcription (CRUD gates)
  ✔ maps the established subset; refuses the rest LOUD naming T04b (0.726667ms)
  ✔ transcribes scenario admission; requires stays handler-enforced (0.158542ms)
  ✔ reads manifest entries defensively; malformed shapes fail loud (0.188375ms)
✔ T16b policy transcription (CRUD gates) (1.190125ms)
▶ T16b commit guard (scenario seam store)
  ✔ delegates reads and refuses commits LOUD with the staged rule (0.340167ms)
✔ T16b commit guard (scenario seam store) (0.386083ms)
▶ T16b version fulfillment (pins + requires)
  ✔ loads the real contracts pins (all v1) and asserts them exactly (2.45375ms)
  ✔ fulfills pin-mapped requires exactly; unknown ids and drift reject (0.155917ms)
✔ T16b version fulfillment (pins + requires) (2.704791ms)
▶ machine producer compatibility
  ✔ refuses old or missing producer capabilities despite state contract v1 (0.165792ms)
✔ machine producer compatibility (0.200583ms)
▶ T16b canonical CRUD (pipeline executes; handlers never run)
  ✔ creates through the pipeline with record id = operation id (29.701333ms)
  ✔ replays identical envelopes instead of duplicating (1.835375ms)
  ✔ updates with version fencing and deletes through the pipeline (3.446792ms)
✔ T16b canonical CRUD (pipeline executes; handlers never run) (35.186584ms)
▶ T16b canonical scenario (handler as the execute seam)
  ✔ runs the handler once with admitted inputs; replays without re-running (2.434ms)
  ✔ hydrates immutable record aliases that observe ordered provisional fields with one reserved version (2.990375ms)
  ✔ refuses named-parameter callables without the fail-closed capability gate (0.914583ms)
  ✔ denies gateless scenarios with typed denial; gated members still commit (1.582ms)
✔ T16b canonical scenario (handler as the execute seam) (8.060625ms)
▶ T16b canonical negatives (codes + unchanged state)
  ✔ unknown operations reject validation and mutate nothing (1.384166ms)
  ✔ closed-shape violations reject validation and mutate nothing (1.607459ms)
  ✔ unauthorized callers fail forbidden and mutate nothing (5.605625ms)
  ✔ live store wins: removal after resolve denies the held identity (1.726667ms)
  ✔ forged credentials fail at resolution before anything invokes (0.955125ms)
✔ T16b canonical negatives (codes + unchanged state) (11.664166ms)
▶ T16b read-envelope closure (query port owns reads in T17)
  ✔ serves reads and still rejects envelope mismatches with precise validation (2.658958ms)
✔ T16b read-envelope closure (query port owns reads in T17) (2.7545ms)
▶ T16b committing scenario (guard fails loud, rejection replays)
  ✔ receipts the guard trip as a rejection; domain state never mutates (2.321542ms)
✔ T16b committing scenario (guard fails loud, rejection replays) (2.392125ms)
▶ T16b policy refusal (untranscribable gates block the set)
  ✔ refuses gated/when manifests at preload and at the invoker (2.455208ms)
  ✔ refuses CRUD operations whose callable module is missing (0.44375ms)
✔ T16b policy refusal (untranscribable gates block the set) (2.953875ms)
▶ T16b no-bypass proof (generated implies canonical)
  ✔ generated artifacts never take the direct path (direct-only store fails LOUD) (1.017667ms)
  ✔ generated artifacts without memberships refuse instead of admitting blind (1.133875ms)
  ✔ descriptor-less artifacts refuse on both envelopes (interim path retired) (1.08825ms)
✔ T16b no-bypass proof (generated implies canonical) (3.3285ms)
▶ T16b assembly gates (pins + requires + preload)
  ✔ serves generated artifacts with realistic requires (builtins 2 + state 1) (2.49725ms)
  ✔ rejects unknown requires capabilities at compat (0.820792ms)
  ✔ rejects unmet requires versions at the serving-contracts gate (0.668417ms)
  ✔ refuses incompatible descriptors at preload, before serving (1.133458ms)
✔ T16b assembly gates (pins + requires + preload) (5.230833ms)
▶ T17b read-policy transcription (PolicyTable grants)
  ✔ transcribes absent/empty read content to ZERO grants; rules mark ruled; malformed throws (1.404291ms)
  ✔ honors B7 public provenance; skew marks refuse loud (0.211458ms)
  ✔ reads model manifest entries defensively; malformed shapes fail loud (0.203375ms)
✔ T17b read-policy transcription (PolicyTable grants) (2.267541ms)
▶ T17b staged uniques netting (per key, call order)
  ✔ nets create+remove to a bare release and keeps remove+recreate whole (0.846208ms)
✔ T17b staged uniques netting (per key, call order) (1.03625ms)
▶ T17b staged write collapse (one net write per row)
  ✔ folds multi-touch sequences to the committable net shape (0.399083ms)
✔ T17b staged write collapse (one net write per row) (0.492458ms)
▶ T17b staged overlay (staged wins, removes mask, read-only)
  ✔ merges staged rows over the store and refuses filtered fetches + commits (0.854958ms)
✔ T17b staged overlay (staged wins, removes mask, read-only) (0.970125ms)
▶ T17b retired direct paths (no scope fails loud)
  ✔ every data-plane call without a canonical scope throws naming the retirement (0.477375ms)
✔ T17b retired direct paths (no scope fails loud) (0.580333ms)
▶ T17b scenario staging (one atomic commit with receipt + history)
  ✔ stages create+set through the pipeline; reads see staged rows; receipt + history carry the scenario identity (31.943542ms)
  ✔ honors archive vs remove delete modes and excludes staged archives from reads (4.264584ms)
  ✔ rejects re-archiving with the B1 admission-parity verdict; staged writes roll back to a receipt-only revision (3.110042ms)
  ✔ refuses delete=none models with the engine message and persists nothing (2.018459ms)
✔ T17b scenario staging (one atomic commit with receipt + history) (41.538917ms)
▶ T17b records() refusals (unservable shapes fail loud, never mis-served)
  ✔ refuses where/order/limit/archived-include/authority-owner with validation texts (3.337417ms)
  ✔ attributes propagated engine failures to their true codes on the receipt (2.091083ms)
✔ T17b records() refusals (unservable shapes fail loud, never mis-served) (5.5345ms)
▶ T17b ruled reads (refuse loud; other serving stays up)
  ✔ refuses ruled-model reads at the router and in handlers while CRUD + public-marked reads serve (4.249959ms)
✔ T17b ruled reads (refuse loud; other serving stays up) (4.349708ms)
▶ T17b commit-guard scoping (migrated calls stage; direct commits trip + roll back)
  ✔ trips a direct commit mid-handler and rolls the staged writes back atomically (4.909375ms)
✔ T17b commit-guard scoping (migrated calls stage; direct commits trip + roll back) (4.993416ms)
▶ T17b rollback, replay, and fence convergence on the staged path
  ✔ rolls a mid-handler throw back to a receipt-only revision (3.048875ms)
  ✔ replays duplicate scenario delivery without re-running or duplicating (2.027708ms)
  ✔ converges concurrent scenarios on one row through the fence (no lost update) (2.756625ms)
✔ T17b rollback, replay, and fence convergence on the staged path (7.970667ms)
▶ T17b no-change stability on the staged path
  ✔ commits create plus empty patches with identical data and one version reservation (2.0105ms)
✔ T17b no-change stability on the staged path (2.081208ms)
▶ T17b staged uniques (netted pairs commit clean; live dupes conflict)
  ✔ lands no ghost claim for create+remove pairs; a later reuse of the key commits (2.6625ms)
  ✔ conflicts competing live claims at commit with no receipt and no revision move (1.778375ms)
✔ T17b staged uniques (netted pairs commit clean; live dupes conflict) (4.517167ms)
▶ T17b receipt defaults (keyed per write)
  ✔ records resolved defaults under <callIndex>:<model>.<field> (3.955833ms)
✔ T17b receipt defaults (keyed per write) (4.07125ms)
▶ T17b parent linkage (validated, staged, attributed)
  ✔ declared roots refuse ad-hoc parent linkage (B5); production linkage pins live in T32c (2.360541ms)
✔ T17b parent linkage (validated, staged, attributed) (2.471042ms)
▶ T17b stale revisions conflict (CRUD path, row untouched)
  ✔ conflicts a stale submitted version without touching the stored row (2.200167ms)
✔ T17b stale revisions conflict (CRUD path, row untouched) (2.281ms)
▶ T17b read posture (honored-public serves all; gateless denies empty; shapes validate closed)
  ✔ serves public-marked models to outsiders and anonymous callers with full rows (2.01125ms)
  ✔ denies gateless models with EMPTY records to every caller (B7 deny-with-empty) (2.065791ms)
  ✔ rejects unknown read inputs closed-shape and refuses reads without live membership (2.766125ms)
  ✔ refuses reads WITH descriptor inputs (no T04a filter vocabulary) (3.735833ms)
✔ T17b read posture (honored-public serves all; gateless denies empty; shapes validate closed) (10.80925ms)
▶ T17b read-policy preload (malformed and contradictory manifests refuse loud)
  ✔ refuses malformed model entries at preload (1.9285ms)
  ✔ refuses contradictory read policy across modules (0.700583ms)
  ✔ skips modules without a canApp registry when establishing read policy (0.474417ms)
✔ T17b read-policy preload (malformed and contradictory manifests refuse loud) (3.162083ms)
▶ flat field machines
  ✔ evaluates sequential edges against provisional states and preserves history (3.030292ms)
  ✔ rejects source mismatch without committing preceding successful effects (0.867959ms)
  ✔ checks edge operation identity separately from endpoints (0.285917ms)
  ✔ rejects plain set and CRUD-shaped patches, including same-value writes (0.412958ms)
  ✔ production create owns initial default and rejects supplied snapshots (0.223875ms)
  ✔ rejects transitions on create, remove, unknown fields and malformed metadata (0.628084ms)
  ✔ rejects each hook rewrite before a later hook can restore it (0.159083ms)
  ✔ rejects creation hooks and archive hooks changing the protected field (0.187ms)
  ✔ hook-staged secondary patches and forged transitions cannot bypass machines (0.314625ms)
  ✔ rejects incompatible stored snapshots instead of resetting them (0.205625ms)
  ✔ migration accepts valid snapshots but rejects unknown, null or missing state (0.32425ms)
  ✔ migration validation rejects incompatible retained rows before activation (1.4195ms)
  ✔ advertises the independently gated machine capability (0.173375ms)
  ✔ validates machine metadata on model construction (0.144125ms)
  ✔ keeps metadata through artifact intake and rejects nonenum/default drift (1.211042ms)
  ✔ actual CRUD initialization is default-owned and update bypass rejects (13.884833ms)
  ✔ canonical invocation commits once and replay skips transition execution (1.007875ms)
  ✔ producer requires canonical staging and carries explicit transition metadata (0.342875ms)
✔ flat field machines (25.862667ms)
ℹ tests 80
ℹ suites 31
ℹ pass 80
ℹ fail 0
ℹ cancelled 0
ℹ skipped 0
ℹ todo 0
ℹ duration_ms 247.946625
