{
  "status": "passed",
  "roleCases": 75,
  "requireCases": 55,
  "sourcePinMismatches": [],
  "canonical": {
    "artifactSha256": "2e4347ce06a284842a2500b3a7a9dc50f94e134d8f4af1bb5b9cbe2b3e2e994a",
    "admitted": {
      "result": {
        "status": "committed",
        "operation_id": "01a11857-fdf1-7c49-87b2-4367b3504d75",
        "deliveries": []
      }
    },
    "denied": {
      "error": {
        "code": "forbidden",
        "message": "This operation is not permitted for the caller.",
        "operation_id": "01a11857-fdf1-742f-8cad-7d02ba13c2ee",
        "retryable": false
      }
    },
    "deniedReplay": {
      "error": {
        "code": "forbidden",
        "message": "This operation is not permitted for the caller.",
        "operation_id": "01a11857-fdf1-742f-8cad-7d02ba13c2ee",
        "retryable": false
      }
    },
    "restored": {
      "result": {
        "status": "committed",
        "operation_id": "01a11857-fdf1-71fc-849a-2c0407f1f175",
        "deliveries": []
      }
    },
    "historicalDenial": {
      "result": {
        "status": "committed",
        "operation_id": "01a11857-fdf1-742f-8cad-7d02ba13c2ee",
        "deliveries": []
      }
    }
  }
}
