rustc 1.99.0 (b940084d7 2026-09-28)
binary: rustc
commit-hash: b940084d7eb6a299eb4bfeb8e34901bc051e7ac4
commit-date: 2026-09-28
host: x86_64-unknown-linux-gnu
release: 1.99.0
LLVM version: 23.1.1
cargo 1.99.0 (5f94df478 2026-08-27)
PRETTY_NAME="Debian GNU/Linux 13 (trixie)"
NAME="Debian GNU/Linux"
VERSION_ID="13"
VERSION="13 (trixie)"
VERSION_CODENAME=trixie
DEBIAN_VERSION_FULL=13.7
ID=debian
HOME_URL="https://www.debian.org/"
SUPPORT_URL="https://www.debian.org/support"
BUG_REPORT_URL="https://bugs.debian.org/"
   Compiling serde v1.0.229
   Compiling serde_json v1.0.151
   Compiling bitflags v1.3.2
   Compiling fluent-uri v0.1.4
   Compiling serde_repr v0.1.21
   Compiling canlang-compiler v0.1.0 (/profile/current/compiler)
   Compiling lsp-types v0.97.0
    Finished `release` profile [optimized] target(s) in 2m 06s
can 0.1.0 (commit unknown; language 1.0; schema 1)
canlang-compiler v0.1.0 (/profile/current/compiler)
├── lsp-types v0.97.0
│   ├── bitflags feature "default"
│   │   └── bitflags v1.3.2
│   ├── fluent-uri feature "default"
│   │   ├── fluent-uri v0.1.4
│   │   │   └── bitflags feature "default" (*)
│   │   └── fluent-uri feature "std"
│   │       └── fluent-uri v0.1.4 (*)
│   ├── serde feature "default"
│   │   ├── serde v1.0.229
│   │   │   ├── serde_core feature "result"
│   │   │   │   └── serde_core v1.0.229
│   │   │   └── serde_derive feature "default"
│   │   │       └── serde_derive v1.0.229 (proc-macro)
│   │   │           ├── proc-macro2 feature "proc-macro"
│   │   │           │   └── proc-macro2 v1.0.107
│   │   │           │       └── unicode-ident feature "default"
│   │   │           │           └── unicode-ident v1.0.26
│   │   │           ├── quote feature "proc-macro"
│   │   │           │   ├── quote v1.0.47
│   │   │           │   │   └── proc-macro2 v1.0.107 (*)
│   │   │           │   └── proc-macro2 feature "proc-macro" (*)
│   │   │           ├── syn feature "clone-impls"
│   │   │           │   └── syn v3.0.6
│   │   │           │       ├── proc-macro2 v1.0.107 (*)
│   │   │           │       ├── quote v1.0.47 (*)
│   │   │           │       └── unicode-ident feature "default" (*)
│   │   │           ├── syn feature "derive"
│   │   │           │   └── syn v3.0.6 (*)
│   │   │           ├── syn feature "parsing"
│   │   │           │   └── syn v3.0.6 (*)
│   │   │           ├── syn feature "printing"
│   │   │           │   └── syn v3.0.6 (*)
│   │   │           └── syn feature "proc-macro"
│   │   │               ├── syn v3.0.6 (*)
│   │   │               ├── proc-macro2 feature "proc-macro" (*)
│   │   │               └── quote feature "proc-macro" (*)
│   │   └── serde feature "std"
│   │       ├── serde v1.0.229 (*)
│   │       └── serde_core feature "std"
│   │           └── serde_core v1.0.229
│   ├── serde feature "derive"
│   │   ├── serde v1.0.229 (*)
│   │   └── serde feature "serde_derive"
│   │       └── serde v1.0.229 (*)
│   ├── serde_json feature "default"
│   │   ├── serde_json v1.0.151
│   │   │   ├── memchr v2.8.3
│   │   │   ├── serde_core v1.0.229
│   │   │   ├── itoa feature "default"
│   │   │   │   └── itoa v1.0.18
│   │   │   └── zmij feature "default"
│   │   │       └── zmij v1.0.23
│   │   └── serde_json feature "std"
│   │       ├── serde_json v1.0.151 (*)
│   │       ├── serde_core feature "std" (*)
│   │       └── memchr feature "std"
│   │           ├── memchr v2.8.3
│   │           └── memchr feature "alloc"
│   │               └── memchr v2.8.3
│   └── serde_repr feature "default"
│       └── serde_repr v0.1.21 (proc-macro)
│           ├── proc-macro2 feature "default"
│           │   ├── proc-macro2 v1.0.107 (*)
│           │   └── proc-macro2 feature "proc-macro" (*)
│           ├── quote feature "default"
│           │   ├── quote v1.0.47 (*)
│           │   └── quote feature "proc-macro" (*)
│           └── syn feature "default"
│               ├── syn v3.0.6 (*)
│               ├── syn feature "clone-impls" (*)
│               ├── syn feature "derive" (*)
│               ├── syn feature "parsing" (*)
│               ├── syn feature "printing" (*)
│               └── syn feature "proc-macro" (*)
├── sha2 v0.10.9
│   ├── cfg-if feature "default"
│   │   └── cfg-if v1.0.5
│   ├── cpufeatures feature "default"
│   │   └── cpufeatures v0.2.17
│   └── digest feature "default"
│       ├── digest v0.10.7
│       │   ├── block-buffer feature "default"
│       │   │   └── block-buffer v0.10.4
│       │   │       └── generic-array feature "default"
│       │   │           └── generic-array v0.14.7
│       │   │               └── typenum feature "default"
│       │   │                   └── typenum v1.20.1
│       │   │               [build-dependencies]
│       │   │               └── version_check feature "default"
│       │   │                   └── version_check v0.9.5
│       │   └── crypto-common feature "default"
│       │       └── crypto-common v0.1.7
│       │           ├── generic-array feature "default" (*)
│       │           ├── generic-array feature "more_lengths"
│       │           │   └── generic-array v0.14.7 (*)
│       │           └── typenum feature "default" (*)
│       └── digest feature "core-api"
│           ├── digest v0.10.7 (*)
│           └── digest feature "block-buffer"
│               └── digest v0.10.7 (*)
├── serde feature "derive" (*)
├── serde feature "std" (*)
├── serde_json feature "raw_value"
│   └── serde_json v1.0.151 (*)
├── serde_json feature "std" (*)
├── tempfile feature "getrandom"
│   └── tempfile v3.27.0
│       ├── getrandom v0.4.3
│       │   ├── libc v0.2.190
│       │   └── cfg-if feature "default" (*)
│       ├── fastrand feature "default"
│       │   ├── fastrand v2.5.0
│       │   └── fastrand feature "std"
│       │       ├── fastrand v2.5.0
│       │       └── fastrand feature "alloc"
│       │           └── fastrand v2.5.0
│       ├── once_cell feature "std"
│       │   ├── once_cell v1.21.4
│       │   └── once_cell feature "alloc"
│       │       ├── once_cell v1.21.4
│       │       └── once_cell feature "race"
│       │           └── once_cell v1.21.4
│       ├── rustix feature "default"
│       │   ├── rustix v1.1.5
│       │   │   ├── bitflags v2.13.2
│       │   │   ├── linux-raw-sys feature "auxvec"
│       │   │   │   └── linux-raw-sys v0.12.1
│       │   │   ├── linux-raw-sys feature "elf"
│       │   │   │   └── linux-raw-sys v0.12.1
│       │   │   ├── linux-raw-sys feature "errno"
│       │   │   │   └── linux-raw-sys v0.12.1
│       │   │   ├── linux-raw-sys feature "general"
│       │   │   │   └── linux-raw-sys v0.12.1
│       │   │   ├── linux-raw-sys feature "ioctl"
│       │   │   │   └── linux-raw-sys v0.12.1
│       │   │   └── linux-raw-sys feature "no_std"
│       │   │       └── linux-raw-sys v0.12.1
│       │   └── rustix feature "std"
│       │       ├── rustix v1.1.5 (*)
│       │       ├── rustix feature "alloc"
│       │       │   └── rustix v1.1.5 (*)
│       │       └── bitflags feature "std"
│       │           └── bitflags v2.13.2
│       └── rustix feature "fs"
│           └── rustix v1.1.5 (*)
└── url feature "std"
    ├── url v2.5.8
    │   ├── form_urlencoded feature "alloc"
    │   │   ├── form_urlencoded v1.2.2
    │   │   │   └── percent-encoding v2.3.2
    │   │   └── percent-encoding feature "alloc"
    │   │       └── percent-encoding v2.3.2
    │   ├── percent-encoding feature "alloc" (*)
    │   ├── idna feature "alloc"
    │   │   └── idna v1.1.0
    │   │       ├── idna_adapter feature "default"
    │   │       │   └── idna_adapter v1.2.2
    │   │       │       ├── icu_normalizer v2.3.0
    │   │       │       │   ├── icu_collections v2.3.0
    │   │       │       │   │   ├── displaydoc v0.2.7 (proc-macro)
    │   │       │       │   │   │   ├── proc-macro2 feature "default" (*)
    │   │       │       │   │   │   ├── quote feature "default" (*)
    │   │       │       │   │   │   └── syn feature "default" (*)
    │   │       │       │   │   ├── utf8_iter v1.0.4
    │   │       │       │   │   ├── potential_utf feature "zerovec"
    │   │       │       │   │   │   └── potential_utf v0.1.6
    │   │       │       │   │   │       └── zerovec v0.11.8
    │   │       │       │   │   │           ├── yoke v0.8.3
    │   │       │       │   │   │           │   ├── stable_deref_trait v1.2.1
    │   │       │       │   │   │           │   ├── yoke-derive v0.8.2 (proc-macro)
    │   │       │       │   │   │           │   │   ├── proc-macro2 feature "default" (*)
    │   │       │       │   │   │           │   │   ├── quote feature "default" (*)
    │   │       │       │   │   │           │   │   ├── syn feature "default"
    │   │       │       │   │   │           │   │   │   ├── syn v2.0.119
    │   │       │       │   │   │           │   │   │   │   ├── proc-macro2 v1.0.107 (*)
    │   │       │       │   │   │           │   │   │   │   ├── quote v1.0.47 (*)
    │   │       │       │   │   │           │   │   │   │   └── unicode-ident feature "default" (*)
    │   │       │       │   │   │           │   │   │   ├── syn feature "clone-impls"
    │   │       │       │   │   │           │   │   │   │   └── syn v2.0.119 (*)
    │   │       │       │   │   │           │   │   │   ├── syn feature "derive"
    │   │       │       │   │   │           │   │   │   │   └── syn v2.0.119 (*)
    │   │       │       │   │   │           │   │   │   ├── syn feature "parsing"
    │   │       │       │   │   │           │   │   │   │   └── syn v2.0.119 (*)
    │   │       │       │   │   │           │   │   │   ├── syn feature "printing"
    │   │       │       │   │   │           │   │   │   │   └── syn v2.0.119 (*)
    │   │       │       │   │   │           │   │   │   └── syn feature "proc-macro"
    │   │       │       │   │   │           │   │   │       ├── syn v2.0.119 (*)
    │   │       │       │   │   │           │   │   │       ├── proc-macro2 feature "proc-macro" (*)
    │   │       │       │   │   │           │   │   │       └── quote feature "proc-macro" (*)
    │   │       │       │   │   │           │   │   ├── syn feature "fold"
    │   │       │       │   │   │           │   │   │   └── syn v2.0.119 (*)
    │   │       │       │   │   │           │   │   └── synstructure feature "default"
    │   │       │       │   │   │           │   │       ├── synstructure v0.13.2
    │   │       │       │   │   │           │   │       │   ├── proc-macro2 v1.0.107 (*)
    │   │       │       │   │   │           │   │       │   ├── quote v1.0.47 (*)
    │   │       │       │   │   │           │   │       │   ├── syn feature "clone-impls" (*)
    │   │       │       │   │   │           │   │       │   ├── syn feature "derive" (*)
    │   │       │       │   │   │           │   │       │   ├── syn feature "extra-traits"
    │   │       │       │   │   │           │   │       │   │   └── syn v2.0.119 (*)
    │   │       │       │   │   │           │   │       │   ├── syn feature "parsing" (*)
    │   │       │       │   │   │           │   │       │   ├── syn feature "printing" (*)
    │   │       │       │   │   │           │   │       │   └── syn feature "visit"
    │   │       │       │   │   │           │   │       │       └── syn v2.0.119 (*)
    │   │       │       │   │   │           │   │       └── synstructure feature "proc-macro"
    │   │       │       │   │   │           │   │           ├── synstructure v0.13.2 (*)
    │   │       │       │   │   │           │   │           ├── proc-macro2 feature "proc-macro" (*)
    │   │       │       │   │   │           │   │           ├── quote feature "proc-macro" (*)
    │   │       │       │   │   │           │   │           └── syn feature "proc-macro" (*)
    │   │       │       │   │   │           │   └── zerofrom v0.1.8
    │   │       │       │   │   │           │       └── zerofrom-derive v0.1.8 (proc-macro)
    │   │       │       │   │   │           │           ├── proc-macro2 feature "default" (*)
    │   │       │       │   │   │           │           ├── quote feature "default" (*)
    │   │       │       │   │   │           │           ├── syn feature "default" (*)
    │   │       │       │   │   │           │           ├── syn feature "fold"
    │   │       │       │   │   │           │           │   └── syn v3.0.6 (*)
    │   │       │       │   │   │           │           ├── syn feature "visit"
    │   │       │       │   │   │           │           │   └── syn v3.0.6 (*)
    │   │       │       │   │   │           │           └── synstructure feature "default"
    │   │       │       │   │   │           │               ├── synstructure v0.14.0
    │   │       │       │   │   │           │               │   ├── proc-macro2 v1.0.107 (*)
    │   │       │       │   │   │           │               │   ├── quote v1.0.47 (*)
    │   │       │       │   │   │           │               │   ├── syn feature "clone-impls" (*)
    │   │       │       │   │   │           │               │   ├── syn feature "derive" (*)
    │   │       │       │   │   │           │               │   ├── syn feature "extra-traits"
    │   │       │       │   │   │           │               │   │   └── syn v3.0.6 (*)
    │   │       │       │   │   │           │               │   ├── syn feature "parsing" (*)
    │   │       │       │   │   │           │               │   ├── syn feature "printing" (*)
    │   │       │       │   │   │           │               │   └── syn feature "visit" (*)
    │   │       │       │   │   │           │               └── synstructure feature "proc-macro"
    │   │       │       │   │   │           │                   ├── synstructure v0.14.0 (*)
    │   │       │       │   │   │           │                   ├── proc-macro2 feature "proc-macro" (*)
    │   │       │       │   │   │           │                   ├── quote feature "proc-macro" (*)
    │   │       │       │   │   │           │                   └── syn feature "proc-macro" (*)
    │   │       │       │   │   │           ├── zerofrom v0.1.8 (*)
    │   │       │       │   │   │           └── zerovec-derive v0.11.6 (proc-macro)
    │   │       │       │   │   │               ├── proc-macro2 feature "default" (*)
    │   │       │       │   │   │               ├── quote feature "default" (*)
    │   │       │       │   │   │               ├── syn feature "default" (*)
    │   │       │       │   │   │               └── syn feature "extra-traits" (*)
    │   │       │       │   │   ├── zerovec feature "derive"
    │   │       │       │   │   │   └── zerovec v0.11.8 (*)
    │   │       │       │   │   ├── zerovec feature "yoke"
    │   │       │       │   │   │   └── zerovec v0.11.8 (*)
    │   │       │       │   │   ├── yoke feature "derive"
    │   │       │       │   │   │   ├── yoke v0.8.3 (*)
    │   │       │       │   │   │   ├── yoke feature "zerofrom"
    │   │       │       │   │   │   │   └── yoke v0.8.3 (*)
    │   │       │       │   │   │   └── zerofrom feature "derive"
    │   │       │       │   │   │       └── zerofrom v0.1.8 (*)
    │   │       │       │   │   └── zerofrom feature "derive" (*)
    │   │       │       │   ├── icu_normalizer_data v2.3.0
    │   │       │       │   ├── icu_provider v2.3.1
    │   │       │       │   │   ├── displaydoc v0.2.7 (proc-macro) (*)
    │   │       │       │   │   ├── icu_locale_core v2.3.0
    │   │       │       │   │   │   ├── displaydoc v0.2.7 (proc-macro) (*)
    │   │       │       │   │   │   ├── litemap v0.8.3
    │   │       │       │   │   │   ├── tinystr v0.8.4
    │   │       │       │   │   │   │   ├── displaydoc v0.2.7 (proc-macro) (*)
    │   │       │       │   │   │   │   └── zerovec v0.11.8 (*)
    │   │       │       │   │   │   ├── writeable v0.6.4
    │   │       │       │   │   │   └── zerovec v0.11.8 (*)
    │   │       │       │   │   ├── writeable v0.6.4
    │   │       │       │   │   ├── zerotrie v0.2.5
    │   │       │       │   │   │   ├── displaydoc v0.2.7 (proc-macro) (*)
    │   │       │       │   │   │   ├── zerofrom v0.1.8 (*)
    │   │       │       │   │   │   └── yoke feature "derive" (*)
    │   │       │       │   │   ├── zerovec feature "derive" (*)
    │   │       │       │   │   ├── yoke feature "derive" (*)
    │   │       │       │   │   └── zerofrom feature "derive" (*)
    │   │       │       │   ├── smallvec v1.16.2
    │   │       │       │   └── zerovec v0.11.8 (*)
    │   │       │       └── icu_properties v2.3.0
    │   │       │           ├── displaydoc v0.2.7 (proc-macro) (*)
    │   │       │           ├── icu_collections v2.3.0 (*)
    │   │       │           ├── icu_properties_data v2.3.0
    │   │       │           ├── icu_provider v2.3.1 (*)
    │   │       │           ├── zerovec feature "derive" (*)
    │   │       │           ├── zerovec feature "yoke" (*)
    │   │       │           ├── icu_locale_core feature "zerovec"
    │   │       │           │   ├── icu_locale_core v2.3.0 (*)
    │   │       │           │   └── tinystr feature "zerovec"
    │   │       │           │       └── tinystr v0.8.4 (*)
    │   │       │           ├── zerotrie feature "yoke"
    │   │       │           │   └── zerotrie v0.2.5 (*)
    │   │       │           └── zerotrie feature "zerofrom"
    │   │       │               └── zerotrie v0.2.5 (*)
    │   │       ├── utf8_iter feature "default"
    │   │       │   └── utf8_iter v1.0.4
    │   │       ├── smallvec feature "const_generics"
    │   │       │   └── smallvec v1.16.2
    │   │       └── smallvec feature "default"
    │   │           └── smallvec v1.16.2
    │   └── idna feature "compiled_data"
    │       ├── idna v1.1.0 (*)
    │       └── idna_adapter feature "compiled_data"
    │           ├── idna_adapter v1.2.2 (*)
    │           ├── icu_normalizer feature "compiled_data"
    │           │   ├── icu_normalizer v2.3.0 (*)
    │           │   └── icu_provider feature "baked"
    │           │       └── icu_provider v2.3.1 (*)
    │           └── icu_properties feature "compiled_data"
    │               ├── icu_properties v2.3.0 (*)
    │               └── icu_provider feature "baked" (*)
    ├── form_urlencoded feature "std"
    │   ├── form_urlencoded v1.2.2 (*)
    │   ├── form_urlencoded feature "alloc" (*)
    │   └── percent-encoding feature "std"
    │       ├── percent-encoding v2.3.2
    │       └── percent-encoding feature "alloc" (*)
    ├── percent-encoding feature "std" (*)
    └── idna feature "std"
        ├── idna v1.1.0 (*)
        └── idna feature "alloc" (*)
   Compiling serde v1.0.229
   Compiling serde_json v1.0.151
   Compiling bitflags v1.3.2
   Compiling fluent-uri v0.1.4
   Compiling serde_repr v0.1.21
   Compiling canlang-compiler v0.1.0 (/profile/current/compiler)
   Compiling lsp-types v0.97.0
    Finished `test` profile [unoptimized + debuginfo] target(s) in 58.50s
     Running unittests src/lib.rs (linux-target/debug/deps/canlang_compiler-c5cebc10aaeb1af5)

running 30 tests
test lsp::server::tests::completion_kind_names_map_to_lsp_integers ... ok
test lsp::server::tests::exit_without_shutdown_is_an_error ... ok
test lsp::output::tests::uri_outputs_keep_original_spelling_on_both_paths ... ok
test lsp::output::tests::typed_envelope_keeps_id_and_all_control_escapes ... ok
test lsp::transport::tests::envelopes_reject_reserved_duplicates_and_preserve_safe_correlation ... ok
test lsp::transport::tests::exact_lsp_integers_accept_decimal_equivalents_without_rounding ... ok
test lsp::transport::tests::framing_counts_multibyte_unicode_as_bytes ... ok
test lsp::server::tests::uri_to_path_decodes_file_uris ... ok
test lsp::output::tests::action_groups_keep_versions_order_and_optional_edits ... ok
test lsp::transport::tests::framing_preserves_the_bare_lf_compatibility_extension ... ok
test lsp::transport::tests::framing_preserves_malformed_utf8_and_the_next_frame ... ok
test lsp::transport::tests::incomplete_utf8_sequence_stops_at_the_body_boundary ... ok
test lsp::transport::tests::framing_round_trip_with_split_reads ... ok
test lsp::transport::tests::json_round_trip_with_escapes_and_unicode ... ok
test lsp::transport::tests::framing_errors_are_invalid_data ... ok
test lsp::transport::tests::large_multibyte_string_parses_in_linear_time ... ok
test lsp::transport::tests::rpc_builders_shape ... ok
test lsp::server::tests::lifecycle_gates_requests_and_exit_codes ... ok
test lsp::server::tests::requests_after_shutdown_are_invalid ... ok
test lsp::transport::tests::malformed_content_length_values_rejected ... ok
test lsp::uri::tests::nonfile_and_unsupported_forms_keep_authored_identity ... ok
test lsp::transport::tests::surrogate_pairs_decode_and_lone_surrogates_fail ... ok
test source::tests::line_index_lsp_utf16 ... ok
test lsp::transport::tests::malformed_json_rejected ... ok
test lsp::uri::tests::unix_file_authority_and_exact_unicode_projection ... ok
test lsp::server::tests::invalid_notifications_and_initialize_leave_state_unchanged ... ok
test lsp::server::tests::out_of_range_positions_are_invalid_params ... ok
test lsp::server::tests::stub_requests_answer_empty ... ok
test lsp::server::tests::completion_response_carries_integer_kinds ... ok
test lsp::server::tests::identical_content_change_keeps_version_semantics ... ok

test result: ok. 30 passed; 0 failed; 0 ignored; 0 measured; 89 filtered out; finished in 0.20s

   Compiling canlang-compiler v0.1.0 (/profile/current/compiler)
error: couldn't read `tests/../../editors/vscode/test/lsp-capabilities.can`: No such file or directory (os error 2)
  --> tests/lsp_typed_output.rs:15:34
   |
15 | const CAPABILITY_FIXTURE: &str = include_str!("../../editors/vscode/test/lsp-capabilities.can");
   |                                  ^^^^^^^^^^^^^^^^^^^^^^^^^^^^^^^^^^^^^^^^^^^^^^^^^^^^^^^^^^^^^^

error: couldn't read `tests/../../editors/vscode/test/lsp-codeaction.can`: No such file or directory (os error 2)
  --> tests/lsp_typed_output.rs:16:30
   |
16 | const ACTION_FIXTURE: &str = include_str!("../../editors/vscode/test/lsp-codeaction.can");
   |                              ^^^^^^^^^^^^^^^^^^^^^^^^^^^^^^^^^^^^^^^^^^^^^^^^^^^^^^^^^^^^

error: could not compile `canlang-compiler` (test "lsp_typed_output") due to 2 previous errors
