TAP version 13
# Subtest: T16a loader: artifact slice to intake
    # Subtest: loads a T15a-shaped slice: registry ops, folded models, derived refs
    ok 1 - loads a T15a-shaped slice: registry ops, folded models, derived refs
      ---
      duration_ms: 1.715792
      type: 'test'
      ...
    # Subtest: derives engine-local refs from singular ref tags; skips array-of-ref
    ok 2 - derives engine-local refs from singular ref tags; skips array-of-ref
      ---
      duration_ms: 0.134209
      type: 'test'
      ...
    # Subtest: treats absent operations/models as empty, never as an error
    ok 3 - treats absent operations/models as empty, never as an error
      ---
      duration_ms: 0.058541
      type: 'test'
      ...
    # Subtest: rejects artifact_version mismatch precisely, never silently
    ok 4 - rejects artifact_version mismatch precisely, never silently
      ---
      duration_ms: 0.135125
      type: 'test'
      ...
    # Subtest: rejects contractVersion mismatch on intake-direct loads
    ok 5 - rejects contractVersion mismatch on intake-direct loads
      ---
      duration_ms: 0.089166
      type: 'test'
      ...
    # Subtest: rejects unknown operation kinds for the whole set
    ok 6 - rejects unknown operation kinds for the whole set
      ---
      duration_ms: 0.109208
      type: 'test'
      ...
    # Subtest: rejects unknown input kinds for the whole set
    ok 7 - rejects unknown input kinds for the whole set
      ---
      duration_ms: 0.092459
      type: 'test'
      ...
    # Subtest: rejects unknown default kinds
    ok 8 - rejects unknown default kinds
      ---
      duration_ms: 0.0855
      type: 'test'
      ...
    # Subtest: rejects dangling ref models and undescribed create models
    ok 9 - rejects dangling ref models and undescribed create models
      ---
      duration_ms: 0.200791
      type: 'test'
      ...
    # Subtest: rejects unexecutable update/delete shapes and composite uniques
    ok 10 - rejects unexecutable update/delete shapes and composite uniques
      ---
      duration_ms: 0.197
      type: 'test'
      ...
    # Subtest: rejects duplicates and bad enum intake on direct set loads
    ok 11 - rejects duplicates and bad enum intake on direct set loads
      ---
      duration_ms: 0.164125
      type: 'test'
      ...
    # Subtest: maps engine-local by/when policy per operation
    ok 12 - maps engine-local by/when policy per operation
      ---
      duration_ms: 0.171375
      type: 'test'
      ...
    1..12
ok 1 - T16a loader: artifact slice to intake
  ---
  duration_ms: 3.803875
  type: 'suite'
  ...
# Subtest: T16a join: generated calls through canonical admission
    # Subtest: admits a positive generated create to commit
    ok 1 - admits a positive generated create to commit
      ---
      duration_ms: 8.734792
      type: 'test'
      ...
    # Subtest: denies unauthorized callers without persisting a receipt
    ok 2 - denies unauthorized callers without persisting a receipt
      ---
      duration_ms: 0.702875
      type: 'test'
      ...
    # Subtest: ignores forged identity contents: the live membership store wins both ways
    ok 3 - ignores forged identity contents: the live membership store wins both ways
      ---
      duration_ms: 0.723208
      type: 'test'
      ...
    # Subtest: rejects malformed identity, stale identity, and trusted-without-source
    ok 4 - rejects malformed identity, stale identity, and trusted-without-source
      ---
      duration_ms: 0.519
      type: 'test'
      ...
    # Subtest: conflicts on stale versions and validates archived targets
    ok 5 - conflicts on stale versions and validates archived targets
      ---
      duration_ms: 2.207583
      type: 'test'
      ...
    # Subtest: unique violations conflict at commit without receipts and change nothing
    ok 6 - unique violations conflict at commit without receipts and change nothing
      ---
      duration_ms: 1.079417
      type: 'test'
      ...
    # Subtest: persists execute-time rejections and replays both outcomes exactly
    ok 7 - persists execute-time rejections and replays both outcomes exactly
      ---
      duration_ms: 0.878959
      type: 'test'
      ...
    # Subtest: routes generated reads away from invoke; scenarios admit through the seam
    ok 8 - routes generated reads away from invoke; scenarios admit through the seam
      ---
      duration_ms: 0.479958
      type: 'test'
      ...
    1..8
ok 2 - T16a join: generated calls through canonical admission
  ---
  duration_ms: 15.602917
  type: 'suite'
  ...
# Subtest: T16a generated CRUD: creates
    # Subtest: creates flat rows with id=operationId, defaults, and omit-to-empty arrays
    ok 1 - creates flat rows with id=operationId, defaults, and omit-to-empty arrays
      ---
      duration_ms: 11.118167
      type: 'test'
      ...
    # Subtest: rejects missing required, unknown members, and required arrays
    ok 2 - rejects missing required, unknown members, and required arrays
      ---
      duration_ms: 1.910584
      type: 'test'
      ...
    # Subtest: validates ref fields: missing, stale, and archived targets fail
    ok 3 - validates ref fields: missing, stale, and archived targets fail
      ---
      duration_ms: 2.40675
      type: 'test'
      ...
    1..3
ok 3 - T16a generated CRUD: creates
  ---
  duration_ms: 16.106292
  type: 'suite'
  ...
# Subtest: T16a generated CRUD: canonical model table
    # Subtest: preserves server-only enforcement at the model layer
    ok 1 - preserves server-only enforcement at the model layer
      ---
      duration_ms: 0.863042
      type: 'test'
      ...
    1..1
ok 4 - T16a generated CRUD: canonical model table
  ---
  duration_ms: 1.005625
  type: 'suite'
  ...
# Subtest: T16a generated CRUD: updates, deletes, whens
    # Subtest: updates partially (omission unchanged), versions fence, archives delete
    ok 1 - updates partially (omission unchanged), versions fence, archives delete
      ---
      duration_ms: 3.10825
      type: 'test'
      ...
    # Subtest: honors deleteMode none/remove and the disposal scan
    ok 2 - honors deleteMode none/remove and the disposal scan
      ---
      duration_ms: 2.425458
      type: 'test'
      ...
    # Subtest: enforces engine-local when preconditions with rejected receipts
    ok 3 - enforces engine-local when preconditions with rejected receipts
      ---
      duration_ms: 1.43025
      type: 'test'
      ...
    1..3
ok 5 - T16a generated CRUD: updates, deletes, whens
  ---
  duration_ms: 7.240667
  type: 'suite'
  ...
# Subtest: T16a generated CRUD: canonical projection
    # Subtest: reads observe committed state through the viewer query port
    ok 1 - reads observe committed state through the viewer query port
      ---
      duration_ms: 0.992417
      type: 'test'
      ...
    1..1
ok 6 - T16a generated CRUD: canonical projection
  ---
  duration_ms: 1.069167
  type: 'suite'
  ...
# Subtest: nullable singular refs through loaded generated CRUD
    # Subtest: fills omitted null, accepts explicit null and replays creation without another commit
    ok 1 - fills omitted null, accepts explicit null and replays creation without another commit
      ---
      duration_ms: 11.813667
      type: 'test'
      ...
    # Subtest: clears a current ref with one version bump; preserves update omission and stale refusal
    ok 2 - clears a current ref with one version bump; preserves update omission and stale refusal
      ---
      duration_ms: 3.966792
      type: 'test'
      ...
    1..2
ok 7 - nullable singular refs through loaded generated CRUD
  ---
  duration_ms: 16.665875
  type: 'suite'
  ...
# Subtest: direct pipeline null boundaries (hand-built controls)
    # Subtest: requires an own top-level nullable singular field; leaves other refusals unchanged
    ok 1 - requires an own top-level nullable singular field; leaves other refusals unchanged
      ---
      duration_ms: 0.910833
      type: 'test'
      ...
    1..1
ok 8 - direct pipeline null boundaries (hand-built controls)
  ---
  duration_ms: 1.009334
  type: 'suite'
  ...
# Subtest: T18 fixture genuineness + loader channels
    # Subtest: binds the embedded artifact to its source and carries init tokens
    ok 1 - binds the embedded artifact to its source and carries init tokens
      ---
      duration_ms: 0.84975
      type: 'test'
      ...
    # Subtest: synthesizes the parent input on child creates only
    ok 2 - synthesizes the parent input on child creates only
      ---
      duration_ms: 0.123333
      type: 'test'
      ...
    # Subtest: rejects computed server inits whole-set (hand-mutated copy)
    ok 3 - rejects computed server inits whole-set (hand-mutated copy)
      ---
      duration_ms: 0.554
      type: 'test'
      ...
    # Subtest: rejects unknown init tokens (hand-mutated copy)
    ok 4 - rejects unknown init tokens (hand-mutated copy)
      ---
      duration_ms: 0.1285
      type: 'test'
      ...
    # Subtest: tolerates bare server defaults: unspecified inits resolve nothing
    ok 5 - tolerates bare server defaults: unspecified inits resolve nothing
      ---
      duration_ms: 6.36725
      type: 'test'
      ...
    1..5
ok 9 - T18 fixture genuineness + loader channels
  ---
  duration_ms: 8.616708
  type: 'suite'
  ...
# Subtest: T18 creation evaluation order
    # Subtest: minimal create resolves literal/parent/null/array/server fills in order
    ok 1 - minimal create resolves literal/parent/null/array/server fills in order
      ---
      duration_ms: 1.206541
      type: 'test'
      ...
    # Subtest: caller values win over every fill; nothing is filled over
    ok 2 - caller values win over every fill; nothing is filled over
      ---
      duration_ms: 0.734583
      type: 'test'
      ...
    # Subtest: explicit null fails required and never triggers a fill
    ok 3 - explicit null fails required and never triggers a fill
      ---
      duration_ms: 1.738833
      type: 'test'
      ...
    # Subtest: required-array omission rejects; ordinary arrays omit to empty
    ok 4 - required-array omission rejects; ordinary arrays omit to empty
      ---
      duration_ms: 0.518125
      type: 'test'
      ...
    1..4
ok 10 - T18 creation evaluation order
  ---
  duration_ms: 4.404542
  type: 'suite'
  ...
# Subtest: T18 parent evaluation order
    # Subtest: child create links the parent and resolves parent-path defaults
    ok 1 - child create links the parent and resolves parent-path defaults
      ---
      duration_ms: 0.836208
      type: 'test'
      ...
    # Subtest: caller buddy wins over the parent-path default
    ok 2 - caller buddy wins over the parent-path default
      ---
      duration_ms: 1.454583
      type: 'test'
      ...
    # Subtest: parent linkage failures reject: missing, unknown, archived
    ok 3 - parent linkage failures reject: missing, unknown, archived
      ---
      duration_ms: 2.029708
      type: 'test'
      ...
    1..3
ok 11 - T18 parent evaluation order
  ---
  duration_ms: 4.487583
  type: 'suite'
  ...
# Subtest: T18 update omission + protected fields
    # Subtest: omission means unchanged: no fills, no re-evaluation on update
    ok 1 - omission means unchanged: no fills, no re-evaluation on update
      ---
      duration_ms: 0.917792
      type: 'test'
      ...
    # Subtest: empty patch commits unchanged data; explicit null stores on nullable
    ok 2 - empty patch commits unchanged data; explicit null stores on nullable
      ---
      duration_ms: 1.220834
      type: 'test'
      ...
    # Subtest: ordinary path rejects server-owned fields on create and update
    ok 3 - ordinary path rejects server-owned fields on create and update
      ---
      duration_ms: 2.548209
      type: 'test'
      ...
    1..3
ok 12 - T18 update omission + protected fields
  ---
  duration_ms: 4.923541
  type: 'suite'
  ...
# Subtest: T18 replay-once
    # Subtest: identical envelope replays the committed server values
    ok 1 - identical envelope replays the committed server values
      ---
      duration_ms: 1.006584
      type: 'test'
      ...
    # Subtest: fresh identities mint fresh secrets
    ok 2 - fresh identities mint fresh secrets
      ---
      duration_ms: 0.555375
      type: 'test'
      ...
    1..2
ok 13 - T18 replay-once
  ---
  duration_ms: 1.666875
  type: 'suite'
  ...
# Subtest: T18/R27 adopted rule: hooks adjust, callers never
    # Subtest: hooks observe resolved server values and may adjust them
    ok 1 - hooks observe resolved server values and may adjust them
      ---
      duration_ms: 0.573375
      type: 'test'
      ...
    1..1
ok 14 - T18/R27 adopted rule: hooks adjust, callers never
  ---
  duration_ms: 0.6385
  type: 'suite'
  ...
# Subtest: T18 model validation branches
    # Subtest: rejects unknown server inits, server+default doubles, bad nullable
    ok 1 - rejects unknown server inits, server+default doubles, bad nullable
      ---
      duration_ms: 0.269084
      type: 'test'
      ...
    1..1
ok 15 - T18 model validation branches
  ---
  duration_ms: 0.292167
  type: 'suite'
  ...
# Subtest: admit
    # Subtest: admits valid record + scalar inputs with refs, rows, revision, and hash
    ok 1 - admits valid record + scalar inputs with refs, rows, revision, and hash
      ---
      duration_ms: 11.802416
      type: 'test'
      ...
    # Subtest: rejects an outsider on a members-gated operation with forbidden
    ok 2 - rejects an outsider on a members-gated operation with forbidden
      ---
      duration_ms: 0.523417
      type: 'test'
      ...
    # Subtest: rejects unknown closed-input members with validation and a fields path
    ok 3 - rejects unknown closed-input members with validation and a fields path
      ---
      duration_ms: 0.398708
      type: 'test'
      ...
    # Subtest: rejects a missing required input with validation and a fields path
    ok 4 - rejects a missing required input with validation and a fields path
      ---
      duration_ms: 0.523125
      type: 'test'
      ...
    # Subtest: rejects malformed record refs with validation
    ok 5 - rejects malformed record refs with validation
      ---
      duration_ms: 1.55625
      type: 'test'
      ...
    # Subtest: maps a missing row and a wrong-model load to not_found
    ok 6 - maps a missing row and a wrong-model load to not_found
      ---
      duration_ms: 1.313583
      type: 'test'
      ...
    # Subtest: maps stale (and ahead) submitted versions to conflict
    ok 7 - maps stale (and ahead) submitted versions to conflict
      ---
      duration_ms: 1.116041
      type: 'test'
      ...
    # Subtest: rejects a new reference to an archived row with validation
    ok 8 - rejects a new reference to an archived row with validation
      ---
      duration_ms: 0.336708
      type: 'test'
      ...
    # Subtest: replays a stored receipt without further checks
    ok 9 - replays a stored receipt without further checks
      ---
      duration_ms: 0.437791
      type: 'test'
      ...
    # Subtest: maps a receipt input-hash mismatch on a reused id to conflict
    ok 10 - maps a receipt input-hash mismatch on a reused id to conflict
      ---
      duration_ms: 0.426
      type: 'test'
      ...
    # Subtest: lets trusted kind skip a denied by
    ok 11 - lets trusted kind skip a denied by
      ---
      duration_ms: 0.27
      type: 'test'
      ...
    # Subtest: denies a membership revoked after the identity snapshot with forbidden
    ok 12 - denies a membership revoked after the identity snapshot with forbidden
      ---
      duration_ms: 0.22825
      type: 'test'
      ...
    # Subtest: replays a live receipt for an identity older than 24h
    ok 13 - replays a live receipt for an identity older than 24h
      ---
      duration_ms: 0.255375
      type: 'test'
      ...
    # Subtest: rejects an unseen identity older than 24h with validation
    ok 14 - rejects an unseen identity older than 24h with validation
      ---
      duration_ms: 0.133834
      type: 'test'
      ...
    # Subtest: replays after the caller loses authorization
    ok 15 - replays after the caller loses authorization
      ---
      duration_ms: 0.184542
      type: 'test'
      ...
    # Subtest: treats an omitted input as different from an explicit null
    ok 16 - treats an omitted input as different from an explicit null
      ---
      duration_ms: 0.181833
      type: 'test'
      ...
    # Subtest: propagates membership-lookup failures instead of denying
    ok 17 - propagates membership-lookup failures instead of denying
      ---
      duration_ms: 0.193833
      type: 'test'
      ...
    1..17
ok 16 - admit
  ---
  duration_ms: 20.909917
  type: 'suite'
  ...
# Subtest: V02.4 owned admission: prepared-inputs leaf
    # Subtest: prepares a data-only plan carrying the state-generated/v1 profile tag
    ok 1 - prepares a data-only plan carrying the state-generated/v1 profile tag
      ---
      duration_ms: 0.73075
      type: 'test'
      ...
    # Subtest: accepts presence-only scalars of every kind without value checks
    ok 2 - accepts presence-only scalars of every kind without value checks
      ---
      duration_ms: 0.153834
      type: 'test'
      ...
    # Subtest: admits positive versions up to 15 digits with safe-number conversion
    ok 3 - admits positive versions up to 15 digits with safe-number conversion
      ---
      duration_ms: 0.16625
      type: 'test'
      ...
    # Subtest: rejects non-canonical versions with invalid_version
    ok 4 - rejects non-canonical versions with invalid_version
      ---
      duration_ms: 0.207375
      type: 'test'
      ...
    # Subtest: requires versions on versioned refs but tolerates them on unversioned refs
    ok 5 - requires versions on versioned refs but tolerates them on unversioned refs
      ---
      duration_ms: 0.09275
      type: 'test'
      ...
    # Subtest: ignores extra members on record refs (extra-ref permissiveness)
    ok 6 - ignores extra members on record refs (extra-ref permissiveness)
      ---
      duration_ms: 0.0595
      type: 'test'
      ...
    # Subtest: rejects malformed refs with invalid_ref
    ok 7 - rejects malformed refs with invalid_ref
      ---
      duration_ms: 0.105667
      type: 'test'
      ...
    # Subtest: fills omitted optional ordinary arrays with a fresh array per call
    ok 8 - fills omitted optional ordinary arrays with a fresh array per call
      ---
      duration_ms: 0.082583
      type: 'test'
      ...
    # Subtest: returns a fresh unfrozen shallow copy and never mutates the caller inputs
    ok 9 - returns a fresh unfrozen shallow copy and never mutates the caller inputs
      ---
      duration_ms: 0.074916
      type: 'test'
      ...
    # Subtest: enforces array shape only for present non-null array-marked values
    ok 10 - enforces array shape only for present non-null array-marked values
      ---
      duration_ms: 0.100917
      type: 'test'
      ...
    # Subtest: does not fill omissions for required array markers
    ok 11 - does not fill omissions for required array markers
      ---
      duration_ms: 0.057125
      type: 'test'
      ...
    # Subtest: never fills operation defaults: defaults stay host-owned
    ok 12 - never fills operation defaults: defaults stay host-owned
      ---
      duration_ms: 0.057584
      type: 'test'
      ...
    # Subtest: aggregates unknown, required, array, ref, and version errors in current order
    ok 13 - aggregates unknown, required, array, ref, and version errors in current order
      ---
      duration_ms: 0.068875
      type: 'test'
      ...
    # Subtest: refuses interim defs: hand-built descriptors carry no proven provenance
    ok 14 - refuses interim defs: hand-built descriptors carry no proven provenance
      ---
      duration_ms: 0.171958
      type: 'test'
      ...
    # Subtest: leaves interim input identity unchanged through the shared oracle
    ok 15 - leaves interim input identity unchanged through the shared oracle
      ---
      duration_ms: 0.148625
      type: 'test'
      ...
    # Subtest: copies plan metadata: post-registration source mutation cannot alter the plan
    ok 16 - copies plan metadata: post-registration source mutation cannot alter the plan
      ---
      duration_ms: 0.066542
      type: 'test'
      ...
    # Subtest: builds fresh plans per registry load: no hashless cache by operation name
    ok 17 - builds fresh plans per registry load: no hashless cache by operation name
      ---
      duration_ms: 0.387083
      type: 'test'
      ...
    # Subtest: attaches prepared plans through the artifact join with frozen rules
    ok 18 - attaches prepared plans through the artifact join with frozen rules
      ---
      duration_ms: 0.383292
      type: 'test'
      ...
    # Subtest: matches the current-TS oracle exactly across a valid/invalid matrix
    ok 19 - matches the current-TS oracle exactly across a valid/invalid matrix
      ---
      duration_ms: 0.996291
      type: 'test'
      ...
    # Subtest: prepares directly from a descriptor plus array markers
    ok 20 - prepares directly from a descriptor plus array markers
      ---
      duration_ms: 0.041291
      type: 'test'
      ...
    # Subtest: registers nothing on whole-set rejection: no partial prepared plan escapes
    ok 21 - registers nothing on whole-set rejection: no partial prepared plan escapes
      ---
      duration_ms: 0.062333
      type: 'test'
      ...
    1..21
ok 17 - V02.4 owned admission: prepared-inputs leaf
  ---
  duration_ms: 4.947042
  type: 'suite'
  ...
# Subtest: checked nullable singular-ref admission
    # Subtest: retains explicit null without a pending ref, and leaves omission absent
    ok 1 - retains explicit null without a pending ref, and leaves omission absent
      ---
      duration_ms: 0.265209
      type: 'test'
      ...
    # Subtest: keeps non-null reference/version checks and aggregate error order
    ok 2 - keeps non-null reference/version checks and aggregate error order
      ---
      duration_ms: 0.250666
      type: 'test'
      ...
    # Subtest: does not infer nullability from optional, false/non-true, inherited, or array metadata
    ok 3 - does not infer nullability from optional, false/non-true, inherited, or array metadata
      ---
      duration_ms: 0.31525
      type: 'test'
      ...
    # Subtest: preserves own proof for special input names without prototype array markers
    ok 4 - preserves own proof for special input names without prototype array markers
      ---
      duration_ms: 0.158834
      type: 'test'
      ...
    # Subtest: copies intake-direct proof and rejects bad associations as whole-set errors
    ok 5 - copies intake-direct proof and rejects bad associations as whole-set errors
      ---
      duration_ms: 0.763583
      type: 'test'
      ...
    1..5
ok 18 - checked nullable singular-ref admission
  ---
  duration_ms: 1.868333
  type: 'suite'
  ...
# Subtest: typed secrets travel beside canonical descriptors, while actor/now stamps stay ordinary fields
ok 19 - typed secrets travel beside canonical descriptors, while actor/now stamps stay ordinary fields
  ---
  duration_ms: 3.239667
  type: 'test'
  ...
# Subtest: arrays and own-key names carry explicit secret tags; unknown nested tags are not guessed
ok 20 - arrays and own-key names carry explicit secret tags; unknown nested tags are not guessed
  ---
  duration_ms: 0.320041
  type: 'test'
  ...
# Subtest: legacy missing additive tags remain supported, inherited tags never prove secrecy
ok 21 - legacy missing additive tags remain supported, inherited tags never prove secrecy
  ---
  duration_ms: 0.378833
  type: 'test'
  ...
# Subtest: duplicate fields and malformed ordinary envelopes still reject the complete artifact
ok 22 - duplicate fields and malformed ordinary envelopes still reject the complete artifact
  ---
  duration_ms: 0.300875
  type: 'test'
  ...
1..22
# tests 97
# suites 18
# pass 97
# fail 0
# cancelled 0
# skipped 0
# todo 0
# duration_ms 85.631792
