   Compiling canlang-compiler v0.1.0 (/Users/vince/Projects/canlang/compiler)
    Finished `test` profile [unoptimized + debuginfo] target(s) in 5.88s
     Running tests/authoring.rs (compiler/target/debug/deps/authoring-d007f01d6ce3750e)

running 30 tests
test cli_fmt_missing_file_is_tool_failure ... ok
test cli_check_rejects_missing_operand_and_unreadable_file ... ok
test cli_every_subcommand_answers_help ... ok
test cli_format_flag_rejected_where_it_does_nothing ... ok
test cli_compile_with_stub_reports_e7001 ... ok
test cli_check_like_commands_exit_10_on_errors ... ok
test cli_explain_json_shape_and_unknown_code ... ok
test cli_check_like_commands_emit_envelope_json ... ok
test cli_help_and_version ... ok
test cli_lsp_returns_stdio_flag ... ok
test cli_thin_entries_report_missing_producer ... ok
test cli_fmt_parse_failure_reports_envelope_and_writes_nothing ... ok
test cli_unknown_command_and_flags_are_tool_failures ... ok
test cli_unknown_command_with_help_is_still_a_tool_failure ... ok
test cli_lint_operand_errors_are_tool_failures ... ok
test cli_fmt_check_clean_and_drift ... ok
test server_ignores_incremental_only_changes ... ok
test server_publishes_nothing_after_close ... ok
test cli_fmt_rewrites_files_in_place ... ok
test explain_e1xxx_valid_examples_parse_clean ... ok
test server_publishes_only_current_versions ... ok
test transport_json_values_round_trip ... ok
test transport_framing_round_trip_with_split_reads ... ok
test server_reports_method_not_found ... ok
test cli_lint_analysis_errors_exit_10_without_findings ... ok
test cli_lint_clean_file_reports_empty_envelope ... ok
test cli_lint_reports_findings_and_exits_zero ... ok
test cli_compile_teamtasks_reports_emission_diagnostics ... ok
test cli_thin_entries_passthrough_args_and_exit_codes ... ok
test explain_round_trips_every_emitted_code ... ok

test result: ok. 30 passed; 0 failed; 0 ignored; 0 measured; 0 filtered out; finished in 0.26s

