   Compiling canlang-compiler v0.1.0 (/Users/vince/Projects/canlang/compiler)
    Finished `test` profile [unoptimized + debuginfo] target(s) in 3.03s
     Running tests/foundation.rs (/private/tmp/canlang-compiler-pass5/debug/deps/foundation-95e1dabd3b4fd311)

running 7 tests
test diagnostic_empty_envelope_exact_bytes ... ok
test incomplete_analysis_says_so_in_text ... ok
test diagnostic_control_and_unicode_exact_bytes ... ok
test diagnostic_populated_envelope_exact_bytes_and_order ... ok
test line_index_handles_crlf_and_unicode ... ok
test source_hashes_are_stable_content_hashes ... ok
test diagnostic_envelope_round_trip_shape ... ok

test result: ok. 7 passed; 0 failed; 0 ignored; 0 measured; 0 filtered out; finished in 0.00s

     Running tests/typed_diagnostics_cli.rs (/private/tmp/canlang-compiler-pass5/debug/deps/typed_diagnostics_cli-617c80425d44d3d4)

running 1 test
test check_lint_and_fmt_diagnostics_keep_schema_order_and_one_newline ... ok

test result: ok. 1 passed; 0 failed; 0 ignored; 0 measured; 0 filtered out; finished in 0.38s

     Running tests/typed_json.rs (/private/tmp/canlang-compiler-pass5/debug/deps/typed_json-886eb823fb8368ed)

running 4 tests
test raw_value_is_not_a_unicode_scalar_validator_and_input_parser_stays_strict ... ok
test serialization_errors_are_reported_without_fallback_output ... ok
test typed_order_omission_null_and_exact_strings ... ok
test qualified_raw_fragments_preserve_exact_scalar_spellings ... ok

test result: ok. 4 passed; 0 failed; 0 ignored; 0 measured; 0 filtered out; finished in 0.00s
