   Compiling canlang-compiler v0.1.0 (/Users/vince/Projects/canlang/compiler)
    Finished `test` profile [unoptimized + debuginfo] target(s) in 1.18s
     Running tests/analysis.rs (/private/tmp/canlang-compiler-pass1/debug/deps/analysis-f46a92ddf49c976b)

running 32 tests
test cli_catalog_flag_rejections ... ok
test e3009_entry_names_ctor_code ... ok
test c01_invalid_delivery_status_keeps_payload_diagnostics ... ok
test cli_real_pipeline_exit_codes_and_discipline ... ok
test cli_catalog_flag_forms ... ok
test duplicates ... ok
test catalog_missing_unavailable_and_helper_misuse ... ok
test call_on_action_reports_missing ... ok
test fixture_mime_and_quoted_locale_keys ... ok
test explain_round_trip_loader_codes ... ok
test lane05_component_shape ... ok
test imports_and_visibility ... ok
test invocation_type_position ... ok
test c01_invalid_strings_do_not_fabricate_values_or_hide_siblings ... ok
test invocation_result_type_and_call ... ok
test message_calls_against_real_catalog ... ok
test invocation_constructor_complete_inputs ... ok
test c01_decoded_strings_reach_analysis_callers ... ok
test real_catalog_end_to_end ... ok
test read_scenarios_rejected_as_action_targets ... ok
test ui_row_enum_cases_claim ... ok
test lane05_component_shape_gaps ... ok
test suffix_bang_and_default_order ... ok
test operator_matrix ... ok
test ui_transparent_groups_resolve ... ok
test unknown_names_and_cascade_suppression ... ok
test signature_shape_gaps ... ok
test expense_flow_checks_clean_with_implemented_sum ... ok
test team_tasks_checks_clean ... ok
test valid_corpus_checks_clean ... ok
test explain_round_trip_source_codes ... ok
test draft_outcome_table ... ok

test result: ok. 32 passed; 0 failed; 0 ignored; 0 measured; 0 filtered out; finished in 1.40s

     Running tests/b4_check.rs (/private/tmp/canlang-compiler-pass1/debug/deps/b4_check-134c66e4a657c6d8)

running 279 tests
test a3_page_title_missing_e1204 ... ok
test a5_s1_id_version_descent_rejected ... ok
test a5_s1_ui_columns_accept_id_version ... ok
test a5_s4_ui_columns_reference_interior_e4012 ... ok
test a3_page_title_present_clean ... ok
test a5_s4_ui_filter_reserved_reference_e4012 ... ok
test a5_s3_opaque_known_leaf_nonterminal_e2013 ... ok
test a3_order_key_ordered_clean ... ok
test a3_order_key_nullable_datetime_clean ... ok
test a3_order_key_unordered_e3006 ... ok
test d02b_dynamic_stays_parse_only ... ok
test d02b_attached_hash_feeds_slot ... ok
test d02b_inline_empty_is_present ... ok
test d02b_attached_reference_resolves ... ok
test d02b_bad_locale_rejected ... ok
test d02b_inline_variants_ordered ... ok
test d02b_label_after_desc_still_decodes ... ok
test d02b_legacy_annotation_adapts ... ok
test d02b_parameterized_call_stays_parse_only ... ok
test d02b_member_past_message_rejected ... ok
test d02b_record_query_stays_parse_only ... ok
test d02b_inline_plain_on_field_and_param ... ok
test d02b_message_reference_resolves_wording ... ok
test d02b_non_message_reference_rejected ... ok
test auth_narrowing_by_role ... ok
test d02b_message_reference_cross_module_lang ... ok
test auth_no_narrowing_by_public ... ok
test d02b_parameterized_message_rejected ... ok
test auth_narrowing_policy_where ... ok
test d02b_source_repeat_rejected ... ok
test d02b_unresolved_reference_rejected ... ok
test delivery_leaf_descent_past_leaf_errors ... ok
test local_event_unknown_member_errors ... ok
test empty_array_unifies ... ok
test delivery_leaf_in_policy_fields ... ok
test delivery_leaf_in_ui_columns ... ok
test local_capability_receipt_clean ... ok
test derived_field_not_required ... ok
test local_event_payload_typed ... ok
test format_descriptor_with_null_locale ... ok
test explain_e3019_round_trip ... ok
test opaque_receipt_fixture ... ok
test t05_chat_require_chain ... ok
test opaque_receipt_send ... ok
test t05_ic1_nullable_arg ... ok
test t05_contract_invariant_or ... ok
test t05_decl_shadow_separation ... ok
test t05_decl_alias_separation ... ok
test t05_check_require_lookup ... ok
test t05_affiliate_if_else ... ok
test t05_ic1_unguarded_member ... ok
test t05_catch_or_chain_require ... ok
test t05_approve_and_send_when ... ok
test t05_ic3_or_null_arm ... ok
test t05_ic2_earlier_conjunct ... ok
test t05_ic4_set_invalidates_path ... ok
test t05_ic6_nullable_domain ... ok
test t05_ic6_body_fact_no_escape ... ok
test t05_ic3_or_sibling_no_leak ... ok
test t05_ic5_post_join_no_fact ... ok
test t05_ic5_contradictory_branches ... ok
test t05_ic2_read_before_guard ... ok
test t05_ic4_send_invalidates_path ... ok
test t05_ic7_safe_access_eq_null ... ok
test t05_ic7_safe_access_eq_value ... ok
test t05_presence_other_subject_no_actor ... ok
test t06_bounded_read_stays_gated ... ok
test t05_presence_sibling_no_leak ... ok
test t05_ic7_safe_access_null_test ... ok
test t06_by_not_public_admits ... ok
test t05_ic8_cross_scenario_no_leak ... ok
test t05_shorthand_reads_fact ... ok
test t05_nested_and_or ... ok
test t05_reversed_parens_not ... ok
test t06_by_or_of_roles_admits ... ok
test t06_composite_policy_and_admits ... ok
test t06_crud_by_to_when_admits ... ok
test t06_if_branch_admits ... ok
test t06_composite_policy_or_admits_where ... ok
test t06_no_leak_require_role_on_other_subject ... ok
test t06_composite_policy_nested_admits_where ... ok
test t06_no_leak_by_role_on_other_subject ... ok
test t06_no_leak_derive_call_never_admits ... ok
test t06_crud_public_when_rejected ... ok
test t06_or_with_public_rejected ... ok
test t06_preauthorization_default_rejected ... ok
test t06_role_call_on_caller_admits_body ... ok
test t06_public_guard_use_rejected ... ok
test t06_trusted_actor_stays_null ... ok
test t06_require_chain_admits ... ok
test t06_require_carries_admission ... ok
test t07_alias_second_handle_keeps_no_facts ... ok
test t07_for_item_inherits_where ... ok
test t07_for_body_set_drops_item_fact ... ok
test t07_for_select_blocks_item_remap ... ok
test t07_list_body_names_alias ... ok
test t07_table_row_inherits_where ... ok
test t07_table_select_blocks_row_remap ... ok
test t07_nested_inner_keeps_no_outward_facts ... ok
test t07_outer_require_flows_into_select ... ok
test t07_table_select_keeps_alias_facts ... ok
test t07_where_narrows_select_element ... ok
test t07_where_narrows_select_deref ... ok
test t07_outer_where_flows_into_nested_select ... ok
test t08_crud_metadata_input_still_e2013 ... ok
test t08_error_base_suppresses_selector_cascade ... ok
test t07_where_safe_access_grants_nothing ... ok
test t07_sibling_child_keeps_no_facts ... ok
test t07_where_or_carries_nothing ... ok
test t08_nullable_money_intermediate ... ok
test t08_metadata_write_still_rejected ... ok
test t08_import_alias_delivery_leaf ... ok
test t08_opaque_interior_defers ... ok
test t08_parent_interior_still_e2013 ... ok
test t08_parent_without_containment_still_e2013 ... ok
test t08_reference_interior_still_e2013 ... ok
test t08_unknown_leaf_still_e2013 ... ok
test t08_parent_in_lock_fields ... ok
test t08_parent_metadata_value_in_ui ... ok
test t08_scalar_leaf_descent_still_e2013 ... ok
test t08_parent_metadata_value_in_policy_fields ... ok
test t08_selector_grants_no_fact ... ok
test t08_user_email_disclosure_still_e2013 ... ok
test t08_typed_delivery_leaf_scope_preserved ... ok
test t08_user_id_member ... ok
test t09_ordinary_array_create_omission_accepted ... ok
test t09_ordinary_array_fixture_omission_accepted ... ok
test t09_required_scalar_fixture_omission_rejected ... ok
test t09_required_array_fixture_omission_rejected ... ok
test t09_required_array_create_omission_rejected ... ok
test t10_literal_for_delivery_rejected ... ok
test t10_create_nested_literal_accepted ... ok
test t10_cross_enum_comparison_rejected ... ok
test t10_missing_nested_required_rejected ... ok
test t10_literal_for_model_ref_rejected ... ok
test t10_literal_supplied_server_field_accepted ... ok
test t10_examples_event_claims_nested_cases ... ok
test t10_fixture_nested_literal_accepted ... ok
test t10_null_for_nonnull_nested_rejected ... ok
test t10_recipe_request_literal_accepted ... ok
test t11_big_integral_beyond_i64_accepted ... ok
test t10_set_nullable_literal_accepted ... ok
test t10_wrong_nested_scalar_rejected ... ok
test t10_unknown_nested_key_rejected ... ok
test t11_call_input_accepts_integral ... ok
test t10_send_request_literal_accepted ... ok
test t10_wrong_nested_enum_case_rejected ... ok
test t10_nested_array_of_contracts_accepted ... ok
test t11_decimal_bounds_accept_integral ... ok
test t11_derive_arg_accepts_integral ... ok
test t11_fixture_accepts_integral ... ok
test t11_decimal_default_accepts_integral ... ok
test t11_int_bound_rejects_decimal ... ok
test t11_call_result_stays_rejected ... ok
test t11_create_accepts_integral ... ok
test t11_int_variable_stays_rejected ... ok
test t11_member_access_stays_rejected ... ok
test t11_mixed_array_stays_rejected ... ok
test t11_min_exceeds_max_still_checked ... ok
test t11_negative_integral_accepted ... ok
test t11_money_bound_rejects_integral ... ok
test t11_nullable_decimal_accepts_integral ... ok
test t11_overload_exact_int_wins ... ok
test t11_out_of_range_integral_rejected ... ok
test t14a_std_delivery_known_silent ... ok
test t14a_std_recipe_payments_reconcile ... ok
test t14a_std_recipe_unknown_input ... ok
test t14a_std_recipe_type_mismatch ... ok
test t11_structural_literal_accepts_integral ... ok
test t11_overload_result_never_inhabits ... ok
test t14a_std_recipe_failed_envelope ... ok
test t14a_std_delivery_wrong_op ... ok
test t14a_std_recipe_missing_required ... ok
test t14a_std_recipe_mail_clean ... ok
test t14a_std_recipe_wrong_op ... ok
test t14a_std_send_missing_required ... ok
test t14a_std_send_attachments_text_rejected ... ok
test t14a_std_send_mail_clean ... ok
test t14a_std_send_consent_omitted ... ok
test t14a_std_send_wrong_op ... ok
test t14a_std_send_unknown_input ... ok
test t14a_std_send_errors_report_passthrough ... ok
test t14a_std_send_payments_collect ... ok
test t14a_std_send_mail_with_attachments ... ok
test t14a_std_send_type_mismatch ... ok
test t14b_b1_nonstd_unbound_provider_stays_e2005 ... ok
test t14b_b1_nominal_fixture_flow_surfaces_e3015 ... ok
test t14b_b11_bound_nominal_type_position ... ok
test t14b_b1_unbound_capability_resolves ... ok
test t14b_b1_mixed_line_binds_known_rejects_unknown ... ok
test t14a_std_unknown_member_stays_e3019 ... ok
test t14b_b1_unbound_nominal_construct ... ok
test t14b_b1_unbound_nominal_type_position ... ok
test t14b_std_delivery_llm_wrong_op ... ok
test t14b_std_delivery_t13b_known_silent ... ok
test t14b_handbook_send_stays_e3019 ... ok
test t14b_std_recipe_images_wrong_op ... ok
test t14b_b1_unbound_unknown_member ... ok
test t14b_std_recipe_llm_generate_clean ... ok
test t14b_std_recipe_images_validate_clean ... ok
test t14b_std_recipe_post_reconcile_clean ... ok
test t14b_std_recipe_post_reply_unknown_input ... ok
test t14b_std_send_images_submit_clean ... ok
test t14b_std_send_images_inspect_clean ... ok
test t14b_std_send_llm_cancel_clean ... ok
test t14b_std_send_images_inspect_graph_text ... ok
test t14b_std_send_llm_cancel_revision_text ... ok
test t14b_std_send_images_wrong_op ... ok
test t14b_std_send_post_reconcile_clean ... ok
test t14b_std_send_llm_cancel_missing_revision ... ok
test t14b_std_send_llm_generate_clean ... ok
test t14b_std_send_post_reply_clean ... ok
test t14b_std_send_post_reconcile_with_revision ... ok
test t14c_std_delivery_cross_target_assign_rejects ... ok
test t14c_std_delivery_field_must_be_nullable ... ok
test t14c_std_receipt_cross_target_compare_rejects ... ok
test t14c_std_delivery_same_target_assign_accepts ... ok
test t14c_std_receipt_result_accepts ... ok
test t14c_std_receipt_wrong_leaf_rejects ... ok
test t14c_std_receipt_known_leaves_accept ... ok
test t14c_std_receipt_same_target_compares ... ok
test t14d_error_accepted_reference ... ok
test t14d_handbook_result_stays_opaque ... ok
test t14d_email_accepted_reference ... ok
test t14c_std_unknown_receipt_stays_opaque ... ok
test t14d_image_run_named_ref_nesting ... ok
test t14d_leaves_do_not_leak_across_nominals ... ok
test t14d_mail_reply_outcome_leaves ... ok
test t14d_nullable_leaf_into_required_input_rejects ... ok
test t14d_nominal_value_position_stays_opaque ... ok
test t14d_workflow_validation_leaves ... ok
test t14d_payment_state_enum_leaf ... ok
test t14d_wrong_leaf_narrowed_rejects ... ok
test t14d_workflow_inspection_fields_opaque ... ok
test t29_bound_parent_rejected ... ok
test t14d_text_run_leaves ... ok
test t29_external_parent_rejected ... ok
test t14d_same_target_leaf_compares ... ok
test t14d_wrong_result_leaf_rejects ... ok
test t14d_payment_state_refinement ... ok
test t29_plain_imported_parent_accepted ... ok
test t29_imported_non_model_rejected ... ok
test t29_cross_package_cycle_rejected ... ok
test t29_imported_child_create_requires_parent ... ok
test t30_after_outside_hook_rejected ... ok
test t30_param_named_event_mutable ... ok
test t30_nullable_event_path_rejected ... ok
test t30_opaque_payload_fail_closed ... ok
test t30_delete_hook_cannot_adjust ... ok
test t30_hook_before_typed ... ok
test t30_pending_delete_rejected ... ok
test t30_before_parent_row_mutable ... ok
test t30_reference_value_data_readonly ... ok
test t30_delete_via_reference_matches_alias ... ok
test t30_set_param_event_drops_param_facts ... ok
test t30_param_rename_invariance ... ok
test t30_whole_payload_readonly ... ok
test t30_snapshot_before_readonly ... ok
test t30_hook_after_typed ... ok
test t35r23_bound_import_gets_no_alias ... ok
test t30_verified_reference_write_accepted ... ok
test t35r23_disabled_update_stays_rejected ... ok
test t35r23_imported_create_resolves ... ok
test t35r25_malformed_head_fallback_still_rejected ... ok
test t35r23_imported_update_resolves ... ok
test t35r25_nested_select_plural_clean ... ok
test t35r23_private_model_stays_unavailable ... ok
test t35r25_plural_literal_bodies_clean ... ok
test t35r25_select_literal_bodies_clean ... ok
test t35r25_unknown_in_variant_still_rejected ... ok
test t35r25_typed_simple_forms_clean ... ok
test t35r25_unknown_nested_in_branch_still_rejected ... ok
test t35r25_unknown_top_level_still_rejected ... ok
test t35r23_disabled_delete_stays_rejected ... ok
test t35r25_unknown_selector_arg_still_rejected ... ok
test t35r23_boundary_same_shape_owner_posture ... ok
test t35r23_imported_delete_resolves ... ok
test t35r23_no_crud_declaration_stays_rejected ... ok
test timeline_slot_binds_row ... ok

test result: ok. 279 passed; 0 failed; 0 ignored; 0 measured; 0 filtered out; finished in 0.07s
