   Compiling proc-macro2 v1.0.107
   Compiling unicode-ident v1.0.26
   Compiling quote v1.0.47
   Compiling stable_deref_trait v1.2.1
   Compiling writeable v0.6.4
   Compiling litemap v0.8.3
   Compiling utf8_iter v1.0.4
   Compiling icu_normalizer_data v2.3.0
   Compiling icu_properties_data v2.3.0
   Compiling smallvec v1.16.2
   Compiling percent-encoding v2.3.2
   Compiling canlang-compiler v0.1.0 (/source/compiler)
   Compiling form_urlencoded v1.2.2
   Compiling syn v3.0.6
   Compiling syn v2.0.119
   Compiling synstructure v0.13.2
   Compiling synstructure v0.14.0
   Compiling zerovec-derive v0.11.6
   Compiling displaydoc v0.2.7
   Compiling zerofrom-derive v0.1.8
   Compiling yoke-derive v0.8.2
   Compiling zerofrom v0.1.8
   Compiling yoke v0.8.3
   Compiling zerovec v0.11.8
   Compiling zerotrie v0.2.5
   Compiling tinystr v0.8.4
   Compiling potential_utf v0.1.6
   Compiling icu_collections v2.3.0
   Compiling icu_locale_core v2.3.0
   Compiling icu_provider v2.3.1
   Compiling icu_normalizer v2.3.0
   Compiling icu_properties v2.3.0
   Compiling idna_adapter v1.2.2
   Compiling idna v1.1.0
   Compiling url v2.5.8
    Finished `test` profile [unoptimized + debuginfo] target(s) in 34.15s
     Running unittests src/lib.rs (/scratch/target/debug/deps/canlang_compiler-2f346939e78e61aa)

running 97 tests
test analysis::catalog::t13a_tests::version_stamps_match_frozen_producers ... ok
test analysis::catalog::t13a_tests::nominal_types_are_the_accepted_t13a_set ... ok
test analysis::catalog::t13a_tests::capability_set_is_exactly_the_three_frozen_contracts ... ok
test analysis::catalog::t13b_tests::capability_set_is_exactly_the_three_frozen_t13b_contracts ... ok
test analysis::catalog::t13a_tests::errors_v1_report_shape_is_exact ... ok
test analysis::catalog::t13a_tests::email_v1_is_send_only_with_required_attachments ... ok
test analysis::catalog::t13a_tests::delivery_observables_cover_exactly_the_six_send_targets ... ok
test analysis::catalog::t13a_tests::payments_v1_ops_and_changed_event_are_exact ... ok
test analysis::catalog::t13b_tests::delivery_observables_cover_exactly_the_ten_send_targets ... ok
test analysis::catalog::t13b_tests::version_stamps_match_frozen_producers ... ok
test analysis::catalog::t13a_tests::handbook_interface_has_no_schemas_e3019_preserved ... ok
test analysis::catalog::t13b_tests::nominal_types_are_the_accepted_t13b_set ... ok
test analysis::catalog::t13c_tests::t13a_acceptance_leaves_are_exact ... ok
test analysis::catalog::t13c_tests::handbook_ts_only_and_unknown_names_have_no_leaf_schemas ... ok
test analysis::catalog::t13b_tests::mailbox_ops_and_received_event_are_exact ... ok
test analysis::catalog::t13c_tests::t13b_text_leaves_are_exact ... ok
test analysis::catalog::t13b_tests::text_generation_ops_are_exact ... ok
test analysis::catalog::t13b_tests::images_ops_are_exact ... ok
test analysis::catalog::t13c_tests::t13b_mailbox_judgment_knowledge_leaves_are_exact ... ok
test analysis::catalog::t13c_tests::t13a_common_leaves_are_exact ... ok
test analysis::catalog::t13c_tests::t13a_payment_state_matches_producer_and_changed ... ok
test analysis::catalog::t13c_tests::t13b_workflow_and_image_leaves_are_exact ... ok
test analysis::catalog::t13c_tests::leaf_key_sets_equal_accepted_nominal_sets ... ok
test cli::tests::docs_requires_operands ... ok
test cli::tests::docs_help_names_modes_and_refusal ... ok
test cli::tests::locale_and_out_are_docs_only ... ok
test cli::tests::out_refuses_can_sources_before_any_input_read ... ok
test cli::tests::out_refuses_to_overwrite_input_files ... ok
test analysis::migrate_check::tests::missing_from_is_e6010 ... ok
test analysis::migrate_check::tests::non_before_source_is_e6009 ... ok
test analysis::migrate_check::tests::empty_invalidate_is_e6009 ... ok
test analysis::migrate_check::tests::targetless_rename_is_e6009 ... ok
test analysis::migrate_check::tests::unknown_owner_stands_down_existence_but_keeps_exactly_once ... ok
test cli::tests::stderr_tail_caps_and_names_absence ... ok
test cli::tests::stub_backend_reports_needs_pipeline_before_spawn ... ok
test cli::tests::diagnostics_fail_with_no_spawn_and_no_file_write ... ok
test cli::tests::format_json_shapes_diagnostics_not_markdown ... ok
test diagnostic::tests::json_escapes_control_chars ... ok
test diagnostic::tests::json_is_deterministic ... ok
test diagnostic::tests::finish_sorts_by_file_start_code ... ok
test diagnostic::tests::text_rendering_points_at_source ... ok
test explain::tests::json_shape_has_all_fields ... ok
test codegen::ir::string_payload_tests::c01_literal_string_distinguishes_empty_null_and_missing_payload ... ok
test lsp::server::tests::completion_kind_names_map_to_lsp_integers ... ok
test explain::tests::catalog_is_sorted_unique_and_covers_policy_ranges ... ok
test explain::tests::lookup_normalizes_case_and_whitespace ... ok
test lsp::server::tests::exit_without_shutdown_is_an_error ... ok
test lsp::server::tests::invalid_notifications_and_initialize_leave_state_unchanged ... ok
test lsp::server::tests::lifecycle_gates_requests_and_exit_codes ... ok
test lsp::server::tests::identical_content_change_keeps_version_semantics ... ok
test lsp::server::tests::out_of_range_positions_are_invalid_params ... ok
test lsp::server::tests::requests_after_shutdown_are_invalid ... ok
test lsp::server::tests::uri_to_path_decodes_file_uris ... ok
test lsp::server::tests::completion_response_carries_integer_kinds ... ok
test lsp::transport::tests::exact_lsp_integers_accept_decimal_equivalents_without_rounding ... ok
test lsp::server::tests::stub_requests_answer_empty ... ok
test lsp::transport::tests::envelopes_reject_reserved_duplicates_and_preserve_safe_correlation ... ok
test lsp::transport::tests::framing_preserves_malformed_utf8_and_the_next_frame ... ok
test lsp::transport::tests::framing_preserves_the_bare_lf_compatibility_extension ... ok
test lsp::transport::tests::framing_counts_multibyte_unicode_as_bytes ... ok
test lsp::transport::tests::framing_round_trip_with_split_reads ... ok
test lsp::transport::tests::incomplete_utf8_sequence_stops_at_the_body_boundary ... ok
test lsp::transport::tests::framing_errors_are_invalid_data ... ok
test lsp::transport::tests::json_round_trip_with_escapes_and_unicode ... ok
test lsp::transport::tests::large_multibyte_string_parses_in_linear_time ... ok
test lsp::transport::tests::rpc_builders_shape ... ok
test lsp::transport::tests::malformed_json_rejected ... ok
test lsp::transport::tests::surrogate_pairs_decode_and_lone_surrogates_fail ... ok
test lsp::transport::tests::malformed_content_length_values_rejected ... ok
test source::tests::line_index_lf_crlf ... ok
test source::tests::line_index_lsp_utf16 ... ok
test source::tests::sha256_vectors ... ok
test source::tests::source_db_ids_stable ... ok
test syntax::cst::tests::coverage_detects_gaps_and_overlaps ... ok
test syntax::cst::tests::traversal_visits_preorder ... ok
test syntax::layout::tests::blank_and_comment_lines_emit_nothing ... ok
test syntax::layout::tests::brackets_join_without_blocks ... ok
test policy::tests::golden_expenseflow_policy_dump ... FAILED
test syntax::layout::tests::mismatched_and_unclosed_delimiters ... ok
test syntax::layout::tests::one_space_indent_and_dedent ... ok
test syntax::layout::tests::ineligible_heads_rejected ... ok
test syntax::layout::tests::prose_attaches_at_same_column ... ok
test syntax::lexer::tests::crlf_ok_bare_cr_rejected ... ok
test syntax::lexer::tests::inline_hash_and_backslash_continuation_rejected ... ok
test syntax::lexer::tests::longest_match_punctuation ... ok
test syntax::layout::tests::ref_rules_and_suffix_rules ... ok
test syntax::lexer::tests::numeric_units_and_adjacency ... ok
test syntax::lexer::tests::tabs_prose_ok_code_rejected ... ok
test syntax::lexer::tests::strings_decode_json_escapes ... ok
test policy::tests::minimal_source_dump_reports_every_surface ... ok
test cli::tests::missing_platform_binary_is_e7004 ... ok
test cli::tests::unwritable_out_is_e7007 ... ok
test cli::tests::renderer_failure_reports_producer_detail_as_e7004 ... ok
test cli::tests::out_writes_the_file_and_stays_silent ... ok
test cli::tests::renders_to_stdout_with_fixed_argv_and_stdin_payload ... ok
test cli::tests::renders_without_locale_omits_the_flag ... ok
test cli::tests::empty_and_non_utf8_output_are_e7004 ... ok

failures:

---- policy::tests::golden_expenseflow_policy_dump stdout ----

thread 'policy::tests::golden_expenseflow_policy_dump' (1485) panicked at src/policy.rs:758:51:
read ExpenseFlow.can: Os { code: 2, kind: NotFound, message: "No such file or directory" }
note: run with `RUST_BACKTRACE=1` environment variable to display a backtrace


failures:
    policy::tests::golden_expenseflow_policy_dump

test result: FAILED. 96 passed; 1 failed; 0 ignored; 0 measured; 0 filtered out; finished in 0.72s

error: test failed, to rerun pass `--lib`
