
running 37 tests
test cli_catalog_flag_rejections ... ok
test c01_invalid_delivery_status_keeps_payload_diagnostics ... ok
test duplicates ... ok
test cli_real_pipeline_exit_codes_and_discipline ... ok
test cli_catalog_flag_forms ... ok
test call_on_action_reports_missing ... ok
test catalog_missing_unavailable_and_helper_misuse ... ok
test e3009_entry_names_ctor_code ... ok
test invalid_app_header_suite_does_not_reserve_module_identity ... ok
test fixture_mime_and_quoted_locale_keys ... ok
test explain_round_trip_loader_codes ... ok
test imports_and_visibility ... ok
test c01_invalid_strings_do_not_fabricate_values_or_hide_siblings ... ok
test lane05_component_shape ... ok
test c01_decoded_strings_reach_analysis_callers ... ok
test malformed_owner_headers_still_suppress_body_cascades ... ok
test malformed_declaration_preserves_independent_sibling_diagnostics ... ok
test invocation_result_type_and_call ... ok
test invocation_type_position ... ok
test misplaced_body_line_preserves_independent_sibling_diagnostics ... ok
test invocation_constructor_complete_inputs ... ok
test message_calls_against_real_catalog ... ok
test lane05_component_shape_gaps ... ok
test real_catalog_end_to_end ... ok
test read_scenarios_rejected_as_action_targets ... ok
test suffix_bang_and_default_order ... ok
test operator_matrix ... ok
test ui_row_enum_cases_claim ... ok
test ui_transparent_groups_resolve ... ok
test unknown_names_and_cascade_suppression ... ok
test signature_shape_gaps ... ok
test expense_flow_checks_clean_with_implemented_sum ... ok
test team_tasks_checks_clean ... ok
test c03_url_owner_admission_and_source_anchors ... ok
test valid_corpus_checks_clean ... ok
test explain_round_trip_source_codes ... ok
test draft_outcome_table ... ok

test result: ok. 37 passed; 0 failed; 0 ignored; 0 measured; 0 filtered out; finished in 1.58s


running 25 tests
test t02_completion_body_sees_typed_envelope ... ok
test header_non_case_still_e2001 ... ok
test header_enum_case_elides_like_fixture ... ok
test minimal_table_rows_emit_expected_and_error ... FAILED
test t02_preferences_invariant_nullable_actor_rejected ... ok
test t02_preferences_invariant_guarded_actor_accepted ... ok
test t02_derive_pure_accepted ... ok
test t02_derive_state_read_builtin_rejected ... ok
test t35r24_completion_result_version_observable ... ok
test t35r24_parent_midpath_navigates ... ok
test t35r24_contained_parent_rejected ... ok
test t35r24_event_value_id_observable ... ok
test t35r24_event_value_version_observable ... ok
test t35r24_stored_id_rejected ... ok
test t35r24_provenance_key_payload_vs_stored ... ok
test t35r24_provenance_key_parent ... ok
test t35r24_stored_created_rejected ... ok
test t35r24_stored_version_rejected ... ok
test canfeedback_176_planned_elides ... ok
test t35r24_desk139_value_id_observable ... ok
test t36_report_parent_override_resolved ... ok
test caninbox_header_routine_parity ... ok
test canfeedback_tables_row_parity ... ok
test caninbox_tables_row_parity ... ok
test t35r24_propose_result_and_value_version_observable ... ok

failures:

---- minimal_table_rows_emit_expected_and_error stdout ----

thread 'minimal_table_rows_emit_expected_and_error' (1579287) panicked at tests/b4_examples.rs:364:5:
minimal table emits clean: [Diagnostic { code: "E6011", severity: Error, message: "checked input cohort mismatch: source database is a different owner from the checked program; recheck the supplied inputs before lowering", primary: Span { file: SourceId(0), start: 0, end: 0 }, related: [], tags: [] }]
note: run with `RUST_BACKTRACE=1` environment variable to display a backtrace


failures:
    minimal_table_rows_emit_expected_and_error

test result: FAILED. 24 passed; 1 failed; 0 ignored; 0 measured; 0 filtered out; finished in 0.27s

