rustc 1.99.0 (b940084d7 2026-09-28)
binary: rustc
commit-hash: b940084d7eb6a299eb4bfeb8e34901bc051e7ac4
commit-date: 2026-09-28
host: x86_64-unknown-linux-gnu
release: 1.99.0
LLVM version: 23.1.1
cargo 1.99.0 (5f94df478 2026-08-27)
PRETTY_NAME="Debian GNU/Linux 13 (trixie)"
NAME="Debian GNU/Linux"
VERSION_ID="13"
VERSION="13 (trixie)"
VERSION_CODENAME=trixie
DEBIAN_VERSION_FULL=13.7
ID=debian
HOME_URL="https://www.debian.org/"
SUPPORT_URL="https://www.debian.org/support"
BUG_REPORT_URL="https://bugs.debian.org/"
error: failed to select a version for the requirement `uuid = "^1.0.0"` (locked to 1.27.0)
candidate versions found which didn't match: 1.25.0, 1.24.1, 1.24.0, ...
location searched: crates.io index
required by package `debugid v0.8.0`
    ... which satisfies dependency `debugid = "^0.8.0"` (locked to 0.8.0) of package `sourcemap v9.3.2`
    ... which satisfies dependency `sourcemap = "=9.3.2"` (locked to 9.3.2) of package `canlang-compiler v0.1.0 (/profile/current/compiler)`
help: if you are looking for the prerelease package it needs to be specified explicitly
    uuid = { version = "1.0.0-alpha.1" }
note: offline mode (via `--offline`) can sometimes cause surprising resolution failures
help: if this error is too confusing you may wish to retry without `--offline`
