rustc 1.99.0 (b940084d7 2026-09-28)
binary: rustc
commit-hash: b940084d7eb6a299eb4bfeb8e34901bc051e7ac4
commit-date: 2026-09-28
host: x86_64-unknown-linux-gnu
release: 1.99.0
LLVM version: 23.1.1
cargo 1.99.0 (5f94df478 2026-08-27)
PRETTY_NAME="Debian GNU/Linux 13 (trixie)"
NAME="Debian GNU/Linux"
VERSION_ID="13"
VERSION="13 (trixie)"
VERSION_CODENAME=trixie
DEBIAN_VERSION_FULL=13.7
ID=debian
HOME_URL="https://www.debian.org/"
SUPPORT_URL="https://www.debian.org/support"
BUG_REPORT_URL="https://bugs.debian.org/"
   Compiling radium v0.7.0
   Compiling tap v1.0.1
   Compiling wyz v0.5.1
   Compiling vsimd v0.8.0
   Compiling funty v2.0.0
   Compiling outref v0.5.2
   Compiling uuid v1.27.0
   Compiling debugid v0.8.0
   Compiling base64-simd v0.8.0
   Compiling bitvec v1.1.1
   Compiling url v2.5.8
   Compiling if_chain v1.0.3
   Compiling unicode-id-start v1.5.0
   Compiling rustc-hash v2.1.3
   Compiling data-encoding v2.11.1
   Compiling sourcemap v9.3.2
   Compiling canlang-compiler v0.1.0 (/profile/current/compiler)
    Finished `release` profile [optimized] target(s) in 1m 08s
can 0.1.0 (commit unknown; language 1.0; schema 1)
canlang-compiler v0.1.0 (/profile/current/compiler)
├── lsp-types v0.97.0
│   ├── bitflags feature "default"
│   │   └── bitflags v1.3.2
│   ├── fluent-uri feature "default"
│   │   ├── fluent-uri v0.1.4
│   │   │   └── bitflags feature "default" (*)
│   │   └── fluent-uri feature "std"
│   │       └── fluent-uri v0.1.4 (*)
│   ├── serde feature "default"
│   │   ├── serde v1.0.229
│   │   │   ├── serde_core feature "result"
│   │   │   │   └── serde_core v1.0.229
│   │   │   └── serde_derive feature "default"
│   │   │       └── serde_derive v1.0.229 (proc-macro)
│   │   │           ├── proc-macro2 feature "proc-macro"
│   │   │           │   └── proc-macro2 v1.0.107
│   │   │           │       └── unicode-ident feature "default"
│   │   │           │           └── unicode-ident v1.0.26
│   │   │           ├── quote feature "proc-macro"
│   │   │           │   ├── quote v1.0.47
│   │   │           │   │   └── proc-macro2 v1.0.107 (*)
│   │   │           │   └── proc-macro2 feature "proc-macro" (*)
│   │   │           ├── syn feature "clone-impls"
│   │   │           │   └── syn v3.0.6
│   │   │           │       ├── proc-macro2 v1.0.107 (*)
│   │   │           │       ├── quote v1.0.47 (*)
│   │   │           │       └── unicode-ident feature "default" (*)
│   │   │           ├── syn feature "derive"
│   │   │           │   └── syn v3.0.6 (*)
│   │   │           ├── syn feature "parsing"
│   │   │           │   └── syn v3.0.6 (*)
│   │   │           ├── syn feature "printing"
│   │   │           │   └── syn v3.0.6 (*)
│   │   │           └── syn feature "proc-macro"
│   │   │               ├── syn v3.0.6 (*)
│   │   │               ├── proc-macro2 feature "proc-macro" (*)
│   │   │               └── quote feature "proc-macro" (*)
│   │   └── serde feature "std"
│   │       ├── serde v1.0.229 (*)
│   │       └── serde_core feature "std"
│   │           └── serde_core v1.0.229
│   ├── serde feature "derive"
│   │   ├── serde v1.0.229 (*)
│   │   └── serde feature "serde_derive"
│   │       └── serde v1.0.229 (*)
│   ├── serde_json feature "default"
│   │   ├── serde_json v1.0.151
│   │   │   ├── memchr v2.8.3
│   │   │   ├── serde_core v1.0.229
│   │   │   ├── itoa feature "default"
│   │   │   │   └── itoa v1.0.18
│   │   │   └── zmij feature "default"
│   │   │       └── zmij v1.0.23
│   │   └── serde_json feature "std"
│   │       ├── serde_json v1.0.151 (*)
│   │       ├── serde_core feature "std" (*)
│   │       └── memchr feature "std"
│   │           ├── memchr v2.8.3
│   │           └── memchr feature "alloc"
│   │               └── memchr v2.8.3
│   └── serde_repr feature "default"
│       └── serde_repr v0.1.21 (proc-macro)
│           ├── proc-macro2 feature "default"
│           │   ├── proc-macro2 v1.0.107 (*)
│           │   └── proc-macro2 feature "proc-macro" (*)
│           ├── quote feature "default"
│           │   ├── quote v1.0.47 (*)
│           │   └── quote feature "proc-macro" (*)
│           └── syn feature "default"
│               ├── syn v3.0.6 (*)
│               ├── syn feature "clone-impls" (*)
│               ├── syn feature "derive" (*)
│               ├── syn feature "parsing" (*)
│               ├── syn feature "printing" (*)
│               └── syn feature "proc-macro" (*)
├── sha2 v0.10.9
│   ├── cfg-if feature "default"
│   │   └── cfg-if v1.0.5
│   ├── cpufeatures feature "default"
│   │   └── cpufeatures v0.2.17
│   └── digest feature "default"
│       ├── digest v0.10.7
│       │   ├── block-buffer feature "default"
│       │   │   └── block-buffer v0.10.4
│       │   │       └── generic-array feature "default"
│       │   │           └── generic-array v0.14.7
│       │   │               └── typenum feature "default"
│       │   │                   └── typenum v1.20.1
│       │   │               [build-dependencies]
│       │   │               └── version_check feature "default"
│       │   │                   └── version_check v0.9.5
│       │   └── crypto-common feature "default"
│       │       └── crypto-common v0.1.7
│       │           ├── generic-array feature "default" (*)
│       │           ├── generic-array feature "more_lengths"
│       │           │   └── generic-array v0.14.7 (*)
│       │           └── typenum feature "default" (*)
│       └── digest feature "core-api"
│           ├── digest v0.10.7 (*)
│           └── digest feature "block-buffer"
│               └── digest v0.10.7 (*)
├── sourcemap v9.3.2
│   ├── serde feature "default" (*)
│   ├── serde feature "derive" (*)
│   ├── serde_json feature "default" (*)
│   ├── base64-simd feature "default"
│   │   ├── base64-simd v0.8.0
│   │   │   ├── outref feature "default"
│   │   │   │   └── outref v0.5.2
│   │   │   └── vsimd feature "default"
│   │   │       └── vsimd v0.8.0
│   │   ├── base64-simd feature "detect"
│   │   │   ├── base64-simd v0.8.0 (*)
│   │   │   └── vsimd feature "detect"
│   │   │       ├── vsimd v0.8.0
│   │   │       └── vsimd feature "std"
│   │   │           ├── vsimd v0.8.0
│   │   │           └── vsimd feature "alloc"
│   │   │               └── vsimd v0.8.0
│   │   └── base64-simd feature "std"
│   │       ├── base64-simd v0.8.0 (*)
│   │       ├── base64-simd feature "alloc"
│   │       │   ├── base64-simd v0.8.0 (*)
│   │       │   └── vsimd feature "alloc" (*)
│   │       └── vsimd feature "std" (*)
│   ├── bitvec feature "default"
│   │   ├── bitvec v1.1.1
│   │   │   ├── funty v2.0.0
│   │   │   ├── wyz v0.5.1
│   │   │   │   └── tap feature "default"
│   │   │   │       └── tap v1.0.1
│   │   │   ├── radium feature "default"
│   │   │   │   └── radium v0.7.0
│   │   │   └── tap feature "default" (*)
│   │   ├── bitvec feature "atomic"
│   │   │   └── bitvec v1.1.1 (*)
│   │   └── bitvec feature "std"
│   │       ├── bitvec v1.1.1 (*)
│   │       └── bitvec feature "alloc"
│   │           └── bitvec v1.1.1 (*)
│   ├── data-encoding feature "default"
│   │   ├── data-encoding v2.11.1
│   │   └── data-encoding feature "std"
│   │       ├── data-encoding v2.11.1
│   │       └── data-encoding feature "alloc"
│   │           └── data-encoding v2.11.1
│   ├── debugid feature "default"
│   │   └── debugid v0.8.0
│   │       ├── serde feature "default" (*)
│   │       └── uuid feature "default"
│   │           ├── uuid v1.27.0
│   │           └── uuid feature "std"
│   │               └── uuid v1.27.0
│   ├── debugid feature "serde"
│   │   └── debugid v0.8.0 (*)
│   ├── if_chain feature "default"
│   │   └── if_chain v1.0.3
│   ├── rustc-hash feature "default"
│   │   ├── rustc-hash v2.1.3
│   │   └── rustc-hash feature "std"
│   │       └── rustc-hash v2.1.3
│   ├── unicode-id-start feature "default"
│   │   └── unicode-id-start v1.5.0
│   └── url feature "default"
│       ├── url v2.5.8
│       │   ├── form_urlencoded feature "alloc"
│       │   │   ├── form_urlencoded v1.2.2
│       │   │   │   └── percent-encoding v2.3.2
│       │   │   └── percent-encoding feature "alloc"
│       │   │       └── percent-encoding v2.3.2
│       │   ├── percent-encoding feature "alloc" (*)
│       │   ├── idna feature "alloc"
│       │   │   └── idna v1.1.0
│       │   │       ├── idna_adapter feature "default"
│       │   │       │   └── idna_adapter v1.2.2
│       │   │       │       ├── icu_normalizer v2.3.0
│       │   │       │       │   ├── icu_collections v2.3.0
│       │   │       │       │   │   ├── displaydoc v0.2.7 (proc-macro)
│       │   │       │       │   │   │   ├── proc-macro2 feature "default" (*)
│       │   │       │       │   │   │   ├── quote feature "default" (*)
│       │   │       │       │   │   │   └── syn feature "default" (*)
│       │   │       │       │   │   ├── utf8_iter v1.0.4
│       │   │       │       │   │   ├── potential_utf feature "zerovec"
│       │   │       │       │   │   │   └── potential_utf v0.1.6
│       │   │       │       │   │   │       └── zerovec v0.11.8
│       │   │       │       │   │   │           ├── yoke v0.8.3
│       │   │       │       │   │   │           │   ├── stable_deref_trait v1.2.1
│       │   │       │       │   │   │           │   ├── yoke-derive v0.8.2 (proc-macro)
│       │   │       │       │   │   │           │   │   ├── proc-macro2 feature "default" (*)
│       │   │       │       │   │   │           │   │   ├── quote feature "default" (*)
│       │   │       │       │   │   │           │   │   ├── syn feature "default"
│       │   │       │       │   │   │           │   │   │   ├── syn v2.0.119
│       │   │       │       │   │   │           │   │   │   │   ├── proc-macro2 v1.0.107 (*)
│       │   │       │       │   │   │           │   │   │   │   ├── quote v1.0.47 (*)
│       │   │       │       │   │   │           │   │   │   │   └── unicode-ident feature "default" (*)
│       │   │       │       │   │   │           │   │   │   ├── syn feature "clone-impls"
│       │   │       │       │   │   │           │   │   │   │   └── syn v2.0.119 (*)
│       │   │       │       │   │   │           │   │   │   ├── syn feature "derive"
│       │   │       │       │   │   │           │   │   │   │   └── syn v2.0.119 (*)
│       │   │       │       │   │   │           │   │   │   ├── syn feature "parsing"
│       │   │       │       │   │   │           │   │   │   │   └── syn v2.0.119 (*)
│       │   │       │       │   │   │           │   │   │   ├── syn feature "printing"
│       │   │       │       │   │   │           │   │   │   │   └── syn v2.0.119 (*)
│       │   │       │       │   │   │           │   │   │   └── syn feature "proc-macro"
│       │   │       │       │   │   │           │   │   │       ├── syn v2.0.119 (*)
│       │   │       │       │   │   │           │   │   │       ├── proc-macro2 feature "proc-macro" (*)
│       │   │       │       │   │   │           │   │   │       └── quote feature "proc-macro" (*)
│       │   │       │       │   │   │           │   │   ├── syn feature "fold"
│       │   │       │       │   │   │           │   │   │   └── syn v2.0.119 (*)
│       │   │       │       │   │   │           │   │   └── synstructure feature "default"
│       │   │       │       │   │   │           │   │       ├── synstructure v0.13.2
│       │   │       │       │   │   │           │   │       │   ├── proc-macro2 v1.0.107 (*)
│       │   │       │       │   │   │           │   │       │   ├── quote v1.0.47 (*)
│       │   │       │       │   │   │           │   │       │   ├── syn feature "clone-impls" (*)
│       │   │       │       │   │   │           │   │       │   ├── syn feature "derive" (*)
│       │   │       │       │   │   │           │   │       │   ├── syn feature "extra-traits"
│       │   │       │       │   │   │           │   │       │   │   └── syn v2.0.119 (*)
│       │   │       │       │   │   │           │   │       │   ├── syn feature "parsing" (*)
│       │   │       │       │   │   │           │   │       │   ├── syn feature "printing" (*)
│       │   │       │       │   │   │           │   │       │   └── syn feature "visit"
│       │   │       │       │   │   │           │   │       │       └── syn v2.0.119 (*)
│       │   │       │       │   │   │           │   │       └── synstructure feature "proc-macro"
│       │   │       │       │   │   │           │   │           ├── synstructure v0.13.2 (*)
│       │   │       │       │   │   │           │   │           ├── proc-macro2 feature "proc-macro" (*)
│       │   │       │       │   │   │           │   │           ├── quote feature "proc-macro" (*)
│       │   │       │       │   │   │           │   │           └── syn feature "proc-macro" (*)
│       │   │       │       │   │   │           │   └── zerofrom v0.1.8
│       │   │       │       │   │   │           │       └── zerofrom-derive v0.1.8 (proc-macro)
│       │   │       │       │   │   │           │           ├── proc-macro2 feature "default" (*)
│       │   │       │       │   │   │           │           ├── quote feature "default" (*)
│       │   │       │       │   │   │           │           ├── syn feature "default" (*)
│       │   │       │       │   │   │           │           ├── syn feature "fold"
│       │   │       │       │   │   │           │           │   └── syn v3.0.6 (*)
│       │   │       │       │   │   │           │           ├── syn feature "visit"
│       │   │       │       │   │   │           │           │   └── syn v3.0.6 (*)
│       │   │       │       │   │   │           │           └── synstructure feature "default"
│       │   │       │       │   │   │           │               ├── synstructure v0.14.0
│       │   │       │       │   │   │           │               │   ├── proc-macro2 v1.0.107 (*)
│       │   │       │       │   │   │           │               │   ├── quote v1.0.47 (*)
│       │   │       │       │   │   │           │               │   ├── syn feature "clone-impls" (*)
│       │   │       │       │   │   │           │               │   ├── syn feature "derive" (*)
│       │   │       │       │   │   │           │               │   ├── syn feature "extra-traits"
│       │   │       │       │   │   │           │               │   │   └── syn v3.0.6 (*)
│       │   │       │       │   │   │           │               │   ├── syn feature "parsing" (*)
│       │   │       │       │   │   │           │               │   ├── syn feature "printing" (*)
│       │   │       │       │   │   │           │               │   └── syn feature "visit" (*)
│       │   │       │       │   │   │           │               └── synstructure feature "proc-macro"
│       │   │       │       │   │   │           │                   ├── synstructure v0.14.0 (*)
│       │   │       │       │   │   │           │                   ├── proc-macro2 feature "proc-macro" (*)
│       │   │       │       │   │   │           │                   ├── quote feature "proc-macro" (*)
│       │   │       │       │   │   │           │                   └── syn feature "proc-macro" (*)
│       │   │       │       │   │   │           ├── zerofrom v0.1.8 (*)
│       │   │       │       │   │   │           └── zerovec-derive v0.11.6 (proc-macro)
│       │   │       │       │   │   │               ├── proc-macro2 feature "default" (*)
│       │   │       │       │   │   │               ├── quote feature "default" (*)
│       │   │       │       │   │   │               ├── syn feature "default" (*)
│       │   │       │       │   │   │               └── syn feature "extra-traits" (*)
│       │   │       │       │   │   ├── zerovec feature "derive"
│       │   │       │       │   │   │   └── zerovec v0.11.8 (*)
│       │   │       │       │   │   ├── zerovec feature "yoke"
│       │   │       │       │   │   │   └── zerovec v0.11.8 (*)
│       │   │       │       │   │   ├── yoke feature "derive"
│       │   │       │       │   │   │   ├── yoke v0.8.3 (*)
│       │   │       │       │   │   │   ├── yoke feature "zerofrom"
│       │   │       │       │   │   │   │   └── yoke v0.8.3 (*)
│       │   │       │       │   │   │   └── zerofrom feature "derive"
│       │   │       │       │   │   │       └── zerofrom v0.1.8 (*)
│       │   │       │       │   │   └── zerofrom feature "derive" (*)
│       │   │       │       │   ├── icu_normalizer_data v2.3.0
│       │   │       │       │   ├── icu_provider v2.3.1
│       │   │       │       │   │   ├── displaydoc v0.2.7 (proc-macro) (*)
│       │   │       │       │   │   ├── icu_locale_core v2.3.0
│       │   │       │       │   │   │   ├── displaydoc v0.2.7 (proc-macro) (*)
│       │   │       │       │   │   │   ├── litemap v0.8.3
│       │   │       │       │   │   │   ├── tinystr v0.8.4
│       │   │       │       │   │   │   │   ├── displaydoc v0.2.7 (proc-macro) (*)
│       │   │       │       │   │   │   │   └── zerovec v0.11.8 (*)
│       │   │       │       │   │   │   ├── writeable v0.6.4
│       │   │       │       │   │   │   └── zerovec v0.11.8 (*)
│       │   │       │       │   │   ├── writeable v0.6.4
│       │   │       │       │   │   ├── zerotrie v0.2.5
│       │   │       │       │   │   │   ├── displaydoc v0.2.7 (proc-macro) (*)
│       │   │       │       │   │   │   ├── zerofrom v0.1.8 (*)
│       │   │       │       │   │   │   └── yoke feature "derive" (*)
│       │   │       │       │   │   ├── zerovec feature "derive" (*)
│       │   │       │       │   │   ├── yoke feature "derive" (*)
│       │   │       │       │   │   └── zerofrom feature "derive" (*)
│       │   │       │       │   ├── smallvec v1.16.2
│       │   │       │       │   └── zerovec v0.11.8 (*)
│       │   │       │       └── icu_properties v2.3.0
│       │   │       │           ├── displaydoc v0.2.7 (proc-macro) (*)
│       │   │       │           ├── icu_collections v2.3.0 (*)
│       │   │       │           ├── icu_properties_data v2.3.0
│       │   │       │           ├── icu_provider v2.3.1 (*)
│       │   │       │           ├── zerovec feature "derive" (*)
│       │   │       │           ├── zerovec feature "yoke" (*)
│       │   │       │           ├── icu_locale_core feature "zerovec"
│       │   │       │           │   ├── icu_locale_core v2.3.0 (*)
│       │   │       │           │   └── tinystr feature "zerovec"
│       │   │       │           │       └── tinystr v0.8.4 (*)
│       │   │       │           ├── zerotrie feature "yoke"
│       │   │       │           │   └── zerotrie v0.2.5 (*)
│       │   │       │           └── zerotrie feature "zerofrom"
│       │   │       │               └── zerotrie v0.2.5 (*)
│       │   │       ├── utf8_iter feature "default"
│       │   │       │   └── utf8_iter v1.0.4
│       │   │       ├── smallvec feature "const_generics"
│       │   │       │   └── smallvec v1.16.2
│       │   │       └── smallvec feature "default"
│       │   │           └── smallvec v1.16.2
│       │   └── idna feature "compiled_data"
│       │       ├── idna v1.1.0 (*)
│       │       └── idna_adapter feature "compiled_data"
│       │           ├── idna_adapter v1.2.2 (*)
│       │           ├── icu_normalizer feature "compiled_data"
│       │           │   ├── icu_normalizer v2.3.0 (*)
│       │           │   └── icu_provider feature "baked"
│       │           │       └── icu_provider v2.3.1 (*)
│       │           └── icu_properties feature "compiled_data"
│       │               ├── icu_properties v2.3.0 (*)
│       │               └── icu_provider feature "baked" (*)
│       └── url feature "std"
│           ├── url v2.5.8 (*)
│           ├── form_urlencoded feature "std"
│           │   ├── form_urlencoded v1.2.2 (*)
│           │   ├── form_urlencoded feature "alloc" (*)
│           │   └── percent-encoding feature "std"
│           │       ├── percent-encoding v2.3.2
│           │       └── percent-encoding feature "alloc" (*)
│           ├── percent-encoding feature "std" (*)
│           └── idna feature "std"
│               ├── idna v1.1.0 (*)
│               └── idna feature "alloc" (*)
├── serde feature "derive" (*)
├── serde feature "std" (*)
├── serde_json feature "raw_value"
│   └── serde_json v1.0.151 (*)
├── serde_json feature "std" (*)
├── url feature "std" (*)
└── tempfile feature "getrandom"
    └── tempfile v3.27.0
        ├── getrandom v0.4.3
        │   ├── libc v0.2.190
        │   └── cfg-if feature "default" (*)
        ├── fastrand feature "default"
        │   ├── fastrand v2.5.0
        │   └── fastrand feature "std"
        │       ├── fastrand v2.5.0
        │       └── fastrand feature "alloc"
        │           └── fastrand v2.5.0
        ├── once_cell feature "std"
        │   ├── once_cell v1.21.4
        │   └── once_cell feature "alloc"
        │       ├── once_cell v1.21.4
        │       └── once_cell feature "race"
        │           └── once_cell v1.21.4
        ├── rustix feature "default"
        │   ├── rustix v1.1.5
        │   │   ├── bitflags v2.13.2
        │   │   ├── linux-raw-sys feature "auxvec"
        │   │   │   └── linux-raw-sys v0.12.1
        │   │   ├── linux-raw-sys feature "elf"
        │   │   │   └── linux-raw-sys v0.12.1
        │   │   ├── linux-raw-sys feature "errno"
        │   │   │   └── linux-raw-sys v0.12.1
        │   │   ├── linux-raw-sys feature "general"
        │   │   │   └── linux-raw-sys v0.12.1
        │   │   ├── linux-raw-sys feature "ioctl"
        │   │   │   └── linux-raw-sys v0.12.1
        │   │   └── linux-raw-sys feature "no_std"
        │   │       └── linux-raw-sys v0.12.1
        │   └── rustix feature "std"
        │       ├── rustix v1.1.5 (*)
        │       ├── rustix feature "alloc"
        │       │   └── rustix v1.1.5 (*)
        │       └── bitflags feature "std"
        │           └── bitflags v2.13.2
        └── rustix feature "fs"
            └── rustix v1.1.5 (*)
   Compiling radium v0.7.0
   Compiling tap v1.0.1
   Compiling wyz v0.5.1
   Compiling vsimd v0.8.0
   Compiling funty v2.0.0
   Compiling outref v0.5.2
   Compiling uuid v1.27.0
   Compiling debugid v0.8.0
   Compiling base64-simd v0.8.0
   Compiling bitvec v1.1.1
   Compiling url v2.5.8
   Compiling data-encoding v2.11.1
   Compiling unicode-id-start v1.5.0
   Compiling if_chain v1.0.3
   Compiling rustc-hash v2.1.3
   Compiling sourcemap v9.3.2
   Compiling canlang-compiler v0.1.0 (/profile/current/compiler)
    Finished `test` profile [unoptimized + debuginfo] target(s) in 40.69s
     Running unittests src/lib.rs (linux-target/debug/deps/canlang_compiler-812cafe2553a2aeb)

running 8 tests
test codegen::bdd::string_tests::fixed_string_bytes_cover_every_control_and_unicode ... ok
test codegen::js::string_tests::fixed_string_bytes_cover_every_control_unicode_and_quotes ... ok
test codegen::sourcemap::tests::malformed_numeric_and_delta_overflow_return_errors ... ok
test codegen::sourcemap::tests::compatibility_rows_and_unsorted_segments_remain_in_authored_order ... ok
test codegen::sourcemap::tests::ordered_serializer_uses_shared_escaping_and_null_contents ... ok
test codegen::ir::string_payload_tests::c01_literal_string_distinguishes_empty_null_and_missing_payload ... ok
test codegen::sourcemap::tests::empty_and_missing_sources_keep_names_and_generated_rows ... ok
test codegen::sourcemap::tests::duplicate_paths_keep_snapshot_ids_and_byte_columns ... ok

test result: ok. 8 passed; 0 failed; 0 ignored; 0 measured; 116 filtered out; finished in 0.06s

   Compiling canlang-compiler v0.1.0 (/profile/current/compiler)
    Finished `test` profile [unoptimized + debuginfo] target(s) in 27.25s
     Running tests/b1_join.rs (linux-target/debug/deps/b1_join-e05000194d35debd)

running 2 tests
SKIP b1_teamtasks_artifact: no /profile/current/compiler/../packages/values/dist/catalog.json (run `npm run catalog` in packages/values)
SKIP b2_expenseflow_artifact: no /profile/current/compiler/../packages/values/dist/catalog.json (run `npm run catalog` in packages/values)
test b1_teamtasks_artifact ... ok
test b2_expenseflow_artifact ... ok

test result: ok. 2 passed; 0 failed; 0 ignored; 0 measured; 0 filtered out; finished in 0.01s

     Running tests/b3_migrate.rs (linux-target/debug/deps/b3_migrate-9bd6b514d021edbc)

running 9 tests
test invalid_migration_lowers_nothing ... ok
test valid_drop_model_invalidate_and_owner_drop_lower ... ok
test body_digest_is_deterministic ... ok
test valid_model_rename_lowers ... ok
test valid_field_directives_and_backfill_lower ... ok
test violations_emit_no_e6008 ... ok
test predecessor_problems_are_e6010 ... ok
test exactly_once_violations_are_e6009 ... ok
test artifact_carries_migration_registry ... ok

test result: ok. 9 passed; 0 failed; 0 ignored; 0 measured; 0 filtered out; finished in 0.80s

     Running tests/codegen.rs (linux-target/debug/deps/codegen-9ba6953155649603)

running 117 tests

thread 'awaited_follows_catalog_effects' (1303) panicked at tests/codegen.rs:56:66:
read "/profile/current/compiler/../examples/TeamTasks.can": No such file or directory (os error 2)
note: run with `RUST_BACKTRACE=1` environment variable to display a backtrace
test awaited_follows_catalog_effects ... FAILED

thread 'b4g_hook_team_operation_unchanged' (1304) panicked at tests/codegen.rs:6404:5:
node --check failed:

thread 'b4g_operation_id_lowers_through_c' (1305) panicked at tests/codegen.rs:6404:5:
node --check failed:
test a2a_action_external_targets_lower_to_schema ... ok
test a2b_composite_unique_emits_sparse_member_and_registry_rule ... ok
test b4g_hook_team_operation_unchanged ... FAILED
test a2a_for_limit_checks_length_then_loops ... ok
test a2a_derive_call_lowers_to_awaited_named_fn ... ok
test a2b_ui_profiles_lower_to_factories ... ok
test a2a_page_poll_refresh_lower_to_descriptor ... ok
test a2b_require_desugars_to_admit_and_gate ... ok
test a2b_named_args_lower_positionally_in_signature_order ... ok
test b4g_operation_id_lowers_through_c ... FAILED

thread 'b4g_team_id_lowers_through_c' (1308) panicked at tests/codegen.rs:6404:5:
node --check failed:
test b4g_team_id_lowers_through_c ... FAILED
test construct_messages_and_format ... ok
test construct_guards ... ok
test construct_defaults ... ok
test construct_page_preferences_preamble_reads_bindings ... ok
test construct_delivery ... ok
test construct_pages_admit_render ... ok
test construct_models_and_grants ... ok
test construct_page_admit_returns_preference_defaults ... ok
test construct_ui_gate_ternary ... ok
test construct_value_query ... ok
test construct_ui_factories ... ok
test catalog_factories_lower_from_source ... ok
test catalog_profile_violations_stay_loud ... ok
test construct_effects ... ok
test d03_empty_desc_stays_present ... ok
test d03_inline_param_desc_reaches_mcp_source ... ok
test d03_undescribed_inputs_omit_member ... ok
test d03_inline_field_variants_emit_source_only ... ok
test construct_fixtures_and_recipes ... ok
test construct_sequences ... ok
test construct_tables ... ok
test f6_no_cohort_emits_no_member ... ok

thread 'form_fields_default_to_model_schema' (1340) panicked at tests/codegen.rs:56:66:
read "/profile/current/compiler/../examples/TeamTasks.can": No such file or directory (os error 2)
test form_fields_default_to_model_schema ... FAILED
test gap_helper_add_decimal ... ok
test gap_helper_divide_decimal_shapes ... ok
test gap_helper_divide_money ... ok
test d03_attached_and_legacy_feed_same_slot ... ok
test derive_result_resolves_from_symbol_results ... ok
test gap_helper_multiply_decimal ... ok
test gap_helper_negate_decimal ... ok
test gap_helper_scalar_money_product ... ok
test gap_helper_subtract_decimal ... ok

thread 'golden_teamtasks_structure' (1350) panicked at tests/codegen.rs:56:66:
read "/profile/current/compiler/../examples/TeamTasks.can": No such file or directory (os error 2)
test golden_teamtasks_structure ... FAILED

thread 'refuses_incomplete_analysis_without_ack' (1352) panicked at tests/codegen.rs:56:66:
read "/profile/current/compiler/../examples/TeamTasks.can": No such file or directory (os error 2)
test refuses_incomplete_analysis_without_ack ... FAILED
test f6_missing_bind_emits_null ... ok
test f6_invalid_cohort_emits_no_descriptor ... ok
test form_fields_unknown_op_stays_loud ... ok
test requires_pins_catalog_and_families ... ok
test omission_marker_flows_from_spelling_to_descriptor ... ok
test t15a_example_separation ... FAILED

thread 't15a_example_separation' (1358) panicked at tests/codegen.rs:56:66:
read "/profile/current/compiler/../examples/TeamTasks.can": No such file or directory (os error 2)
test construct_scalars_per_op ... ok
test c01_lexer_strings_reach_literal_metadata_and_message_lowering ... ok
test d03_message_reference_resolves_to_source ... ok
test f6_both_spellings_emit_cohort_descriptors ... ok
test t15a_field_default_mapping ... ok
test t15a_callable_identity ... ok
test t15a_negative_duplicate_record_name ... ok
test t15a_literal_json_exactness ... ok
test sourcemap_mappings_round_trip ... ok
test t15a_negative_exotic_omits_operation_only ... ok
test t15a_operation_inputs_carry_arrays_defaults_nullable ... ok
test sourcemap_emitted_fixture_plain_snippet ... ok
test t15a_parent_path_extraction ... ok
test t15a_model_field_tags ... ok
test t15a_parent_defaults_delete_modes_derived ... ok
test t15a_structural_literal_default ... ok
test t15b_delivery_descriptor_helper ... ok
test t15b_model_delivery_end_to_end ... ok
test t15b_operation_input_delivery_end_to_end ... ok
test t15b_std_delivery_model_tags ... ok
test t15b_recipe_join_negatives_stay_shelled ... ok
test t18_r27_server_owned_checker ... ok
test t15b_no_regress_t15a_mixed ... ok
test t18_server_init_mapping ... ok

thread 't21l1_single_app_crud_entry_imports_and_executes' (1383) panicked at tests/codegen.rs:6404:5:
node --check failed:
test t15b_recipe_join_std ... ok
test t21l1_single_app_crud_entry_imports_and_executes ... FAILED
test t15a_ownership_and_recursion ... ok
test t18_child_create_parent_input ... ok
test t15a_models_shape_end_to_end ... ok
test t18_server_init_end_to_end ... ok
test t31_before_after_reads_legal ... ok
test t31_cross_model_staging_legal ... ok
test t31_delete_hook_require_read_legal ... ok
test t31_before_snapshot_write_rejected ... ok
test t31_delete_hook_cancel_barred ... ok
test t31_delete_hook_create_barred ... ok
test t31_before_delete_rejected_once ... ok
test t31_delete_hook_after_adjust_rejected ... ok
test t31_delete_hook_same_model_order ... ok
test t31_delete_hook_set_barred ... ok
test t31_delete_outside_hook_legal ... ok

thread 't31_hook_delete_op_registry' (1400) panicked at tests/codegen.rs:6404:5:
node --check failed:
test t15a_negative_kinds_closed ... ok
test t15b_closed_kinds_with_delivery ... ok
test t31_hook_decimal_eq_unsupported ... ok
test t31_hook_delete_op_registry ... FAILED
test t31_hook_query_unsupported ... ok
test t31_delete_hook_schedule_barred ... ok
test t31_hook_emit_unsupported ... ok
test t31_pending_delete_rejected_once ... ok
test t31_nested_same_model_barred ... ok
test t31_hook_expr_gaps ... ok
test t31_hook_stmt_backstops ... ok

thread 't31_plain_schedule_lowers' (1409) panicked at tests/codegen.rs:6404:5:
node --check failed:
test t31_same_model_create_barred ... ok
test t31_same_model_set_barred ... ok

thread 't31_e2e_staged_failure_names_hook' (1398) panicked at tests/codegen.rs:6636:5:
engine fixtures: /profile/current/packages/state/test/mutation/fixtures.ts
test t31_plain_schedule_lowers ... FAILED
test t31_staged_delete_barred ... ok
test t31_e2e_staged_failure_names_hook ... FAILED

thread 't31_e2e_emitted_hook_drives_engine' (1397) panicked at tests/codegen.rs:6436:5:
engine fixtures: /profile/current/packages/state/test/mutation/fixtures.ts
test t31_verified_ref_set_outside_hook_legal ... ok
test t31_e2e_emitted_hook_drives_engine ... FAILED
test unsupported_schema_positions_error ... ok

thread 't31_hook_run_shape' (1405) panicked at tests/codegen.rs:6404:5:
node --check failed:
test unavailable_capability_errors ... ok
test t31_hook_run_shape ... FAILED
test value_queries_lower_from_source ... ok
test sequence_as_binding_decodes ... ok
test golden_expenseflow_structure ... ok

failures:

failures:
    awaited_follows_catalog_effects
    b4g_hook_team_operation_unchanged
    b4g_operation_id_lowers_through_c
    b4g_team_id_lowers_through_c
    form_fields_default_to_model_schema
    golden_teamtasks_structure
    refuses_incomplete_analysis_without_ack
    t15a_example_separation
    t21l1_single_app_crud_entry_imports_and_executes
    t31_e2e_emitted_hook_drives_engine
    t31_e2e_staged_failure_names_hook
    t31_hook_delete_op_registry
    t31_hook_run_shape
    t31_plain_schedule_lowers

test result: FAILED. 103 passed; 14 failed; 0 ignored; 0 measured; 0 filtered out; finished in 1.40s

error: test failed, to rerun pass `--test codegen`
