    Blocking waiting for file lock on build directory
   Compiling canlang-compiler v0.1.0 (/Users/vince/Projects/canlang/compiler)
    Finished `test` profile [unoptimized + debuginfo] target(s) in 5.28s
     Running tests/authoring.rs (/private/tmp/canlang-compiler-pass2/debug/deps/authoring-34e51b056b3772f8)

running 30 tests
test cli_every_subcommand_answers_help ... ok
test cli_explain_json_shape_and_unknown_code ... ok
test cli_format_flag_rejected_where_it_does_nothing ... ok
test cli_help_and_version ... ok
test cli_check_rejects_missing_operand_and_unreadable_file ... ok
test cli_fmt_missing_file_is_tool_failure ... ok
test cli_check_like_commands_exit_10_on_errors ... ok
test cli_compile_with_stub_reports_e7001 ... ok
test cli_lsp_returns_stdio_flag ... ok
test cli_check_like_commands_emit_envelope_json ... ok
test cli_lint_operand_errors_are_tool_failures ... ok
test cli_thin_entries_report_missing_producer ... ok
test cli_unknown_command_and_flags_are_tool_failures ... ok
test cli_unknown_command_with_help_is_still_a_tool_failure ... ok
test cli_fmt_parse_failure_reports_envelope_and_writes_nothing ... ok
test server_ignores_incremental_only_changes ... ok
test server_publishes_nothing_after_close ... ok
test cli_fmt_check_clean_and_drift ... ok
test explain_e1xxx_valid_examples_parse_clean ... ok
test cli_fmt_rewrites_files_in_place ... ok
test server_publishes_only_current_versions ... ok
test server_reports_method_not_found ... ok
test transport_json_values_round_trip ... ok
test transport_framing_round_trip_with_split_reads ... ok
test cli_lint_analysis_errors_exit_10_without_findings ... ok
test cli_lint_clean_file_reports_empty_envelope ... ok
test cli_lint_reports_findings_and_exits_zero ... ok
test cli_compile_teamtasks_reports_emission_diagnostics ... ok
test explain_round_trips_every_emitted_code ... ok
test cli_thin_entries_passthrough_args_and_exit_codes ... ok

test result: ok. 30 passed; 0 failed; 0 ignored; 0 measured; 0 filtered out; finished in 0.49s

     Running tests/b3_authoring_join.rs (/private/tmp/canlang-compiler-pass2/debug/deps/b3_authoring_join-6993852c3940bfb5)

running 3 tests
test fixture_parses_clean_in_process ... ok
test authoring_join_demo_empty_catalog ... ok
test authoring_join_demo ... ok

test result: ok. 3 passed; 0 failed; 0 ignored; 0 measured; 0 filtered out; finished in 0.33s

     Running tests/b3_s4.rs (/private/tmp/canlang-compiler-pass2/debug/deps/b3_s4-debd6708bcab4381)

running 4 tests
test stale_reapply_reports_both_hashes_as_json ... ok
test lint_without_fix_has_no_fixes_key ... ok
test lsp_driver_code_action_roundtrip_through_real_binary ... ok
test fix_json_is_deterministic_across_reruns ... ok

test result: ok. 4 passed; 0 failed; 0 ignored; 0 measured; 0 filtered out; finished in 0.02s

     Running tests/exe.rs (/private/tmp/canlang-compiler-pass2/debug/deps/exe-15efd9f20c0e68b0)

running 11 tests
test forced_internal_error_is_e7005_exit_2_without_trace ... ok
test docs_help_golden_names_flags_and_exits ... ok
test docs_broken_source_exits_10_without_writing ... ok
test docs_out_refuses_can_sources_before_any_work ... ok
test lsp_eof_and_shutdown_exit_cleanly ... ok
test version_golden_has_versions_and_commit ... ok
test help_golden_documents_everything ... ok
test exit_codes_are_stable ... ok
test completions_snapshot_matches_shipped_scripts ... ok
test help_alias_matches_flag_form ... ok
test compile_twice_is_byte_identical ... ok

test result: ok. 11 passed; 0 failed; 0 ignored; 0 measured; 0 filtered out; finished in 0.08s

     Running tests/ide.rs (/private/tmp/canlang-compiler-pass2/debug/deps/ide-aaac35bebb451ae4)

running 31 tests
test hover_description_shows_source_language_only ... ok
test completion_section_keywords ... ok
test completion_type_position ... ok
test definition_spans ... ok
test hover_description_static_reference_resolves_wording ... ok
test completion_builtin_with_catalog ... ok
test document_symbols_outline ... ok
test fixes_for_analysis_diagnostics_are_deliberately_empty ... ok
test completion_expression_scope ... ok
test hover_builtin_with_catalog ... ok
test hover_shows_descriptions ... ok
test hover_local_binding_shows_type ... ok
test hover_predicate_and_unresolved_are_empty ... ok
test hover_param_description_from_slot ... ok
test hover_field_description_spellings ... ok
test offset_at_position_cases ... ok
test hover_symbol_decl_and_use ... ok
test import_member_resolves_to_export ... ok
test semantic_tokens_tiny_exact ... ok
test rename_spans_and_hash ... ok
test semantic_tokens_classify_fixture ... ok
test references_spans ... ok
test lint_fix_preserves_analysis ... ok
test lint_fix_wrap_apply_and_stale ... ok
test server_capability_negotiation ... ok
test server_publishes_analysis_and_lint ... ok
test server_stale_version_suppressed_with_real_backend ... ok
test server_completion_and_semantic_tokens ... ok
test server_rename_and_invalid_name ... ok
test server_hover_definition_references_roundtrip ... ok
test server_code_action_fix_application ... ok

test result: ok. 31 passed; 0 failed; 0 ignored; 0 measured; 0 filtered out; finished in 0.01s

     Running tests/lsp_admission.rs (/private/tmp/canlang-compiler-pass2/debug/deps/lsp_admission-51e1133ebc11c078)

running 23 tests
test eof_keeps_the_existing_clean_disconnect_exit ... ok
test initialize_admits_unknown_capabilities_and_extensions ... ok
test exit_before_shutdown_has_exit_code_one ... ok
test lifecycle_precedence_is_envelope_then_lifecycle_then_method_then_params ... ok
test invalid_shutdown_and_exit_params_do_not_change_lifecycle ... ok
test malformed_did_open_is_silent_and_does_not_create_a_document ... ok
test known_method_field_errors_reply_to_requests_and_leave_notifications_silent ... ok
test notifications_outside_ready_cannot_open_documents_or_publish ... ok
test primitive_shutdown_and_exit_params_are_envelope_errors ... ok
test malformed_json_is_a_null_parse_error_and_consumes_the_frame ... ok
test malformed_did_change_does_not_mutate_or_publish_a_new_version ... ok
test decoded_reserved_duplicate_keys_are_rejected_before_dispatch ... ok
test shutdown_then_exit_is_clean ... ok
test valid_notification_envelopes_are_silent_without_initializing ... ok
test torn_headers_and_body_keep_the_existing_clean_disconnect_exit ... ok
test valid_required_contexts_and_maximum_position_are_admitted ... ok
test valid_unicode_string_id_keeps_its_semantic_value ... ok
test shutdown_and_exit_accept_absent_null_and_empty_object_params ... ok
test malformed_utf8_is_one_parse_error_and_does_not_initialize ... ok
test invalid_initialize_fields_do_not_initialize ... ok
test illegal_ids_are_null_correlated_and_never_initialize ... ok
test accepted_integral_ids_preserve_the_original_number_lexeme ... ok
test malformed_envelopes_correlate_only_a_unique_legal_id ... ok

test result: ok. 23 passed; 0 failed; 0 ignored; 0 measured; 0 filtered out; finished in 0.17s
