   Compiling canlang-compiler v0.1.0 (/Users/vince/Projects/canlang/compiler)
    Finished `test` profile [unoptimized + debuginfo] target(s) in 3.01s
     Running unittests src/lib.rs (/private/tmp/canlang-compiler-pass2/debug/deps/canlang_compiler-643991ad8f3c610b)

running 23 tests
test lsp::server::tests::uri_to_path_decodes_file_uris ... ok
test lsp::server::tests::completion_kind_names_map_to_lsp_integers ... ok
test lsp::transport::tests::exact_lsp_integers_accept_decimal_equivalents_without_rounding ... ok
test lsp::transport::tests::envelopes_reject_reserved_duplicates_and_preserve_safe_correlation ... ok
test lsp::server::tests::exit_without_shutdown_is_an_error ... ok
test lsp::transport::tests::framing_counts_multibyte_unicode_as_bytes ... ok
test lsp::transport::tests::framing_errors_are_invalid_data ... ok
test lsp::transport::tests::framing_round_trip_with_split_reads ... ok
test lsp::server::tests::lifecycle_gates_requests_and_exit_codes ... ok
test lsp::transport::tests::framing_preserves_malformed_utf8_and_the_next_frame ... ok
test lsp::server::tests::requests_after_shutdown_are_invalid ... ok
test lsp::transport::tests::incomplete_utf8_sequence_stops_at_the_body_boundary ... ok
test lsp::transport::tests::json_round_trip_with_escapes_and_unicode ... ok
test lsp::server::tests::completion_response_carries_integer_kinds ... ok
test lsp::server::tests::stub_requests_answer_empty ... ok
test lsp::server::tests::invalid_notifications_and_initialize_leave_state_unchanged ... ok
test lsp::server::tests::out_of_range_positions_are_invalid_params ... ok
test lsp::transport::tests::malformed_content_length_values_rejected ... ok
test lsp::transport::tests::malformed_json_rejected ... ok
test lsp::transport::tests::surrogate_pairs_decode_and_lone_surrogates_fail ... ok
test lsp::server::tests::identical_content_change_keeps_version_semantics ... ok
test lsp::transport::tests::rpc_builders_shape ... ok
test lsp::transport::tests::large_multibyte_string_parses_in_linear_time ... ok

test result: ok. 23 passed; 0 failed; 0 ignored; 0 measured; 73 filtered out; finished in 0.00s
