{
  "counts": {
    "passed": 6,
    "failed": 2
  },
  "preload": {
    "peerUrl": "file:///private/tmp/canlang-runtime-pure-after-db57c379/packages/cloudflare/dist/runtime/stdlib.js",
    "success": true,
    "identity": {
      "int64": true,
      "datetime": true,
      "compareInstant": true
    }
  },
  "checks": [
    {
      "name": "numeric genuine module preload and actual omitted-default row creation",
      "passed": true
    },
    {
      "name": "numeric actual arithmetic result equals 2n",
      "passed": false
    },
    {
      "name": "datetime caller text constructor and real fixed datetime comparison emitted",
      "passed": true
    },
    {
      "name": "datetime earlier caller text yields exact boolean",
      "passed": true
    },
    {
      "name": "datetime boolean replay exact result",
      "passed": false
    },
    {
      "name": "datetime equal caller text yields exact boolean",
      "passed": true
    },
    {
      "name": "datetime later caller text yields exact boolean",
      "passed": true
    },
    {
      "name": "datetime malformed runtime text refuses",
      "passed": true
    }
  ],
  "numeric": {
    "error": {
      "code": "validation",
      "message": "Invalid operation inputs.",
      "operation_id": "01a118b9-ea93-726d-8f18-864bca46c1e3",
      "retryable": false
    }
  }
}

