{
  "counts": {
    "passed": 7,
    "failed": 1
  },
  "preload": {
    "peerUrl": "file:///private/tmp/canlang-runtime-pure-after-db57c379/packages/cloudflare/dist/runtime/stdlib.js",
    "success": true,
    "identity": {
      "int64": true,
      "datetime": true,
      "compareInstant": true
    }
  },
  "checks": [
    {
      "name": "numeric genuine module preload and actual omitted-default row creation",
      "passed": true
    },
    {
      "name": "numeric actual arithmetic result equals 2n",
      "passed": false
    },
    {
      "name": "datetime caller text constructor and real fixed datetime comparison emitted",
      "passed": true
    },
    {
      "name": "datetime earlier caller text yields exact boolean",
      "passed": true
    },
    {
      "name": "datetime boolean replay exact result",
      "passed": true
    },
    {
      "name": "datetime equal caller text yields exact boolean",
      "passed": true
    },
    {
      "name": "datetime later caller text yields exact boolean",
      "passed": true
    },
    {
      "name": "datetime malformed runtime text refuses",
      "passed": true
    }
  ],
  "numeric": {
    "error": {
      "code": "rule_failed",
      "message": "int64 must be a bigint",
      "operation_id": "01a118ba-a0d7-7e57-85e1-a74045e671f8",
      "retryable": false
    }
  }
}

