   Compiling syn v2.0.119
   Compiling canlang-compiler v0.1.0 (/private/tmp/can-checked-cohort-q9067s_c/compiler)
   Compiling synstructure v0.13.2
   Compiling yoke-derive v0.8.2
   Compiling yoke v0.8.3
   Compiling zerovec v0.11.8
   Compiling zerotrie v0.2.5
   Compiling tinystr v0.8.4
   Compiling potential_utf v0.1.6
   Compiling icu_collections v2.3.0
   Compiling icu_locale_core v2.3.0
   Compiling icu_provider v2.3.1
   Compiling icu_properties v2.3.0
   Compiling icu_normalizer v2.3.0
   Compiling idna_adapter v1.2.2
   Compiling idna v1.1.0
   Compiling url v2.5.8
   Compiling sourcemap v9.3.2
    Finished `dev` profile [unoptimized + debuginfo] target(s) in 10.05s
     Running `/private/tmp/can-checked-cohort-q9067s_c/target/debug/can compile --format=json --catalog=/Users/vince/Projects/canlang/implementation/compiler-completion/checked-cohort/baseline-catalog.json /Users/vince/Projects/canlang/implementation/compiler-completion/checked-cohort/cli-control.can`
