    Checking stable_deref_trait v1.2.1
    Checking writeable v0.6.4
    Checking litemap v0.8.3
    Checking utf8_iter v1.0.4
    Checking libc v0.2.190
    Checking serde_core v1.0.229
    Checking icu_properties_data v2.3.0
    Checking zerofrom v0.1.8
    Checking icu_normalizer_data v2.3.0
    Checking typenum v1.20.1
    Checking smallvec v1.16.2
    Checking zmij v1.0.23
    Checking yoke v0.8.3
    Checking percent-encoding v2.3.2
    Checking tap v1.0.1
    Checking cfg-if v1.0.5
    Checking memchr v2.8.3
    Checking itoa v1.0.18
    Checking wyz v0.5.1
    Checking form_urlencoded v1.2.2
    Checking zerovec v0.11.8
    Checking zerotrie v0.2.5
    Checking radium v0.7.0
    Checking uuid v1.27.0
    Checking bitflags v2.13.2
    Checking funty v2.0.0
    Checking bitflags v1.3.2
    Checking outref v0.5.2
    Checking vsimd v0.8.0
    Checking fluent-uri v0.1.4
    Checking unicode-id-start v1.5.0
    Checking rustc-hash v2.1.3
    Checking if_chain v1.0.3
    Checking data-encoding v2.11.1
    Checking once_cell v1.21.4
   Compiling canlang-compiler v0.1.0 (/Users/vince/Projects/canlang/compiler)
    Checking fastrand v2.5.0
    Checking bitvec v1.1.1
    Checking base64-simd v0.8.0
    Checking generic-array v0.14.7
    Checking tinystr v0.8.4
    Checking potential_utf v0.1.6
    Checking errno v0.3.14
    Checking getrandom v0.4.3
    Checking cpufeatures v0.2.17
    Checking icu_collections v2.3.0
    Checking rustix v1.1.5
    Checking icu_locale_core v2.3.0
    Checking crypto-common v0.1.7
    Checking block-buffer v0.10.4
    Checking digest v0.10.7
    Checking sha2 v0.10.9
    Checking icu_provider v2.3.1
    Checking tempfile v3.27.0
    Checking icu_properties v2.3.0
    Checking icu_normalizer v2.3.0
    Checking serde v1.0.229
    Checking serde_json v1.0.151
    Checking debugid v0.8.0
    Checking idna_adapter v1.2.2
    Checking lsp-types v0.97.0
    Checking idna v1.1.0
    Checking url v2.5.8
    Checking sourcemap v9.3.2
error: you seem to be trying to use `match` for an equality check. Consider using `if`
   --> src/syntax/layout.rs:296:9
    |
296 | /         match head.kind {
297 | |             TokenKind::Desc => {
298 | |                 if brackets.is_empty() {
299 | |                     flat.push(TreeLine {
...   |
312 | |             _ => {}
313 | |         }
    | |_________^
    |
    = help: for further information visit https://rust-lang.github.io/rust-clippy/rust-1.99.0/index.html#single_match
    = note: `-D clippy::single-match` implied by `-D warnings`
    = help: to override `-D warnings` add `#[allow(clippy::single_match)]`
help: try
    |
296 ~         if head.kind == TokenKind::Desc {
297 +             if brackets.is_empty() {
298 +                 flat.push(TreeLine {
299 +                     indent: phys.indent,
300 +                     tokens: vec![head.clone()],
301 +                     children: Vec::new(),
302 +                     first_line: phys.number,
303 +                     is_desc: true,
304 +                 });
305 +             } else {
306 +                 // Inside joined delimiters: inline (schema fields).
307 +                 pending.push(head.clone());
308 +             }
309 +             continue;
310 +         }
    |

error: could not compile `canlang-compiler` (lib) due to 1 previous error
