Installed declaration scratch (preserved on success or failure): /private/var/folders/5x/bpszcvmj1tddmjp35y21dt680000gn/T/canlang-installed-types-r6U2vZ
bun install v1.4.2 (744846f84)
error: bun is unable to write files to tempdir: EPERM
node:internal/errors:986
  const err = new Error(message);
              ^

Error: Command failed: bun install --ignore-scripts
    at genericNodeError (node:internal/errors:986:15)
    at wrappedFn (node:internal/errors:540:14)
    at checkExecSyncError (node:child_process:942:11)
    at execFileSync (node:child_process:978:15)
    at file:///Users/vince/Projects/canlang/scripts/verify-installed-types.mjs:105:3
    at ModuleJob.run (node:internal/modules/esm/module_job:561:25)
    at async node:internal/modules/esm/loader:647:26
    at async asyncRunEntryPointWithESMLoader (node:internal/modules/run_main:101:5) {
  status: 1,
  signal: null,
  output: [ null, null, null ],
  pid: 57764,
  stdout: null,
  stderr: null
}

Node.js v24.21.0
