    Blocking waiting for file lock on build directory
    Checking stable_deref_trait v1.2.1
    Checking writeable v0.6.4
    Checking litemap v0.8.3
    Checking utf8_iter v1.0.4
    Checking smallvec v1.16.2
    Checking percent-encoding v2.3.2
    Checking icu_normalizer_data v2.3.0
    Checking icu_properties_data v2.3.0
   Compiling canlang-compiler v0.1.0 (/Users/vince/Projects/canlang/compiler)
    Checking zerofrom v0.1.8
    Checking form_urlencoded v1.2.2
    Checking yoke v0.8.3
    Checking zerovec v0.11.8
    Checking zerotrie v0.2.5
    Checking tinystr v0.8.4
    Checking potential_utf v0.1.6
    Checking icu_collections v2.3.0
    Checking icu_locale_core v2.3.0
    Checking icu_provider v2.3.1
    Checking icu_normalizer v2.3.0
    Checking icu_properties v2.3.0
    Checking idna_adapter v1.2.2
    Checking idna v1.1.0
    Checking url v2.5.8
    Finished `dev` profile [unoptimized + debuginfo] target(s) in 8.42s
