   Compiling proc-macro2 v1.0.107
   Compiling unicode-ident v1.0.26
   Compiling quote v1.0.47
   Compiling stable_deref_trait v1.2.1
   Compiling version_check v0.9.5
   Compiling litemap v0.8.3
   Compiling writeable v0.6.4
   Compiling icu_properties_data v2.3.0
   Compiling icu_normalizer_data v2.3.0
   Compiling utf8_iter v1.0.4
   Compiling typenum v1.20.1
   Compiling libc v0.2.190
   Compiling smallvec v1.16.2
   Compiling cfg-if v1.0.5
   Compiling generic-array v0.14.7
   Compiling getrandom v0.4.3
   Compiling rustix v1.1.5
   Compiling linux-raw-sys v0.12.1
   Compiling bitflags v2.13.2
   Compiling percent-encoding v2.3.2
   Compiling canlang-compiler v0.1.0 (/profile/baseline/compiler)
   Compiling cpufeatures v0.2.17
   Compiling fastrand v2.5.0
   Compiling once_cell v1.21.4
   Compiling form_urlencoded v1.2.2
   Compiling crypto-common v0.1.7
   Compiling block-buffer v0.10.4
   Compiling digest v0.10.7
   Compiling syn v3.0.6
   Compiling syn v2.0.119
   Compiling sha2 v0.10.9
   Compiling tempfile v3.27.0
   Compiling synstructure v0.13.2
   Compiling synstructure v0.14.0
   Compiling zerovec-derive v0.11.6
   Compiling displaydoc v0.2.7
   Compiling yoke-derive v0.8.2
   Compiling zerofrom-derive v0.1.8
   Compiling zerofrom v0.1.8
   Compiling yoke v0.8.3
   Compiling zerovec v0.11.8
   Compiling zerotrie v0.2.5
   Compiling tinystr v0.8.4
   Compiling potential_utf v0.1.6
   Compiling icu_collections v2.3.0
   Compiling icu_locale_core v2.3.0
   Compiling icu_provider v2.3.1
   Compiling icu_normalizer v2.3.0
   Compiling icu_properties v2.3.0
   Compiling idna_adapter v1.2.2
   Compiling idna v1.1.0
   Compiling url v2.5.8
    Finished `release` profile [optimized] target(s) in 2m 02s
