
   • turbo 2.11.7
   • Packages in scope: @canlang/interfaces
   • Running build in 1 package
   • Remote caching disabled

@canlang/interfaces:build:prepare: cache bypass, force executing 5466e88d80b6c9f7
@canlang/contracts:build:prepare: cache bypass, force executing 75860e34c9057b67
@canlang/values:build:prepare: cache bypass, force executing 1dd57d503d7ff077
@canlang/ui:build:prepare: cache bypass, force executing 03fdc74bfd0d6023
@canlang/values:build:prepare: $ node ../../scripts/build-package.mjs --prepare
@canlang/ui:build:prepare: $ node ../../scripts/build-package.mjs --prepare
@canlang/contracts:build:prepare: $ node ../../scripts/build-package.mjs --prepare
@canlang/interfaces:build:prepare: $ node ../../scripts/build-package.mjs --prepare
@canlang/identity:build:prepare: cache bypass, force executing ec13784c9c1fd8ec
@canlang/contracts:build: cache miss, executing a6c28faefdcc8d69
@canlang/identity:build:prepare: $ node ../../scripts/build-package.mjs --prepare
@canlang/contracts:build: $ node ../../scripts/build-package.mjs
@canlang/contracts:build: $ tsc -p tsconfig.json
@canlang/values:build: cache miss, executing 8ad756c0a77bcce1
@canlang/ui:build: cache miss, executing 9aceaa903e4d24dc
@canlang/identity:build: cache miss, executing fe39b255e27eaf3e
@canlang/values:build: $ node ../../scripts/build-package.mjs
@canlang/ui:build: $ node ../../scripts/build-package.mjs
@canlang/identity:build: $ node ../../scripts/build-package.mjs
@canlang/values:build: $ tsc -p tsconfig.json && node scripts/stage-semantics.mjs
@canlang/ui:build: $ tsc -p tsconfig.json && node scripts/build-browser.mjs
@canlang/identity:build: $ tsc -p tsconfig.json && mkdir -p dist/test/fixtures && cp -r test/fixtures/. dist/test/fixtures/
@canlang/ui:build: build-browser: installed bootstrap.js, polling.js, can-style.css + manifest.json (daisyui 5.7.47, catalog 0.1.0-lane05-draft, binders guarded-form,once-action,poll-region)
@canlang/interfaces:build: cache miss, executing 7794267f0041ce9c
@canlang/interfaces:build: $ node ../../scripts/build-package.mjs
@canlang/interfaces:build: $ tsc -p tsconfig.json && mkdir -p dist/test/fixtures && cp -r test/fixtures/. dist/test/fixtures/

 Tasks:    10 successful, 10 total
Cached:    0 cached, 10 total
  Time:    6.118s 

