   Compiling proc-macro2 v1.0.107
   Compiling quote v1.0.47
   Compiling unicode-ident v1.0.26
    Checking stable_deref_trait v1.2.1
   Compiling libc v0.2.190
    Checking writeable v0.6.4
    Checking litemap v0.8.3
   Compiling icu_properties_data v2.3.0
   Compiling version_check v0.9.5
   Compiling icu_normalizer_data v2.3.0
    Checking utf8_iter v1.0.4
   Compiling serde_core v1.0.229
    Checking typenum v1.20.1
    Checking smallvec v1.16.2
   Compiling zmij v1.0.23
   Compiling serde v1.0.229
   Compiling generic-array v0.14.7
   Compiling serde_json v1.0.151
   Compiling radium v0.7.0
    Checking cfg-if v1.0.5
   Compiling rustix v1.1.5
    Checking memchr v2.8.3
    Checking itoa v1.0.18
    Checking percent-encoding v2.3.2
    Checking tap v1.0.1
   Compiling getrandom v0.4.3
    Checking wyz v0.5.1
    Checking form_urlencoded v1.2.2
    Checking vsimd v0.8.0
    Checking outref v0.5.2
    Checking bitflags v1.3.2
    Checking uuid v1.27.0
    Checking bitflags v2.13.2
    Checking funty v2.0.0
   Compiling syn v3.0.6
   Compiling syn v2.0.119
    Checking crypto-common v0.1.7
    Checking block-buffer v0.10.4
    Checking fluent-uri v0.1.4
   Compiling canlang-compiler v0.1.0 (/Users/vince/Projects/canlang/compiler)
    Checking errno v0.3.14
    Checking cpufeatures v0.2.17
    Checking base64-simd v0.8.0
    Checking digest v0.10.7
    Checking unicode-id-start v1.5.0
    Checking rustc-hash v2.1.3
    Checking if_chain v1.0.3
    Checking bitvec v1.1.1
    Checking data-encoding v2.11.1
    Checking once_cell v1.21.4
    Checking fastrand v2.5.0
    Checking sha2 v0.10.9
    Checking tempfile v3.27.0
   Compiling synstructure v0.13.2
   Compiling synstructure v0.14.0
   Compiling yoke-derive v0.8.2
   Compiling zerofrom-derive v0.1.8
   Compiling zerovec-derive v0.11.6
   Compiling displaydoc v0.2.7
   Compiling serde_derive v1.0.229
   Compiling serde_repr v0.1.21
    Checking zerofrom v0.1.8
    Checking yoke v0.8.3
    Checking zerovec v0.11.8
    Checking zerotrie v0.2.5
    Checking tinystr v0.8.4
    Checking potential_utf v0.1.6
    Checking icu_collections v2.3.0
    Checking icu_locale_core v2.3.0
    Checking debugid v0.8.0
    Checking lsp-types v0.97.0
    Checking icu_provider v2.3.1
    Checking icu_properties v2.3.0
    Checking icu_normalizer v2.3.0
    Checking idna_adapter v1.2.2
    Checking idna v1.1.0
    Checking url v2.5.8
    Checking sourcemap v9.3.2
    Finished `dev` profile [unoptimized + debuginfo] target(s) in 13.47s
