   Compiling canlang-compiler v0.1.0 (/Users/vince/Projects/canlang/compiler)
    Finished `test` profile [unoptimized + debuginfo] target(s) in 0.97s
     Running tests/decimal_runtime.rs (compiler/target/debug/deps/decimal_runtime-6d3d9ce6d1217f47)

thread 'checked_decimal_materialization_and_default_consumers' (2177799) panicked at tests/decimal_runtime.rs:38:5:

node:internal/modules/run_main:107
    triggerUncaughtException(
    ^

AssertionError [ERR_ASSERTION]: Expected values to be strictly equal:
+ actual - expected

+ undefined
- 'invalid-wire'

    at file:///private/var/folders/5x/bpszcvmj1tddmjp35y21dt680000gn/T/can-decimal-PUxyCe/execute.mjs:28:8 {
  generatedMessage: true,
  code: 'ERR_ASSERTION',
  actual: undefined,
  expected: 'invalid-wire',
  operator: 'strictEqual',
  diff: 'simple'
}

Node.js v24.21.0

note: run with `RUST_BACKTRACE=1` environment variable to display a backtrace
error: test failed, to rerun pass `--test decimal_runtime`
