    Updating crates.io index
     Locking 43 packages to highest Rust 1.99.0 compatible versions
 Downloading crates ...
  Downloaded serde_repr v0.1.21
  Downloaded fluent-uri v0.1.4
  Downloaded yoke-derive v0.8.4
  Downloaded lsp-types v0.97.0
   Compiling proc-macro2 v1.0.107
   Compiling quote v1.0.47
   Compiling unicode-ident v1.0.26
   Compiling stable_deref_trait v1.2.1
   Compiling litemap v0.8.3
   Compiling writeable v0.6.4
   Compiling icu_normalizer_data v2.3.0
   Compiling icu_properties_data v2.3.0
   Compiling utf8_iter v1.0.4
   Compiling serde_core v1.0.229
   Compiling smallvec v1.16.2
   Compiling zmij v1.0.23
   Compiling serde v1.0.229
   Compiling serde_json v1.0.151
   Compiling bitflags v1.3.2
   Compiling percent-encoding v2.3.2
   Compiling memchr v2.8.3
   Compiling itoa v1.0.18
   Compiling form_urlencoded v1.2.2
   Compiling fluent-uri v0.1.4
   Compiling syn v3.0.6
   Compiling synstructure v0.14.0
   Compiling zerovec-derive v0.11.6
   Compiling displaydoc v0.2.7
   Compiling serde_derive v1.0.229
   Compiling serde_repr v0.1.21
   Compiling zerofrom-derive v0.1.8
   Compiling yoke-derive v0.8.4
   Compiling zerofrom v0.1.8
   Compiling yoke v0.8.3
   Compiling zerovec v0.11.8
   Compiling zerotrie v0.2.5
   Compiling tinystr v0.8.4
   Compiling potential_utf v0.1.6
   Compiling icu_collections v2.3.0
   Compiling icu_locale_core v2.3.0
   Compiling lsp-types v0.97.0
   Compiling icu_provider v2.3.1
   Compiling icu_properties v2.3.0
   Compiling icu_normalizer v2.3.0
   Compiling idna_adapter v1.2.2
   Compiling idna v1.1.0
   Compiling url v2.5.8
   Compiling can-pass7-library v0.0.0 (/private/tmp/canlang-pass7-library)
    Finished `dev` profile [unoptimized + debuginfo] target(s) in 7.46s
     Running `/private/tmp/canlang-pass7-library/target/debug/can-pass7-library`
"untitled:1": Ok(("untitled:1", "\"untitled:1\""))
"custom:///A%2Fb/%C3%A9": Ok(("custom:///A%2Fb/%C3%A9", "\"custom:///A%2Fb/%C3%A9\""))
"FILE:///a%20b": Ok(("FILE:///a%20b", "\"FILE:///a%20b\""))
"file:///é😀.can": Err(ParseError { index: 8, kind: UnexpectedChar })
"file:///a%ff.can": Ok(("file:///a%ff.can", "\"file:///a%ff.can\""))
"/a.can": Ok(("/a.can", "\"/a.can\""))
"": Ok(("", "\"\""))
"file://server/share/a.can": Ok(("file://server/share/a.can", "\"file://server/share/a.can\""))
"file:///100%.can": Err(ParseError { index: 11, kind: InvalidOctet })
unopened {"uri":"file:///a.can","version":null}
