
   • turbo 2.11.7
   • Packages in scope: @canlang/cloudflare
   • Running build in 1 package
   • Remote caching disabled

@canlang/work:build:prepare: cache bypass, force executing 47b85266f33f6aa9
@canlang/services:build:prepare: cache bypass, force executing 4432256999b41e53
@canlang/interfaces:build:prepare: cache bypass, force executing df41640f04c3a8ec
@canlang/cloudflare:build:prepare: cache bypass, force executing dbfc406011ed58e9
@canlang/work:build:prepare: $ node ../../scripts/build-package.mjs --prepare
@canlang/cloudflare:build:prepare: $ node ../../scripts/build-package.mjs --prepare
@canlang/services:build:prepare: $ node ../../scripts/build-package.mjs --prepare
@canlang/interfaces:build:prepare: $ node ../../scripts/build-package.mjs --prepare
@canlang/contracts:build:prepare: cache bypass, force executing eb5d778e78d8de06
@canlang/contracts:build:prepare: $ node ../../scripts/build-package.mjs --prepare
@canlang/files:build:prepare: cache bypass, force executing f02b5352a1348c67
@canlang/state:build:prepare: cache bypass, force executing 5ea9e4cba36202bd
@canlang/files:build:prepare: $ node ../../scripts/build-package.mjs --prepare
@canlang/state:build:prepare: $ node ../../scripts/build-package.mjs --prepare
@canlang/values:build:prepare: cache bypass, force executing a527a513ea020859
@canlang/values:build:prepare: $ node ../../scripts/build-package.mjs --prepare
@canlang/stdlib:build:prepare: cache bypass, force executing 8bc51f924ba7e19a
@canlang/stdlib:build:prepare: $ node ../../scripts/build-package.mjs --prepare
@canlang/identity:build:prepare: cache bypass, force executing c945123ee669a498
@canlang/identity:build:prepare: $ node ../../scripts/build-package.mjs --prepare
@canlang/ui:build:prepare: cache bypass, force executing 4f4392edeb6649a3
@canlang/ui:build:prepare: $ node ../../scripts/build-package.mjs --prepare
@canlang/contracts:build: cache miss, executing 84226667649fce5a
@canlang/contracts:build: $ node ../../scripts/build-package.mjs
@canlang/contracts:build: $ tsc -p tsconfig.json
@canlang/ui:build: cache miss, executing 2c098c9258001f73
@canlang/state:build: cache miss, executing 1abc3e876cd45550
@canlang/services:build: cache miss, executing 45b524a15d572454
@canlang/identity:build: cache miss, executing 26cfe548917c2ea3
@canlang/ui:build: $ node ../../scripts/build-package.mjs
@canlang/services:build: $ node ../../scripts/build-package.mjs
@canlang/identity:build: $ node ../../scripts/build-package.mjs
@canlang/state:build: $ node ../../scripts/build-package.mjs
@canlang/state:build: $ tsc -p tsconfig.json
@canlang/services:build: $ tsc -p tsconfig.json
@canlang/ui:build: $ tsc -p tsconfig.json && node scripts/build-browser.mjs
@canlang/identity:build: $ tsc -p tsconfig.json && mkdir -p dist/test/fixtures && cp -r test/fixtures/. dist/test/fixtures/
@canlang/values:build: cache miss, executing 684e52bae8f2c7de
@canlang/values:build: $ node ../../scripts/build-package.mjs
@canlang/values:build: $ tsc -p tsconfig.json && node scripts/stage-semantics.mjs
@canlang/files:build: cache miss, executing 281da054b59dacaf
@canlang/files:build: $ node ../../scripts/build-package.mjs
@canlang/files:build: $ tsc -p tsconfig.json
@canlang/ui:build: build-browser: installed bootstrap.js, polling.js, can-style.css + manifest.json (daisyui 5.7.47, catalog 0.1.0-lane05-draft, binders guarded-form,once-action,poll-region)
@canlang/interfaces:build: cache miss, executing 6658b09fd18d5957
@canlang/interfaces:build: $ node ../../scripts/build-package.mjs
@canlang/interfaces:build: $ tsc -p tsconfig.json && mkdir -p dist/test/fixtures && cp -r test/fixtures/. dist/test/fixtures/
@canlang/work:build: cache miss, executing bab719b16cd1c6e1
@canlang/stdlib:build: cache miss, executing 3b10f572154ec4e1
@canlang/work:build: $ node ../../scripts/build-package.mjs
@canlang/stdlib:build: $ node ../../scripts/build-package.mjs
@canlang/work:build: $ tsc -p tsconfig.json
@canlang/stdlib:build: $ tsc -p tsconfig.json
@canlang/cloudflare:build: cache miss, executing 662e92a9be06cee3
@canlang/cloudflare:build: $ node ../../scripts/build-package.mjs
@canlang/cloudflare:build: $ tsc -p tsconfig.json && chmod +x dist/cli/platform.js

 Tasks:    22 successful, 22 total
Cached:    0 cached, 22 total
  Time:    6.561s 

