
   • turbo 2.11.7
   • Packages in scope: @canlang/cloudflare
   • Running build in 1 package
   • Remote caching disabled

@canlang/files:build:prepare: cache bypass, force executing 9c2916bb8a3c556a
@canlang/stdlib:build:prepare: cache bypass, force executing 9ef8e0e71098148e
@canlang/services:build:prepare: cache bypass, force executing 12df4f13df6ce61b
@canlang/interfaces:build:prepare: cache bypass, force executing b488d633a8a6da10
@canlang/services:build:prepare: $ node ../../scripts/build-package.mjs --prepare
@canlang/files:build:prepare: $ node ../../scripts/build-package.mjs --prepare
@canlang/interfaces:build:prepare: $ node ../../scripts/build-package.mjs --prepare
@canlang/stdlib:build:prepare: $ node ../../scripts/build-package.mjs --prepare
@canlang/work:build:prepare: cache bypass, force executing 1a8628d52c96ee5f
@canlang/cloudflare:build:prepare: cache bypass, force executing 4f8734aeb8beb683
@canlang/values:build:prepare: cache bypass, force executing fd9e1807b63bdb8e
@canlang/work:build:prepare: $ node ../../scripts/build-package.mjs --prepare
@canlang/cloudflare:build:prepare: $ node ../../scripts/build-package.mjs --prepare
@canlang/values:build:prepare: $ node ../../scripts/build-package.mjs --prepare
@canlang/contracts:build:prepare: cache bypass, force executing 6526834833307a6e
@canlang/contracts:build:prepare: $ node ../../scripts/build-package.mjs --prepare
@canlang/state:build:prepare: cache bypass, force executing 2ac77faf27fc9419
@canlang/identity:build:prepare: cache bypass, force executing aa28489cafbaf8e8
@canlang/state:build:prepare: $ node ../../scripts/build-package.mjs --prepare
@canlang/identity:build:prepare: $ node ../../scripts/build-package.mjs --prepare
@canlang/ui:build:prepare: cache bypass, force executing bab5b2e2ef62d861
@canlang/contracts:build: cache miss, executing c7297b6fc1a620b7
@canlang/ui:build:prepare: $ node ../../scripts/build-package.mjs --prepare
@canlang/contracts:build: $ node ../../scripts/build-package.mjs
@canlang/contracts:build: $ tsc -p tsconfig.json
@canlang/state:build: cache miss, executing 580c39785359d9b6
@canlang/services:build: cache miss, executing 63e0c6bdef4af8a0
@canlang/values:build: cache miss, executing 0386a6e9cec5efe6
@canlang/ui:build: cache miss, executing 4eeb76b500e65b34
@canlang/state:build: $ node ../../scripts/build-package.mjs
@canlang/values:build: $ node ../../scripts/build-package.mjs
@canlang/services:build: $ node ../../scripts/build-package.mjs
@canlang/ui:build: $ node ../../scripts/build-package.mjs
@canlang/values:build: $ tsc -p tsconfig.json && node scripts/stage-semantics.mjs
@canlang/services:build: $ tsc -p tsconfig.json
@canlang/state:build: $ tsc -p tsconfig.json
@canlang/ui:build: $ tsc -p tsconfig.json && node scripts/build-browser.mjs
@canlang/identity:build: cache miss, executing 71b4753a3b29c054
@canlang/identity:build: $ node ../../scripts/build-package.mjs
@canlang/identity:build: $ tsc -p tsconfig.json && mkdir -p dist/test/fixtures && cp -r test/fixtures/. dist/test/fixtures/
@canlang/files:build: cache miss, executing a40f9f44b9516d4e
@canlang/files:build: $ node ../../scripts/build-package.mjs
@canlang/files:build: $ tsc -p tsconfig.json
@canlang/ui:build: build-browser: installed bootstrap.js, polling.js, can-style.css + manifest.json (daisyui 5.7.47, catalog 0.1.0-lane05-draft, binders guarded-form,once-action,poll-region)
@canlang/interfaces:build: cache miss, executing fcfa9dc744def525
@canlang/interfaces:build: $ node ../../scripts/build-package.mjs
@canlang/interfaces:build: $ tsc -p tsconfig.json && mkdir -p dist/test/fixtures && cp -r test/fixtures/. dist/test/fixtures/
@canlang/stdlib:build: cache miss, executing 34a05334b16a68e0
@canlang/work:build: cache miss, executing de6f96e51ebe2cfc
@canlang/work:build: $ node ../../scripts/build-package.mjs
@canlang/stdlib:build: $ node ../../scripts/build-package.mjs
@canlang/stdlib:build: $ tsc -p tsconfig.json
@canlang/work:build: $ tsc -p tsconfig.json
@canlang/cloudflare:build: cache miss, executing 6b603e9dd46b7a1e
@canlang/cloudflare:build: $ node ../../scripts/build-package.mjs
@canlang/cloudflare:build: $ tsc -p tsconfig.json && chmod +x dist/cli/platform.js
@canlang/cloudflare:build: src/runtime/invoke.ts(7432,10): error TS2304: Cannot find name 'isRecord'.
@canlang/cloudflare:build: src/runtime/invoke.ts(7436,7): error TS2304: Cannot find name 'isRecord'.
@canlang/cloudflare:build: src/runtime/invoke.ts(7437,35): error TS2304: Cannot find name 'isRecord'.
@canlang/cloudflare:build: node:internal/errors:986
@canlang/cloudflare:build:   const err = new Error(message);
@canlang/cloudflare:build:               ^
@canlang/cloudflare:build: 
@canlang/cloudflare:build: Error: Command failed: bun run build:emit
@canlang/cloudflare:build:     at genericNodeError (node:internal/errors:986:15)
@canlang/cloudflare:build:     at wrappedFn (node:internal/errors:540:14)
@canlang/cloudflare:build:     at checkExecSyncError (node:child_process:942:11)
@canlang/cloudflare:build:     at execFileSync (node:child_process:978:15)
@canlang/cloudflare:build:     at file:///Users/vince/Projects/canlang/scripts/build-package.mjs:45:3
@canlang/cloudflare:build:     at ModuleJob.run (node:internal/modules/esm/module_job:561:25)
@canlang/cloudflare:build:     at async node:internal/modules/esm/loader:647:26
@canlang/cloudflare:build:     at async asyncRunEntryPointWithESMLoader (node:internal/modules/run_main:101:5) {
@canlang/cloudflare:build:   status: 2,
@canlang/cloudflare:build:   signal: null,
@canlang/cloudflare:build:   output: [ null, null, null ],
@canlang/cloudflare:build:   pid: 1204,
@canlang/cloudflare:build:   stdout: null,
@canlang/cloudflare:build:   stderr: null
@canlang/cloudflare:build: }
@canlang/cloudflare:build: 
@canlang/cloudflare:build: Node.js v24.21.0
@canlang/cloudflare:build: error: script "build" exited with code 1
@canlang/cloudflare#build:  ERROR  command (/Users/vince/Projects/canlang/packages/cloudflare) /Users/vince/.bun/bin/bun run build exited (1)

 Tasks:    21 successful, 22 total
Cached:    0 cached, 22 total
  Time:    6.905s 
Failed:    @canlang/cloudflare#build

 ERROR  run failed: command  exited (1)
