▶ T16b canonical scenario (handler as the execute seam)
  ✖ denies gateless scenarios with typed denial; gated members still commit (21.684917ms)
✖ T16b canonical scenario (handler as the execute seam) (23.065375ms)
▶ T16b canonical negatives (codes + unchanged state)
  ✖ live store wins: removal after resolve denies the held identity (2.52725ms)
✖ T16b canonical negatives (codes + unchanged state) (2.718833ms)
▶ T16b committing scenario (guard fails loud, rejection replays)
  ✔ receipts the guard trip as a rejection; domain state never mutates (3.62ms)
✔ T16b committing scenario (guard fails loud, rejection replays) (3.727916ms)
ℹ tests 3
ℹ suites 3
ℹ pass 1
ℹ fail 2
ℹ cancelled 0
ℹ skipped 0
ℹ todo 0
ℹ duration_ms 139.093375

✖ failing tests:

test at packages/cloudflare/dist/runtime/t16b-canonical.test.js:674:5
✖ denies gateless scenarios with typed denial; gated members still commit (21.684917ms)
  AssertionError [ERR_ASSERTION]: Expected values to be strictly equal:
  + actual - expected
  
  + 'rule_failed'
  - 'forbidden'
  
      at TestContext.<anonymous> (file:///Users/vince/Projects/canlang/packages/cloudflare/dist/runtime/t16b-canonical.test.js:706:20)
      at async Test.run (node:internal/test_runner/test:1409:7)
      at async Promise.all (index 3)
      at async Suite.run (node:internal/test_runner/test:1905:7)
      at async startSubtestAfterBootstrap (node:internal/test_runner/harness:387:3) {
    generatedMessage: true,
    code: 'ERR_ASSERTION',
    actual: 'rule_failed',
    expected: 'forbidden',
    operator: 'strictEqual',
    diff: 'simple'
  }

test at packages/cloudflare/dist/runtime/t16b-canonical.test.js:801:5
✖ live store wins: removal after resolve denies the held identity (2.52725ms)
  AssertionError [ERR_ASSERTION]: member admits first, got {"error":{"code":"rule_failed","message":"t17b: model \"acme.Todo\" appDefinition/canApp policy disagreement.","operation_id":"01a11852-dd0e-7772-83b8-5bb179e62d25","retryable":false}}
      at TestContext.<anonymous> (file:///Users/vince/Projects/canlang/packages/cloudflare/dist/runtime/t16b-canonical.test.js:814:16)
      at async Test.run (node:internal/test_runner/test:1409:7)
      at async Promise.all (index 3)
      at async Suite.run (node:internal/test_runner/test:1905:7)
      at async Test.processPendingSubtests (node:internal/test_runner/test:974:7) {
    generatedMessage: false,
    code: 'ERR_ASSERTION',
    actual: false,
    expected: true,
    operator: '==',
    diff: 'simple'
  }
