{
  "moduleOwner": "Actual assembleModules -> actual buildInvoker canonical seam; original compiler artifact supplied unchanged; stdlib resolves through supported public package.",
  "qualification": "Identity and storage use package test memory implementations; no durable storage or production identity deployment claim. Outcomes report the actual seam, including any unsupported read-scenario boundary.",
  "rows": [
    {
      "name": "member",
      "outcome": {
        "error": {
          "code": "validation",
          "message": "Operation \"Guard.echo\" cannot serve reads in the T17 core scope: readable operations are named <Model>.read.",
          "retryable": false
        }
      }
    },
    {
      "name": "anonymous",
      "outcome": {
        "error": {
          "code": "validation",
          "message": "Operation \"Guard.echo\" cannot serve reads in the T17 core scope: readable operations are named <Model>.read.",
          "retryable": false
        }
      }
    }
  ]
}
