
   • turbo 2.11.7
   • Packages in scope: @canlang/cloudflare
   • Running typecheck:check in 1 package
   • Remote caching disabled

@canlang/cloudflare:build:prepare: cache bypass, force executing 096d1dfc622e1b17
@canlang/stdlib:build:prepare: cache bypass, force executing 3248cb8e8baa17cc
@canlang/ui:build:prepare: cache bypass, force executing 1615b4ea89a99d06
@canlang/services:build:prepare: cache bypass, force executing eea21fd5460c31d4
@canlang/cloudflare:build:prepare: $ node ../../scripts/build-package.mjs --prepare
@canlang/ui:build:prepare: $ node ../../scripts/build-package.mjs --prepare
@canlang/stdlib:build:prepare: $ node ../../scripts/build-package.mjs --prepare
@canlang/services:build:prepare: $ node ../../scripts/build-package.mjs --prepare
@canlang/work:build:prepare: cache bypass, force executing 5ae3a6d54858d506
@canlang/work:build:prepare: $ node ../../scripts/build-package.mjs --prepare
@canlang/interfaces:build:prepare: cache bypass, force executing 4c2bbfb56424f0fa
@canlang/interfaces:build:prepare: $ node ../../scripts/build-package.mjs --prepare
@canlang/files:build:prepare: cache bypass, force executing 2aa1e5e3c461734a
@canlang/files:build:prepare: $ node ../../scripts/build-package.mjs --prepare
@canlang/values:build:prepare: cache bypass, force executing 28410494e9765f29
@canlang/values:build:prepare: $ node ../../scripts/build-package.mjs --prepare
@canlang/identity:build:prepare: cache bypass, force executing cb066061e54785ba
@canlang/identity:build:prepare: $ node ../../scripts/build-package.mjs --prepare
@canlang/state:build:prepare: cache bypass, force executing ccfefa8979713d0c
@canlang/state:build:prepare: $ node ../../scripts/build-package.mjs --prepare
@canlang/contracts:build:prepare: cache bypass, force executing 4820a399b941c429
@canlang/contracts:build:prepare: $ node ../../scripts/build-package.mjs --prepare
@canlang/contracts:build: cache miss, executing e7e2a27a469860bd
@canlang/contracts:build: $ node ../../scripts/build-package.mjs
@canlang/contracts:build: $ tsc -p tsconfig.json
@canlang/services:build: cache miss, executing 603776810a131336
@canlang/identity:build: cache miss, executing e47b1880e4e651cc
@canlang/ui:build: cache miss, executing 02fd724c6fdb7a08
@canlang/state:build: cache miss, executing 633a603a3bfb2677
@canlang/identity:build: $ node ../../scripts/build-package.mjs
@canlang/services:build: $ node ../../scripts/build-package.mjs
@canlang/ui:build: $ node ../../scripts/build-package.mjs
@canlang/state:build: $ node ../../scripts/build-package.mjs
@canlang/services:build: $ tsc -p tsconfig.json
@canlang/ui:build: $ tsc -p tsconfig.json && node scripts/build-browser.mjs
@canlang/state:build: $ tsc -p tsconfig.json
@canlang/identity:build: $ tsc -p tsconfig.json && mkdir -p dist/test/fixtures && cp -r test/fixtures/. dist/test/fixtures/
@canlang/values:build: cache miss, executing 89c6248251422d0a
@canlang/values:build: $ node ../../scripts/build-package.mjs
@canlang/values:build: $ tsc -p tsconfig.json && node scripts/stage-semantics.mjs
@canlang/files:build: cache miss, executing f159a789a28b235d
@canlang/files:build: $ node ../../scripts/build-package.mjs
@canlang/files:build: $ tsc -p tsconfig.json
@canlang/ui:build: build-browser: installed bootstrap.js, polling.js, can-style.css + manifest.json (daisyui 5.7.47, catalog 0.1.0-lane05-draft, binders guarded-form,once-action,poll-region)
@canlang/interfaces:build: cache miss, executing b178d981c00876fe
@canlang/interfaces:build: $ node ../../scripts/build-package.mjs
@canlang/stdlib:build: cache miss, executing e1ea8b9e5d11bb30
@canlang/work:build: cache miss, executing 37da302a46562bae
@canlang/stdlib:build: $ node ../../scripts/build-package.mjs
@canlang/work:build: $ node ../../scripts/build-package.mjs
@canlang/interfaces:build: $ tsc -p tsconfig.json && mkdir -p dist/test/fixtures && cp -r test/fixtures/. dist/test/fixtures/
@canlang/work:build: $ tsc -p tsconfig.json
@canlang/stdlib:build: $ tsc -p tsconfig.json
@canlang/cloudflare:build: cache miss, executing af0918a150633f6c
@canlang/cloudflare:build: $ node ../../scripts/build-package.mjs
@canlang/cloudflare:build: $ tsc -p tsconfig.json && chmod +x dist/cli/platform.js
@canlang/cloudflare:typecheck:check: cache bypass, force executing 0622512ec3afd7df
@canlang/cloudflare:typecheck:check: $ tsc --noEmit -p tsconfig.json

 Tasks:    23 successful, 23 total
Cached:    0 cached, 23 total
  Time:    7.002s 

