
   • turbo 2.11.7
   • Packages in scope: @canlang/state, @canlang/stdlib
   • Running typecheck:check in 2 packages
   • Remote caching disabled

@canlang/contracts:build:prepare: cache bypass, force executing 6526834833307a6e
@canlang/stdlib:build:prepare: cache bypass, force executing 9ef8e0e71098148e
@canlang/state:build:prepare: cache bypass, force executing 2ac77faf27fc9419
@canlang/values:build:prepare: cache bypass, force executing fd9e1807b63bdb8e
@canlang/contracts:build:prepare: $ node ../../scripts/build-package.mjs --prepare
@canlang/values:build:prepare: $ node ../../scripts/build-package.mjs --prepare
@canlang/state:build:prepare: $ node ../../scripts/build-package.mjs --prepare
@canlang/stdlib:build:prepare: $ node ../../scripts/build-package.mjs --prepare
@canlang/contracts:build: cache hit, replaying logs c7297b6fc1a620b7
@canlang/contracts:build: $ node ../../scripts/build-package.mjs
@canlang/contracts:build: $ tsc -p tsconfig.json
@canlang/values:build: cache hit, replaying logs 0386a6e9cec5efe6
@canlang/values:build: $ node ../../scripts/build-package.mjs
@canlang/values:build: $ tsc -p tsconfig.json && node scripts/stage-semantics.mjs
@canlang/state:build: cache hit, replaying logs 580c39785359d9b6
@canlang/state:build: $ node ../../scripts/build-package.mjs
@canlang/state:build: $ tsc -p tsconfig.json
@canlang/state:typecheck:check: cache bypass, force executing eb4ab0cc1f087fc0
@canlang/stdlib:build: cache hit, replaying logs 34a05334b16a68e0
@canlang/stdlib:build: $ node ../../scripts/build-package.mjs
@canlang/stdlib:build: $ tsc -p tsconfig.json
@canlang/stdlib:typecheck:check: cache bypass, force executing 9796a42e85397260
@canlang/state:typecheck:check: $ tsc -p tsconfig.json --noEmit
@canlang/stdlib:typecheck:check: $ tsc -p tsconfig.json --noEmit

 Tasks:    10 successful, 10 total
Cached:    4 cached, 10 total
  Time:    1.705s 

