$ node scripts/verify-turbo-cache.mjs
cache verifier: frozen-install
cache verifier: bun-version
cache verifier: turbo-version
cache verifier: baseline
cache verifier: cold
cache verifier: unchanged-warm
cache verifier: full-restore
cache verifier: dist-only-restore
cache verifier: executable-restore
cache verifier: upstream-api-change
cache verifier: mutated-uncached-rebuild
cache verifier: baseline-restore
cache verifier: separate-owner-preservation
cache verifier: separate-owner-cache-exclusion
cache verifier: leaf-api-change
cache verifier: leaf-source-change
cache verifier: source-rollback-with-extra-outputs
cache verifier: leaf-extra-output-cache-restore
cache verifier: leaf-source-deletion
cache verifier: source-rollback-without-preclean
cache verifier: lock-change
cache verifier: shared-config-change
cache verifier: browser-source-change
cache verifier: generated-wasm-change
cache verifier: identity-CAN_BUILD_HOST
cache verifier: identity-CAN_BUILD_NODE
cache verifier: identity-CAN_BUILD_BUN
cache verifier: environment-NODE_ENV
cache verifier: environment-TZ
cache verifier: producer-failure
Turbo cache verification passed. Evidence: /private/var/folders/5x/bpszcvmj1tddmjp35y21dt680000gn/T/canlang-turbo-cache-hRtqbq/evidence/report.json
