$ node scripts/run-tasks.mjs build

   • turbo 2.11.7
   • Packages in scope: @canlang/cloudflare, @canlang/contracts, @canlang/files, @canlang/identity, @canlang/interfaces, @canlang/services, @canlang/state, @canlang/stdlib, @canlang/testkit, @canlang/ui, @canlang/values, @canlang/work, @canlang/work-kernel
   • Running build in 13 packages
   • Remote caching disabled

@canlang/ui:build:prepare: cache bypass, force executing 10f7623508f3c433
@canlang/stdlib:build:prepare: cache bypass, force executing a4a17d1c7ef177de
@canlang/testkit:build:prepare: cache bypass, force executing 2691302eb00c7c6a
@canlang/files:build:prepare: cache bypass, force executing 49f995efb2f9a43d
@canlang/testkit:build:prepare: $ node ../../scripts/build-package.mjs --prepare
@canlang/files:build:prepare: $ node ../../scripts/build-package.mjs --prepare
@canlang/stdlib:build:prepare: $ node ../../scripts/build-package.mjs --prepare
@canlang/ui:build:prepare: $ node ../../scripts/build-package.mjs --prepare
@canlang/services:build:prepare: cache bypass, force executing e00b779d7878d0d0
@canlang/services:build:prepare: $ node ../../scripts/build-package.mjs --prepare
@canlang/identity:build:prepare: cache bypass, force executing f956654f0cdc1b9a
@canlang/values:build:prepare: cache bypass, force executing 1c08c60c6e623227
@canlang/identity:build:prepare: $ node ../../scripts/build-package.mjs --prepare
@canlang/values:build:prepare: $ node ../../scripts/build-package.mjs --prepare
@canlang/state:build:prepare: cache bypass, force executing bb68668e1dd84886
@canlang/state:build:prepare: $ node ../../scripts/build-package.mjs --prepare
@canlang/cloudflare:build:prepare: cache bypass, force executing de6e1b213fe9776f
@canlang/interfaces:build:prepare: cache bypass, force executing f4d03ca1888d50b1
@canlang/cloudflare:build:prepare: $ node ../../scripts/build-package.mjs --prepare
@canlang/interfaces:build:prepare: $ node ../../scripts/build-package.mjs --prepare
@canlang/work:build:prepare: cache bypass, force executing 9069186bb63ec358
@canlang/work:build:prepare: $ node ../../scripts/build-package.mjs --prepare
@canlang/contracts:build:prepare: cache bypass, force executing e7f21e9264a82717
@canlang/contracts:build:prepare: $ node ../../scripts/build-package.mjs --prepare
@canlang/work-kernel:build:prepare: cache bypass, force executing fb7346e67e5a63fc
@canlang/work-kernel:build:prepare: $ node ../../scripts/build-package.mjs --prepare
@canlang/contracts:build: cache miss, executing 2f898ece05896aec
@canlang/contracts:build: $ node ../../scripts/build-package.mjs
@canlang/contracts:build: $ tsc -p tsconfig.json
@canlang/ui:build: cache miss, executing 7ba7679125676396
@canlang/values:build: cache miss, executing 54f629b7cf4dbdc7
@canlang/services:build: cache miss, executing c278817f933ddd15
@canlang/work-kernel:build: cache miss, executing daca078c89bddc32
@canlang/ui:build: $ node ../../scripts/build-package.mjs
@canlang/work-kernel:build: $ node ../../scripts/build-package.mjs
@canlang/values:build: $ node ../../scripts/build-package.mjs
@canlang/services:build: $ node ../../scripts/build-package.mjs
@canlang/services:build: $ tsc -p tsconfig.json
@canlang/work-kernel:build: $ tsc -p tsconfig.json
@canlang/ui:build: $ tsc -p tsconfig.json && node scripts/build-browser.mjs
@canlang/values:build: $ tsc -p tsconfig.json && node scripts/stage-semantics.mjs
@canlang/state:build: cache miss, executing 47f19057d2be038a
@canlang/state:build: $ node ../../scripts/build-package.mjs
@canlang/state:build: $ tsc -p tsconfig.json
@canlang/identity:build: cache miss, executing a9ce0b82626eba65
@canlang/identity:build: $ node ../../scripts/build-package.mjs
@canlang/identity:build: $ tsc -p tsconfig.json && mkdir -p dist/test/fixtures && cp -r test/fixtures/. dist/test/fixtures/
@canlang/files:build: cache miss, executing 5d6dcdcf7e4afacc
@canlang/files:build: $ node ../../scripts/build-package.mjs
@canlang/files:build: $ tsc -p tsconfig.json
@canlang/stdlib:build: cache miss, executing 84b07664df19d710
@canlang/ui:build: build-browser: installed bootstrap.js, polling.js, can-style.css + manifest.json (daisyui 5.7.47, catalog 0.1.0-lane05-draft, binders guarded-form,once-action,poll-region)
@canlang/stdlib:build: $ node ../../scripts/build-package.mjs
@canlang/interfaces:build: cache miss, executing 9c2bb2472cde50cd
@canlang/interfaces:build: $ node ../../scripts/build-package.mjs
@canlang/stdlib:build: $ tsc -p tsconfig.json
@canlang/interfaces:build: $ tsc -p tsconfig.json && mkdir -p dist/test/fixtures && cp -r test/fixtures/. dist/test/fixtures/
@canlang/work:build: cache miss, executing b549a1c8b460d949
@canlang/work:build: $ node ../../scripts/build-package.mjs
@canlang/work:build: $ tsc -p tsconfig.json
@canlang/cloudflare:build: cache miss, executing 7e704cc110e9324d
@canlang/cloudflare:build: $ node ../../scripts/build-package.mjs
@canlang/cloudflare:build: $ tsc -p tsconfig.json && chmod +x dist/cli/platform.js
@canlang/testkit:build: cache miss, executing 759a061f5617d793
@canlang/testkit:build: $ node ../../scripts/build-package.mjs
@canlang/testkit:build: $ tsc -p tsconfig.json

 Tasks:    26 successful, 26 total
Cached:    0 cached, 26 total
  Time:    7.991s 

