   Compiling version_check v0.9.5
   Compiling proc-macro2 v1.0.107
   Compiling quote v1.0.47
   Compiling unicode-ident v1.0.26
   Compiling typenum v1.20.1
   Compiling serde_core v1.0.229
   Compiling libc v0.2.190
   Compiling zmij v1.0.23
   Compiling serde v1.0.229
   Compiling serde_json v1.0.151
   Compiling itoa v1.0.18
   Compiling generic-array v0.14.7
   Compiling cfg-if v1.0.5
   Compiling memchr v2.8.3
   Compiling crypto-common v0.1.7
   Compiling block-buffer v0.10.4
   Compiling syn v3.0.6
   Compiling digest v0.10.7
   Compiling cpufeatures v0.2.17
   Compiling sha2 v0.10.9
   Compiling serde_derive v1.0.229
   Compiling can-preparation v0.1.0 (/Users/vince/Projects/canlang/packages/cloudflare/preparation)
    Finished `dev` profile [unoptimized + debuginfo] target(s) in 5.14s
