$ node scripts/run-tasks.mjs catalog:emit --filter=@canlang/values

   • turbo 2.11.7
   • Packages in scope: @canlang/values
   • Running catalog:emit in 1 package
   • Remote caching disabled

@canlang/contracts:build:prepare: cache bypass, force executing 677a4b35939db0b7
@canlang/values:build:prepare: cache bypass, force executing fc0062c4a8d9786b
@canlang/values:build:prepare: $ node ../../scripts/build-package.mjs --prepare
@canlang/contracts:build:prepare: $ node ../../scripts/build-package.mjs --prepare
@canlang/contracts:build: cache hit, replaying logs dca9015fcae23e1f
@canlang/contracts:build: $ node ../../scripts/build-package.mjs
@canlang/contracts:build: $ tsc -p tsconfig.json
@canlang/values:build: cache hit, replaying logs e91efcdd32ea6f10
@canlang/values:build: $ node ../../scripts/build-package.mjs
@canlang/values:build: $ tsc -p tsconfig.json && node scripts/stage-semantics.mjs
@canlang/values:catalog:emit: cache bypass, force executing cacff27b7f7f3d63
@canlang/values:catalog:emit: $ node scripts/emit-catalog.mjs
@canlang/values:catalog:emit: catalog 0.1.0-lane02-draft: 59 entries, 15 features -> dist/catalog.json

 Tasks:    5 successful, 5 total
Cached:    2 cached, 5 total
  Time:    228ms 

