   Compiling canlang-compiler v0.1.0 (/Users/vince/Projects/canlang/compiler)
error[E0308]: mismatched types
    --> src/explain.rs:104:34
     |
 104 |   const CATALOG: [CodeInfo; 116] = [
     |  ________________---------------___^
     | |                |
     | |                expected because of the type of the constant
 105 | |     CodeInfo {
 106 | |         code: "E1001",
 107 | |         title: "bare-carriage-return",
...    |
1040 | |     },
1041 | | ];
     | |_^ expected an array with a size of 116, found one with a size of 117
     |
     = note: expected array `[CodeInfo; 116]`
                found array `[CodeInfo; 117]`
help: consider specifying the actual array length
     |
 104 - const CATALOG: [CodeInfo; 116] = [
 104 + const CATALOG: [CodeInfo; 117] = [
     |

For more information about this error, try `rustc --explain E0308`.
error: could not compile `canlang-compiler` (lib test) due to 1 previous error
