
running 57 tests
test brackets_join_physical_lines ... ok
test at_suffix_and_route_slashes ... ok
test blank_and_comment_lines_emit_nothing ... ok
test bad_indentation ... ok
test desc_and_comment_markers ... ok
test cst_invariants ... ok
test crud_and_examples ... ok
test c01_invalid_string_payloads_keep_source_diagnostics ... ok
test desc_inside_delimiter_runs_decodes_without_panic ... ok
test description_attaches_at_same_column ... ok
test app_uses_attribute_selects_composed ... ok
test description_reference_and_suffix_attach ... ok
test description_codes ... ok
test corpus_given_leaf ... ok
test do_colon_recovery ... ok
test examples_sequence ... ok
test failed_attempts_emit_no_duplicate_diagnostics ... ok
test edit_group_and_bare_card ... ok
test catalog_items_shape ... ok
test file_structure ... ok
test expressions_and_queries ... ok
test invalid_numeric_units ... ok
test invalid_app_header_layout_wraps_identity_and_preserves_body ... ok
test gallery_collection ... ok
test json_strings_decode ... ok
test invocation_type_and_constructor ... ok
test lex_fragment_offsets ... ok
test lexer_error_codes_and_spans ... ok
test lexer_errors_preserve_bytes_as_bad_tokens ... ok
test given_declarations ... ok
test longest_match_punctuation ... ok
test invalid_shapes_rejected ... ok
test mapper_rejects_examples_line ... ok
test malformed_unicode_escapes_are_diagnostics ... ok
test misplaced_and_invalid_suffix ... ok
test migration_directives ... ok
test multiple_errors_recover_per_declaration ... ok
test numeric_kinds ... ok
test one_space_indent_nests ... ok
test oracle_deviations_parse_per_grammar ... ok
test public_lex_fragment_admits_fitting_byte_ranges ... ok
test judgment_compound ... ok
test public_lex_fragment_keeps_fitting_lexical_errors ... ok
test public_lex_fragment_refuses_the_whole_range_before_lexing ... ok
test single_char_punctuation ... ok
test semicolon_leaves ... ok
test presentation ... ok
test strings_cannot_span_lines ... ok
test suite_structure_failures_keep_partial_nodes ... ok
test trusted_handlers_reject_sequence_examples ... ok
test slot_and_preferences_panel ... ok
test unbalanced_delimiters ... ok
test types_and_labels ... ok
test parser_error_codes_and_spans ... ok
test when_execution ... ok
test golden_corpus_parses_clean ... ok
test nesting_budgets_diagnose_instead_of_crashing ... ok

test result: ok. 57 passed; 0 failed; 0 ignored; 0 measured; 0 filtered out; finished in 0.35s

