binary: /Users/vince/Projects/canlang/compiler/target/debug/can
PASS initialize/hoverProvider
PASS initialize/completionProvider
PASS initialize/definitionProvider
PASS initialize/referencesProvider
PASS initialize/renameProvider
PASS initialize/semanticTokensProvider.full
PASS initialize/codeActionProvider
PASS initialize/positionEncoding
PASS initialize/legend.tokenTypes
PASS initialize/legend.tokenModifiers
PASS hover/Todo-decl
PASS hover/param-use
PASS hover/keyword-empty
PASS completion/has-task
PASS completion/has-label
PASS completion/has-Todo
PASS completion/has-complete
PASS completion/has-and
PASS completion/has-or
PASS completion/kind-Todo-Class
PASS completion/kind-task-Variable
PASS completion/kind-and-Keyword
PASS completion/sorted
PASS completion/type-position
PASS definition/task-use
PASS definition/keyword-empty
PASS references/task
PASS rename/task
PASS rename/invalid-name-empty
PASS semanticTokens/quintuples
PASS semanticTokens/Todo-decl
PASS semanticTokens/field-decl
PASS semanticTokens/param-use
PASS semanticTokens/keyword
PASS codeAction/nonempty
PASS codeAction/title
PASS codeAction/kind
PASS codeAction/rewrite
PASS codeAction/clean-range-empty
ALL LSP CAPABILITY CHECKS PASSED
