   Compiling canlang-compiler v0.1.0 (/Users/vince/Projects/canlang/compiler)
    Finished `test` profile [unoptimized + debuginfo] target(s) in 1.87s
     Running tests/codegen.rs (compiler/target/debug/deps/codegen-05d37f97ce2b7725)

running 117 tests
test a2b_composite_unique_emits_sparse_member_and_registry_rule ... ok
test a2a_for_limit_checks_length_then_loops ... ok
test a2b_ui_profiles_lower_to_factories ... ok
test a2a_action_external_targets_lower_to_schema ... ok
test a2a_page_poll_refresh_lower_to_descriptor ... ok
test a2a_derive_call_lowers_to_awaited_named_fn ... ok
test a2b_named_args_lower_positionally_in_signature_order ... FAILED
test a2b_require_desugars_to_admit_and_gate ... ok
test construct_defaults ... ok
test construct_delivery ... ok
test construct_effects ... ok
test construct_fixtures_and_recipes ... ok
test construct_guards ... ok
test construct_messages_and_format ... ok
test construct_models_and_grants ... ok
test construct_page_admit_returns_preference_defaults ... ok
test construct_page_preferences_preamble_reads_bindings ... ok
test catalog_factories_lower_from_source ... ok
test construct_pages_admit_render ... ok
test construct_sequences ... ok
test construct_scalars_per_op ... ok
test construct_tables ... ok
test construct_ui_gate_ternary ... ok
test construct_ui_factories ... ok
test construct_value_query ... ok
test catalog_profile_violations_stay_loud ... ok
test d03_inline_field_variants_emit_source_only ... ok
test d03_inline_param_desc_reaches_mcp_source ... ok
test d03_message_reference_resolves_to_source ... ok
test d03_attached_and_legacy_feed_same_slot ... ok
test d03_empty_desc_stays_present ... ok
test d03_undescribed_inputs_omit_member ... ok
test derive_result_resolves_from_symbol_results ... ok
test f6_invalid_cohort_emits_no_descriptor ... ok
test f6_missing_bind_emits_null ... ok
test gap_helper_add_decimal ... ok
test f6_both_spellings_emit_cohort_descriptors ... ok
test gap_helper_divide_decimal_shapes ... ok
test gap_helper_divide_money ... ok
test form_fields_unknown_op_stays_loud ... ok
test gap_helper_multiply_decimal ... ok
test gap_helper_negate_decimal ... ok
test gap_helper_scalar_money_product ... ok
test gap_helper_subtract_decimal ... ok
test f6_no_cohort_emits_no_member ... ok
test omission_marker_flows_from_spelling_to_descriptor ... ok
test requires_pins_catalog_and_families ... ok
test c01_lexer_strings_reach_literal_metadata_and_message_lowering ... ok
test sourcemap_emitted_fixture_plain_snippet ... ok
test sourcemap_mappings_round_trip ... ok
test refuses_incomplete_analysis_without_ack ... ok
test sequence_as_binding_decodes ... ok
test t15a_field_default_mapping ... ok
test t15a_callable_identity ... ok
test t15a_literal_json_exactness ... ok
test t15a_model_field_tags ... ok
test t15a_negative_duplicate_record_name ... ok
test awaited_follows_catalog_effects ... FAILED
test form_fields_default_to_model_schema ... ok
test t15a_models_shape_end_to_end ... ok
test golden_teamtasks_structure ... FAILED
test t15a_parent_defaults_delete_modes_derived ... ok
test t15a_ownership_and_recursion ... ok
test t15a_negative_exotic_omits_operation_only ... ok
test t15a_operation_inputs_carry_arrays_defaults_nullable ... ok
test t15a_negative_kinds_closed ... ok
test t15b_delivery_descriptor_helper ... ok
test t15a_parent_path_extraction ... ok
test t15a_structural_literal_default ... ok
test t15b_operation_input_delivery_end_to_end ... ok
test t15b_closed_kinds_with_delivery ... ok
test t15b_model_delivery_end_to_end ... ok
test t15b_std_delivery_model_tags ... ok
test t15b_recipe_join_negatives_stay_shelled ... ok
test t15b_no_regress_t15a_mixed ... ok
test t18_r27_server_owned_checker ... ok
test t18_server_init_mapping ... ok
test t18_child_create_parent_input ... ok
test t15a_example_separation ... ok
test t31_before_after_reads_legal ... ok
test t18_server_init_end_to_end ... ok
test t31_before_snapshot_write_rejected ... ok
test t15b_recipe_join_std ... ok
test t31_before_delete_rejected_once ... ok
test t31_cross_model_staging_legal ... ok
test t31_delete_hook_after_adjust_rejected ... ok
test t31_delete_hook_cancel_barred ... ok
test t31_delete_hook_create_barred ... ok
test t31_delete_hook_require_read_legal ... ok
test golden_expenseflow_structure ... FAILED
test t31_delete_hook_set_barred ... ok
test t31_delete_outside_hook_legal ... ok
test t31_delete_hook_schedule_barred ... ok
test t31_delete_hook_same_model_order ... ok
test t31_hook_decimal_eq_unsupported ... ok
test t31_hook_expr_gaps ... ok
test t31_hook_emit_unsupported ... ok
test t31_hook_query_unsupported ... ok
test t31_hook_stmt_backstops ... ok
test t31_nested_same_model_barred ... ok
test t31_pending_delete_rejected_once ... ok
test t31_same_model_create_barred ... ok
test t31_same_model_set_barred ... ok
test t31_staged_delete_barred ... ok
test t31_verified_ref_set_outside_hook_legal ... ok
test unavailable_capability_errors ... ok
test unsupported_schema_positions_error ... ok
test value_queries_lower_from_source ... ok
test b4g_hook_team_operation_unchanged ... ok
test b4g_operation_id_lowers_through_c ... ok
test b4g_team_id_lowers_through_c ... ok
test t31_hook_delete_op_registry ... ok
test t31_plain_schedule_lowers ... ok
test t31_hook_run_shape ... ok
test t21l1_single_app_crud_entry_imports_and_executes ... ok
test t31_e2e_staged_failure_names_hook ... ok
test t31_e2e_emitted_hook_drives_engine ... ok

failures:

---- a2b_named_args_lower_positionally_in_signature_order stdout ----

thread 'a2b_named_args_lower_positionally_in_signature_order' (1727010) panicked at tests/codegen.rs:7463:5:
out-of-order named args reorder:
// Generated by can compile from shop; do not edit.
import { require as check, hasRole, money } from "@canlang/stdlib";
export const $can$o$73686f702e7469636b="shop.tick";
export const appDefinition={id:"shop",uses:[],packages:{shop:{roles:{}}},bindings:{},contracts:{},events:{},capabilities:{},models:{"shop.M":{readGrants:[{rule:"M.read.1"}],fields:{x:{type:"int"}}}},preferences:{},operations:{"shop.tick":{handler:"shop.tick",inputs:{},by:"members",read:false}},policy:{roles:[],models:{"shop.M":{read:["M.read.1"]}},operations:{"shop.tick":{by:["members"]}}},pages:[],disabled:["shop.M.create","shop.M.update","shop.M.delete"]};
export function canApp(){
return {
operations:[{"name":"shop.M.read","kind":"read","description":"","inputs":{"fields":[]}},{"name":"shop.tick","kind":"scenario","description":"","inputs":{"fields":[]}}],
read:{"M.read.1":(c,row)=>hasRole(c,"members")},
async "shop.tick"(c,{}){
check(hasRole(c,"members"),"forbidden");
const $can$l$313a61 = (($can$a$30)=>money($can$a$30[1],$can$a$30[0]))(["EUR",25n]);
const $can$l$323a62 = money(30n,"USD");
},
policy:{roles:[],models:{"shop.M":{read:["M.read.1"]}},operations:{"shop.tick":{by:["members"]}}},
};}

note: run with `RUST_BACKTRACE=1` environment variable to display a backtrace

---- awaited_follows_catalog_effects stdout ----

thread 'awaited_follows_catalog_effects' (1727013) panicked at tests/codegen.rs:765:5:
call still emits

---- golden_teamtasks_structure stdout ----

thread 'golden_teamtasks_structure' (1727093) panicked at tests/codegen.rs:638:5:
observations

---- golden_expenseflow_structure stdout ----

thread 'golden_expenseflow_structure' (1727090) panicked at tests/codegen.rs:1161:5:
role predicate observation


failures:
    a2b_named_args_lower_positionally_in_signature_order
    awaited_follows_catalog_effects
    golden_expenseflow_structure
    golden_teamtasks_structure

test result: FAILED. 113 passed; 4 failed; 0 ignored; 0 measured; 0 filtered out; finished in 0.20s

error: test failed, to rerun pass `--test codegen`
