   Compiling canlang-compiler v0.1.0 (/Users/vince/Projects/canlang/compiler)
    Finished `test` profile [unoptimized + debuginfo] target(s) in 4.44s
     Running tests/codegen.rs (compiler/target/debug/deps/codegen-05d37f97ce2b7725)

running 117 tests
test a2a_action_external_targets_lower_to_schema ... ok
test a2b_named_args_lower_positionally_in_signature_order ... ok
test a2b_composite_unique_emits_sparse_member_and_registry_rule ... ok
test a2a_derive_call_lowers_to_awaited_named_fn ... ok
test a2a_for_limit_checks_length_then_loops ... ok
test a2b_require_desugars_to_admit_and_gate ... ok
test a2a_page_poll_refresh_lower_to_descriptor ... ok
test construct_defaults ... ok
test a2b_ui_profiles_lower_to_factories ... ok
test construct_delivery ... ok
test construct_effects ... ok
test construct_guards ... ok
test construct_fixtures_and_recipes ... ok
test construct_messages_and_format ... ok
test construct_page_admit_returns_preference_defaults ... ok
test construct_models_and_grants ... ok
test construct_page_preferences_preamble_reads_bindings ... ok
test construct_pages_admit_render ... ok
test construct_sequences ... ok
test construct_tables ... ok
test catalog_profile_violations_stay_loud ... ok
test construct_value_query ... ok
test construct_ui_gate_ternary ... ok
test construct_ui_factories ... ok
test construct_scalars_per_op ... ok
test catalog_factories_lower_from_source ... ok
test d03_empty_desc_stays_present ... ok
test d03_message_reference_resolves_to_source ... ok
test d03_inline_param_desc_reaches_mcp_source ... ok
test d03_attached_and_legacy_feed_same_slot ... ok
test d03_inline_field_variants_emit_source_only ... ok
test derive_result_resolves_from_symbol_results ... ok
test d03_undescribed_inputs_omit_member ... ok
test f6_both_spellings_emit_cohort_descriptors ... ok
test f6_no_cohort_emits_no_member ... ok
test f6_missing_bind_emits_null ... ok
test gap_helper_add_decimal ... ok
test gap_helper_divide_decimal_shapes ... ok
test f6_invalid_cohort_emits_no_descriptor ... ok
test gap_helper_divide_money ... ok
test gap_helper_multiply_decimal ... ok
test gap_helper_negate_decimal ... ok
test gap_helper_scalar_money_product ... ok
test gap_helper_subtract_decimal ... ok
test form_fields_unknown_op_stays_loud ... ok
test omission_marker_flows_from_spelling_to_descriptor ... ok
test c01_lexer_strings_reach_literal_metadata_and_message_lowering ... ok
test refuses_incomplete_analysis_without_ack ... ok
test sourcemap_emitted_fixture_plain_snippet ... ok
test requires_pins_catalog_and_families ... ok
test sourcemap_mappings_round_trip ... ok
test t15a_callable_identity ... ok
test t15a_field_default_mapping ... ok
test form_fields_default_to_model_schema ... ok
test t15a_literal_json_exactness ... ok
test sequence_as_binding_decodes ... ok
test t15a_model_field_tags ... ok
test t15a_negative_duplicate_record_name ... ok
test t15a_negative_exotic_omits_operation_only ... ok
test t15a_models_shape_end_to_end ... ok
test awaited_follows_catalog_effects ... ok
test t15a_ownership_and_recursion ... ok
test t15a_operation_inputs_carry_arrays_defaults_nullable ... ok
test t15a_parent_defaults_delete_modes_derived ... ok
test t15a_parent_path_extraction ... ok
test t15b_delivery_descriptor_helper ... ok
test t15a_negative_kinds_closed ... ok
test t15b_closed_kinds_with_delivery ... ok
test t15a_structural_literal_default ... ok
test t15b_model_delivery_end_to_end ... ok
test t15b_recipe_join_negatives_stay_shelled ... ok
test t15b_std_delivery_model_tags ... ok
test t15b_operation_input_delivery_end_to_end ... ok
test t15b_no_regress_t15a_mixed ... ok
test t15a_example_separation ... ok
test t18_server_init_mapping ... ok
test t18_r27_server_owned_checker ... ok
test t18_child_create_parent_input ... ok
test t15b_recipe_join_std ... ok
test t31_before_after_reads_legal ... ok
test t31_before_delete_rejected_once ... ok
test t31_before_snapshot_write_rejected ... ok
test t18_server_init_end_to_end ... ok
test t31_cross_model_staging_legal ... ok
test t31_delete_hook_cancel_barred ... ok
test t31_delete_hook_create_barred ... ok
test t31_delete_hook_after_adjust_rejected ... ok
test t31_delete_hook_require_read_legal ... ok
test t31_delete_hook_same_model_order ... ok
test t31_delete_hook_set_barred ... ok
test t31_delete_hook_schedule_barred ... ok
test t31_delete_outside_hook_legal ... ok
test t31_hook_decimal_eq_unsupported ... ok
test t31_hook_emit_unsupported ... ok
test t31_hook_expr_gaps ... ok
test t31_hook_query_unsupported ... ok
test b4g_hook_team_operation_unchanged ... ok
test b4g_operation_id_lowers_through_c ... ok
test b4g_team_id_lowers_through_c ... ok
test t31_hook_stmt_backstops ... ok
test t31_pending_delete_rejected_once ... ok
test t31_nested_same_model_barred ... ok
test t31_same_model_set_barred ... ok
test t31_same_model_create_barred ... ok
test t31_staged_delete_barred ... ok
test t31_verified_ref_set_outside_hook_legal ... ok
test unsupported_schema_positions_error ... ok
test unavailable_capability_errors ... ok
test t31_hook_run_shape ... ok
test value_queries_lower_from_source ... ok
test t31_hook_delete_op_registry ... ok
test t31_plain_schedule_lowers ... ok
test t21l1_single_app_crud_entry_imports_and_executes ... ok
test t31_e2e_staged_failure_names_hook ... ok
test t31_e2e_emitted_hook_drives_engine ... ok
test golden_teamtasks_structure ... ok
test golden_expenseflow_structure ... ok

test result: ok. 117 passed; 0 failed; 0 ignored; 0 measured; 0 filtered out; finished in 0.27s

     Running tests/selected_calls.rs (compiler/target/debug/deps/selected_calls-a1c0b73248fb7a6d)

running 2 tests
test missing_checked_binding_has_no_catalog_reconstruction_fallback ... ok
{"scope":"Actual public production compile, unmodified installed stdlib/UI imports, finite direct-callable execution; canonical scenario/localized serving gaps retained.","cases":16,"receipts":[{"id":"selected","exit":0,"diagnostics":[]},{"id":"alias","exit":0,"diagnostics":[]},{"id":"same-arity","exit":0,"diagnostics":[]},{"id":"await-purity","exit":10,"diagnostics":[{"code":"E3010","severity":"error","message":"derived function value must be pure; 'starts_with' is not allowed here","primary":{"file":0,"start":31,"end":65},"related":[],"tags":[]}]},{"id":"await-scenario","exit":0,"diagnostics":[]},{"id":"await-installed-prerequisite","gap":"Production scenario import fails at actual absent stdlib require export; no mocked runtime await acceptance."},{"id":"missing-named","exit":10,"diagnostics":[{"code":"E3005","severity":"error","message":"`format` placeholder '{a}' has no values entry","primary":{"file":0,"start":47,"end":55},"related":[],"tags":[]},{"code":"E3005","severity":"error","message":"`format` placeholder '{z}' has no values entry","primary":{"file":0,"start":47,"end":55},"related":[],"tags":[]}]},{"id":"missing-reversed","exit":10,"diagnostics":[{"code":"E3005","severity":"error","message":"`format` placeholder '{a}' has no values entry","primary":{"file":0,"start":57,"end":65},"related":[],"tags":[]},{"code":"E3005","severity":"error","message":"`format` placeholder '{z}' has no values entry","primary":{"file":0,"start":57,"end":65},"related":[],"tags":[]}]},{"id":"malformed","exit":10,"diagnostics":[{"code":"E3005","severity":"error","message":"malformed `format` template: unterminated placeholder","primary":{"file":0,"start":57,"end":60},"related":[],"tags":[]}]},{"id":"builtin-exact-arity","exit":10,"diagnostics":[{"code":"E3005","severity":"error","message":"'lower' takes 1 arguments, given 0","primary":{"file":0,"start":68,"end":75},"related":[],"tags":[]}]},{"id":"user-required-slot","exit":10,"diagnostics":[{"code":"E3005","severity":"error","message":"missing required argument 'b' to derived function 'take'","primary":{"file":0,"start":68,"end":77},"related":[],"tags":[]}]},{"id":"user-unknown-slot","exit":10,"diagnostics":[{"code":"E3005","severity":"error","message":"derived function 'take' has no parameter 'unknown'","primary":{"file":0,"start":79,"end":90},"related":[],"tags":[]}]},{"id":"unbound-source","exit":10,"diagnostics":[{"code":"E2001","severity":"error","message":"unresolved name 'missing'","primary":{"file":0,"start":43,"end":50},"related":[],"tags":[]}]},{"id":"localized","exit":0,"diagnostics":[]},{"id":"localized-named","exit":10,"diagnostics":[{"code":"E6008","severity":"error","message":"cannot lower format call: no descriptor argument","primary":{"file":0,"start":49,"end":82},"related":[],"tags":[]}]},{"id":"localized-seam","gap":"Existing emitted context/facade mismatch and named outer-format E6008 retained, not qualified as repaired."}]}

test production_selected_calls_execute_actual_facades ... ok

test result: ok. 2 passed; 0 failed; 0 ignored; 0 measured; 0 filtered out; finished in 0.49s

