
   • turbo 2.11.7
   • Packages in scope: @canlang/cloudflare, @canlang/contracts, @canlang/files, @canlang/identity, @canlang/interfaces, @canlang/services, @canlang/state, @canlang/stdlib, @canlang/testkit, @canlang/ui, @canlang/values, @canlang/work, @canlang/work-kernel
   • Running build in 13 packages
   • Remote caching disabled

@canlang/interfaces:build:prepare: cache bypass, force executing 4571ed3e68aa6fd0
@canlang/stdlib:build:prepare: cache bypass, force executing 9229c00c85b55d20
@canlang/services:build:prepare: cache bypass, force executing f798c2d7230ee046
@canlang/identity:build:prepare: cache bypass, force executing ec4e9bb7d55c577d
@canlang/interfaces:build:prepare: $ node ../../scripts/build-package.mjs --prepare
@canlang/stdlib:build:prepare: $ node ../../scripts/build-package.mjs --prepare
@canlang/identity:build:prepare: $ node ../../scripts/build-package.mjs --prepare
@canlang/services:build:prepare: $ node ../../scripts/build-package.mjs --prepare
@canlang/work:build:prepare: cache bypass, force executing 2c32ed9dd26ff319
@canlang/ui:build:prepare: cache bypass, force executing 4d3692adf408c398
@canlang/contracts:build:prepare: cache bypass, force executing 16dfe9fdee2e38a5
@canlang/files:build:prepare: cache bypass, force executing 495a7f219dbb87b0
@canlang/ui:build:prepare: $ node ../../scripts/build-package.mjs --prepare
@canlang/work:build:prepare: $ node ../../scripts/build-package.mjs --prepare
@canlang/contracts:build:prepare: $ node ../../scripts/build-package.mjs --prepare
@canlang/files:build:prepare: $ node ../../scripts/build-package.mjs --prepare
@canlang/state:build:prepare: cache bypass, force executing eca7fb7787fc36d5
@canlang/work-kernel:build:prepare: cache bypass, force executing 85c872396d4b0611
@canlang/cloudflare:build:prepare: cache bypass, force executing 8f29abbb5820123a
@canlang/testkit:build:prepare: cache bypass, force executing 9ec28f9e5ae0874a
@canlang/work-kernel:build:prepare: $ node ../../scripts/build-package.mjs --prepare
@canlang/state:build:prepare: $ node ../../scripts/build-package.mjs --prepare
@canlang/cloudflare:build:prepare: $ node ../../scripts/build-package.mjs --prepare
@canlang/testkit:build:prepare: $ node ../../scripts/build-package.mjs --prepare
@canlang/values:build:prepare: cache bypass, force executing fc0062c4a8d9786b
@canlang/contracts:build: cache bypass, force executing e9cc65722c4cbcf4
@canlang/contracts:build: $ node ../../scripts/build-package.mjs
@canlang/values:build:prepare: $ node ../../scripts/build-package.mjs --prepare
@canlang/contracts:build: $ tsc -p tsconfig.json
@canlang/services:build: cache bypass, force executing 0d4a48d784186c00
@canlang/work-kernel:build: cache bypass, force executing 6df1c95ef59fb9a9
@canlang/values:build: cache bypass, force executing 594351c9d278742b
@canlang/ui:build: cache bypass, force executing 3944bdecfdbd67b3
@canlang/values:build: $ node ../../scripts/build-package.mjs
@canlang/work-kernel:build: $ node ../../scripts/build-package.mjs
@canlang/services:build: $ node ../../scripts/build-package.mjs
@canlang/ui:build: $ node ../../scripts/build-package.mjs
@canlang/values:build: $ tsc -p tsconfig.json && node scripts/stage-semantics.mjs
@canlang/work-kernel:build: $ tsc -p tsconfig.json
@canlang/ui:build: $ tsc -p tsconfig.json && node scripts/build-browser.mjs
@canlang/services:build: $ tsc -p tsconfig.json
@canlang/identity:build: cache bypass, force executing 9000778c89f8550e
@canlang/identity:build: $ node ../../scripts/build-package.mjs
@canlang/identity:build: $ tsc -p tsconfig.json && mkdir -p dist/test/fixtures && cp -r test/fixtures/. dist/test/fixtures/
@canlang/state:build: cache bypass, force executing 27c1baed3a8af4ef
@canlang/state:build: $ node ../../scripts/build-package.mjs
@canlang/state:build: $ tsc -p tsconfig.json
@canlang/files:build: cache bypass, force executing 6640420e488a6514
@canlang/files:build: $ node ../../scripts/build-package.mjs
@canlang/files:build: $ tsc -p tsconfig.json
@canlang/stdlib:build: cache bypass, force executing 34c20a345639e221
@canlang/stdlib:build: $ node ../../scripts/build-package.mjs
@canlang/stdlib:build: $ tsc -p tsconfig.json
@canlang/ui:build: build-browser: installed bootstrap.js, polling.js, can-style.css + manifest.json (daisyui 5.7.47, catalog 0.1.0-lane05-draft, binders guarded-form,once-action,poll-region)
@canlang/interfaces:build: cache bypass, force executing cdb59380cc794065
@canlang/interfaces:build: $ node ../../scripts/build-package.mjs
@canlang/interfaces:build: $ tsc -p tsconfig.json && mkdir -p dist/test/fixtures && cp -r test/fixtures/. dist/test/fixtures/
@canlang/work:build: cache bypass, force executing cfd9392035478746
@canlang/work:build: $ node ../../scripts/build-package.mjs
@canlang/work:build: $ tsc -p tsconfig.json
@canlang/cloudflare:build: cache bypass, force executing 9b9e9333448cef2b
@canlang/cloudflare:build: $ node ../../scripts/build-package.mjs
@canlang/cloudflare:build: $ tsc -p tsconfig.json && chmod +x dist/cli/platform.js
@canlang/testkit:build: cache bypass, force executing 3ef1515481174413
@canlang/testkit:build: $ node ../../scripts/build-package.mjs
@canlang/testkit:build: $ tsc -p tsconfig.json

  Tasks:    26 successful, 26 total
 Cached:    0 cached, 26 total
   Time:    9.845s 
Summary:    /private/var/folders/5x/bpszcvmj1tddmjp35y21dt680000gn/T/canlang-turbo-cache-hRtqbq/workspace/.turbo/runs/3KKqeuyiFkJqjEt3uTzuj0qv3o3.json

