
   • turbo 2.11.7
   • Packages in scope: @canlang/cloudflare, @canlang/contracts, @canlang/files, @canlang/identity, @canlang/interfaces, @canlang/services, @canlang/state, @canlang/stdlib, @canlang/testkit, @canlang/ui, @canlang/values, @canlang/work, @canlang/work-kernel
   • Running build in 13 packages
   • Remote caching disabled

@canlang/stdlib:build:prepare: cache bypass, force executing 9229c00c85b55d20
@canlang/cloudflare:build:prepare: cache bypass, force executing 8f29abbb5820123a
@canlang/ui:build:prepare: cache bypass, force executing 4d3692adf408c398
@canlang/work:build:prepare: cache bypass, force executing 2c32ed9dd26ff319
@canlang/cloudflare:build:prepare: $ node ../../scripts/build-package.mjs --prepare
@canlang/ui:build:prepare: $ node ../../scripts/build-package.mjs --prepare
@canlang/stdlib:build:prepare: $ node ../../scripts/build-package.mjs --prepare
@canlang/work:build:prepare: $ node ../../scripts/build-package.mjs --prepare
@canlang/interfaces:build:prepare: cache bypass, force executing 4571ed3e68aa6fd0
@canlang/values:build:prepare: cache bypass, force executing fc0062c4a8d9786b
@canlang/state:build:prepare: cache bypass, force executing eca7fb7787fc36d5
@canlang/work-kernel:build:prepare: cache bypass, force executing 85c872396d4b0611
@canlang/interfaces:build:prepare: $ node ../../scripts/build-package.mjs --prepare
@canlang/values:build:prepare: $ node ../../scripts/build-package.mjs --prepare
@canlang/work-kernel:build:prepare: $ node ../../scripts/build-package.mjs --prepare
@canlang/state:build:prepare: $ node ../../scripts/build-package.mjs --prepare
@canlang/contracts:build:prepare: cache bypass, force executing 75618f73e9fc1bc2
@canlang/files:build:prepare: cache bypass, force executing 495a7f219dbb87b0
@canlang/services:build:prepare: cache bypass, force executing f798c2d7230ee046
@canlang/testkit:build:prepare: cache bypass, force executing 9ec28f9e5ae0874a
@canlang/contracts:build:prepare: $ node ../../scripts/build-package.mjs --prepare
@canlang/files:build:prepare: $ node ../../scripts/build-package.mjs --prepare
@canlang/services:build:prepare: $ node ../../scripts/build-package.mjs --prepare
@canlang/testkit:build:prepare: $ node ../../scripts/build-package.mjs --prepare
@canlang/identity:build:prepare: cache bypass, force executing ec4e9bb7d55c577d
@canlang/contracts:build: cache miss, executing 550f9b8353d146bc
@canlang/identity:build:prepare: $ node ../../scripts/build-package.mjs --prepare
@canlang/contracts:build: $ node ../../scripts/build-package.mjs
@canlang/contracts:build: $ tsc -p tsconfig.json
@canlang/contracts:build: src/index.ts(41,14): error TS2322: Type '1' is not assignable to type 'never'.
@canlang/contracts:build: node:internal/errors:986
@canlang/contracts:build:   const err = new Error(message);
@canlang/contracts:build:               ^
@canlang/contracts:build: 
@canlang/contracts:build: Error: Command failed: bun run build:emit
@canlang/contracts:build:     at genericNodeError (node:internal/errors:986:15)
@canlang/contracts:build:     at wrappedFn (node:internal/errors:540:14)
@canlang/contracts:build:     at checkExecSyncError (node:child_process:942:11)
@canlang/contracts:build:     at execFileSync (node:child_process:978:15)
@canlang/contracts:build:     at file:///private/var/folders/5x/bpszcvmj1tddmjp35y21dt680000gn/T/canlang-turbo-cache-hRtqbq/workspace/scripts/build-package.mjs:45:3
@canlang/contracts:build:     at ModuleJob.run (node:internal/modules/esm/module_job:561:25)
@canlang/contracts:build:     at async node:internal/modules/esm/loader:647:26
@canlang/contracts:build:     at async asyncRunEntryPointWithESMLoader (node:internal/modules/run_main:101:5) {
@canlang/contracts:build:   status: 2,
@canlang/contracts:build:   signal: null,
@canlang/contracts:build:   output: [ null, null, null ],
@canlang/contracts:build:   pid: 5757,
@canlang/contracts:build:   stdout: null,
@canlang/contracts:build:   stderr: null
@canlang/contracts:build: }
@canlang/contracts:build: 
@canlang/contracts:build: Node.js v24.21.0
@canlang/contracts:build: error: script "build" exited with code 1

  Tasks:    13 successful, 14 total
 Cached:    0 cached, 14 total
   Time:    1.017s 
Summary:    /private/var/folders/5x/bpszcvmj1tddmjp35y21dt680000gn/T/canlang-turbo-cache-hRtqbq/workspace/.turbo/runs/3KKqi7DTrxY1cvsdxEoqBUiR9dA.json
 Failed:    @canlang/contracts#build

