
   • turbo 2.11.7
   • Packages in scope: @canlang/cloudflare, @canlang/contracts, @canlang/files, @canlang/identity, @canlang/interfaces, @canlang/services, @canlang/state, @canlang/stdlib, @canlang/testkit, @canlang/ui, @canlang/values, @canlang/work, @canlang/work-kernel
   • Running build in 13 packages
   • Remote caching disabled

@canlang/testkit:build:prepare: cache bypass, force executing bc66a7b9d83e664a
@canlang/identity:build:prepare: cache bypass, force executing b19c709b710badba
@canlang/state:build:prepare: cache bypass, force executing f76918e8bc841856
@canlang/cloudflare:build:prepare: cache bypass, force executing c79047ff7d3f848d
@canlang/identity:build:prepare: $ node ../../scripts/build-package.mjs --prepare
@canlang/state:build:prepare: $ node ../../scripts/build-package.mjs --prepare
@canlang/cloudflare:build:prepare: $ node ../../scripts/build-package.mjs --prepare
@canlang/testkit:build:prepare: $ node ../../scripts/build-package.mjs --prepare
@canlang/ui:build:prepare: cache bypass, force executing 95cbc753853cf0f0
@canlang/values:build:prepare: cache bypass, force executing 259a5b9ed9d8df14
@canlang/stdlib:build:prepare: cache bypass, force executing cc734becc8a5c0a4
@canlang/contracts:build:prepare: cache bypass, force executing e7bbb7fe339f16bd
@canlang/values:build:prepare: $ node ../../scripts/build-package.mjs --prepare
@canlang/ui:build:prepare: $ node ../../scripts/build-package.mjs --prepare
@canlang/stdlib:build:prepare: $ node ../../scripts/build-package.mjs --prepare
@canlang/contracts:build:prepare: $ node ../../scripts/build-package.mjs --prepare
@canlang/work-kernel:build:prepare: cache bypass, force executing f78e5a0cca3d4b50
@canlang/work:build:prepare: cache bypass, force executing 8884d0496d847ecd
@canlang/services:build:prepare: cache bypass, force executing df6fdc9cb24abcf4
@canlang/files:build:prepare: cache bypass, force executing 962d854d85532b79
@canlang/work-kernel:build:prepare: $ node ../../scripts/build-package.mjs --prepare
@canlang/services:build:prepare: $ node ../../scripts/build-package.mjs --prepare
@canlang/work:build:prepare: $ node ../../scripts/build-package.mjs --prepare
@canlang/files:build:prepare: $ node ../../scripts/build-package.mjs --prepare
@canlang/interfaces:build:prepare: cache bypass, force executing b61224e8f7340fe5
@canlang/contracts:build: cache miss, executing d7f095c38ec91abe
@canlang/interfaces:build:prepare: $ node ../../scripts/build-package.mjs --prepare
@canlang/contracts:build: $ node ../../scripts/build-package.mjs
@canlang/contracts:build: $ tsc -p tsconfig.json
@canlang/contracts:build: src/index.ts(41,14): error TS2322: Type '1' is not assignable to type 'never'.
@canlang/contracts:build: node:internal/errors:986
@canlang/contracts:build:   const err = new Error(message);
@canlang/contracts:build:               ^
@canlang/contracts:build: 
@canlang/contracts:build: Error: Command failed: bun run build:emit
@canlang/contracts:build:     at genericNodeError (node:internal/errors:986:15)
@canlang/contracts:build:     at wrappedFn (node:internal/errors:540:14)
@canlang/contracts:build:     at checkExecSyncError (node:child_process:942:11)
@canlang/contracts:build:     at execFileSync (node:child_process:978:15)
@canlang/contracts:build:     at file:///private/var/folders/5x/bpszcvmj1tddmjp35y21dt680000gn/T/canlang-turbo-cache-sNsBEN/workspace/scripts/build-package.mjs:45:3
@canlang/contracts:build:     at ModuleJob.run (node:internal/modules/esm/module_job:561:25)
@canlang/contracts:build:     at async node:internal/modules/esm/loader:647:26
@canlang/contracts:build:     at async asyncRunEntryPointWithESMLoader (node:internal/modules/run_main:101:5) {
@canlang/contracts:build:   status: 2,
@canlang/contracts:build:   signal: null,
@canlang/contracts:build:   output: [ null, null, null ],
@canlang/contracts:build:   pid: 26570,
@canlang/contracts:build:   stdout: null,
@canlang/contracts:build:   stderr: null
@canlang/contracts:build: }
@canlang/contracts:build: 
@canlang/contracts:build: Node.js v24.21.0
@canlang/contracts:build: error: script "build" exited with code 1

  Tasks:    13 successful, 14 total
 Cached:    0 cached, 14 total
   Time:    965ms 
Summary:    /private/var/folders/5x/bpszcvmj1tddmjp35y21dt680000gn/T/canlang-turbo-cache-sNsBEN/workspace/.turbo/runs/3KKmZaaNinW1RMDtWIlLN5y2Fha.json
 Failed:    @canlang/contracts#build

