
running 37 tests
test cli_catalog_flag_rejections ... ok
test duplicates ... ok
test cli_catalog_flag_forms ... ok
test c01_invalid_delivery_status_keeps_payload_diagnostics ... ok
test catalog_missing_unavailable_and_helper_misuse ... ok
test cli_real_pipeline_exit_codes_and_discipline ... ok
test e3009_entry_names_ctor_code ... ok
test explain_round_trip_loader_codes ... ok
test invalid_app_header_suite_does_not_reserve_module_identity ... ok
test call_on_action_reports_missing ... ok
test fixture_mime_and_quoted_locale_keys ... ok
test imports_and_visibility ... ok
test lane05_component_shape ... ok
test invocation_result_type_and_call ... ok
test c01_decoded_strings_reach_analysis_callers ... ok
test malformed_owner_headers_still_suppress_body_cascades ... ok
test malformed_declaration_preserves_independent_sibling_diagnostics ... ok
test c01_invalid_strings_do_not_fabricate_values_or_hide_siblings ... ok
test misplaced_body_line_preserves_independent_sibling_diagnostics ... ok
test invocation_type_position ... ok
test message_calls_against_real_catalog ... ok
test lane05_component_shape_gaps ... ok
test read_scenarios_rejected_as_action_targets ... ok
test invocation_constructor_complete_inputs ... ok
test real_catalog_end_to_end ... ok
test ui_row_enum_cases_claim ... ok
test operator_matrix ... ok
test suffix_bang_and_default_order ... ok
test unknown_names_and_cascade_suppression ... ok
test ui_transparent_groups_resolve ... ok
test expense_flow_checks_clean_with_implemented_sum ... ok
test signature_shape_gaps ... ok
test team_tasks_checks_clean ... ok
test c03_url_owner_admission_and_source_anchors ... ok
test valid_corpus_checks_clean ... ok
test explain_round_trip_source_codes ... ok
test draft_outcome_table ... ok

test result: ok. 37 passed; 0 failed; 0 ignored; 0 measured; 0 filtered out; finished in 1.44s


running 20 tests
test desc_message_path ... ok
test desc_duplicate_compact_rejected ... ok
test desc_legacy_annotation_still_parses ... ok
test desc_compact_plus_legacy_rejected ... ok
test desc_hash_plus_compact_rejected ... ok
test desc_hash_plus_legacy_rejected ... ok
test desc_dynamic_rejected ... ok
test desc_delimits_default_bounds_label ... ok
test desc_parameterized_rejected ... ok
test desc_record_query_rejected ... ok
test desc_variant_duplicate_rejected ... ok
test desc_with_variants ... ok
test desc_plain_string_on_field_and_param ... ok
test each_keeps_e1203_without_error_node ... ok
test page_refresh_parses ... ok
test each_event_path_parses ... ok
test delivery_invocation_type_positions_parse ... ok
test form_import_review_parse ... ok
test each_package_body_still_checked ... ok
test crud_expose_parses ... ok

test result: ok. 20 passed; 0 failed; 0 ignored; 0 measured; 0 filtered out; finished in 0.01s


running 37 tests
test error_code_vocabulary_is_closed ... ok
test dedup_keeps_first_across_passes ... ok
test disabled_crud_operation_rejects_examples ... ok
test e5001_create_header_still_requires_writable_fields ... ok
test example_tables_carry_all_families ... ok
test e5001_create_header_skips_derived_fields ... ok
test broken_import_caller_and_crud_head_stay_quiet ... ok
test icu_number_style_and_source_anchor ... ok
test delivery_recipe_selectors ... ok
test expected_error_codes ... ok
test fixture_overrides ... ok
test readiness_gate ... ok
test icu_profile_violations ... ok
test missing_required_input ... ok
test message_signatures ... ok
test observation_roots ... ok
test parent_selectors ... ok
test icu_numeric_type_matrix ... ok
test imported_wrong_kind_names_fire ... ok
test seed_rejects_catalog_names ... ok
test icu_selector_types ... ok
test request_selectors ... ok
test sequence_caller_names_known_wrong_kinds ... ok
test sort_matches_check_program_key ... ok
test trusted_handlers_take_no_as ... ok
test overlapping_selectors ... ok
test sequence_bindings_and_results ... ok
test warnings_never_block ... ok
test sequences_call_their_enclosing_scenario ... ok
test unresolved_imports_stay_quiet ... ok
test sequence_callers_arguments_and_envelopes ... ok
test unknown_binding_and_seed_shape ... ok
test table_callers ... ok
test sequence_call_targets ... ok
test unknown_selectors ... ok
test shipped_examples_are_e5xxx_clean ... ok
test shipped_examples_are_e5xxx_clean_through_check_program ... ok

test result: ok. 37 passed; 0 failed; 0 ignored; 0 measured; 0 filtered out; finished in 0.03s


running 117 tests
test a2a_action_external_targets_lower_to_schema ... ok
test a2b_named_args_lower_positionally_in_signature_order ... ok
test a2b_composite_unique_emits_sparse_member_and_registry_rule ... ok
test a2b_require_desugars_to_admit_and_gate ... ok
test a2a_for_limit_checks_length_then_loops ... ok
test a2a_page_poll_refresh_lower_to_descriptor ... ok
test construct_defaults ... ok
test a2a_derive_call_lowers_to_awaited_named_fn ... ok
test a2b_ui_profiles_lower_to_factories ... ok
test construct_delivery ... ok
test construct_effects ... ok
test construct_fixtures_and_recipes ... ok
test construct_guards ... ok
test construct_models_and_grants ... ok
test construct_messages_and_format ... ok
test construct_page_admit_returns_preference_defaults ... ok
test construct_page_preferences_preamble_reads_bindings ... ok
test construct_pages_admit_render ... ok
test construct_tables ... ok
test construct_sequences ... ok
test construct_ui_factories ... ok
test construct_scalars_per_op ... ok
test construct_ui_gate_ternary ... ok
test construct_value_query ... ok
test catalog_profile_violations_stay_loud ... ok
test d03_empty_desc_stays_present ... ok
test d03_inline_field_variants_emit_source_only ... ok
test d03_attached_and_legacy_feed_same_slot ... ok
test d03_inline_param_desc_reaches_mcp_source ... ok
test catalog_factories_lower_from_source ... ok
test d03_message_reference_resolves_to_source ... ok
test derive_result_resolves_from_symbol_results ... ok
test d03_undescribed_inputs_omit_member ... ok
test f6_both_spellings_emit_cohort_descriptors ... ok
test f6_invalid_cohort_emits_no_descriptor ... ok
test gap_helper_add_decimal ... ok
test f6_missing_bind_emits_null ... ok
test f6_no_cohort_emits_no_member ... ok
test gap_helper_divide_decimal_shapes ... ok
test gap_helper_divide_money ... ok
test gap_helper_multiply_decimal ... ok
test gap_helper_negate_decimal ... ok
test gap_helper_scalar_money_product ... ok
test gap_helper_subtract_decimal ... ok
test form_fields_unknown_op_stays_loud ... ok
test c01_lexer_strings_reach_literal_metadata_and_message_lowering ... ok
test requires_pins_catalog_and_families ... ok
test omission_marker_flows_from_spelling_to_descriptor ... ok
test sourcemap_emitted_fixture_plain_snippet ... ok
test sourcemap_mappings_round_trip ... ok
test t15a_callable_identity ... ok
test sequence_as_binding_decodes ... ok
test t15a_field_default_mapping ... ok
test t15a_literal_json_exactness ... ok
test t15a_model_field_tags ... ok
test refuses_incomplete_analysis_without_ack ... ok
test form_fields_default_to_model_schema ... ok
test t15a_negative_duplicate_record_name ... ok
test t15a_negative_exotic_omits_operation_only ... ok
test t15a_models_shape_end_to_end ... ok
test t15a_operation_inputs_carry_arrays_defaults_nullable ... ok
test t15a_ownership_and_recursion ... ok
test t15a_parent_path_extraction ... ok
test awaited_follows_catalog_effects ... ok
test t15a_parent_defaults_delete_modes_derived ... ok
test t15b_delivery_descriptor_helper ... ok
test t15a_negative_kinds_closed ... ok
test t15a_structural_literal_default ... ok
test t15b_closed_kinds_with_delivery ... ok
test t15b_recipe_join_negatives_stay_shelled ... ok
test t15b_model_delivery_end_to_end ... ok
test t15b_no_regress_t15a_mixed ... ok
test t15b_std_delivery_model_tags ... ok
test t15b_operation_input_delivery_end_to_end ... ok
test t18_r27_server_owned_checker ... ok
test t18_server_init_mapping ... ok
test t15a_example_separation ... ok
test t31_before_after_reads_legal ... ok
test t15b_recipe_join_std ... ok
test t18_server_init_end_to_end ... ok
test t31_before_delete_rejected_once ... ok
test t31_before_snapshot_write_rejected ... ok
test t18_child_create_parent_input ... ok
test t31_delete_hook_cancel_barred ... ok
test t31_cross_model_staging_legal ... ok
test t31_delete_hook_after_adjust_rejected ... ok
test t31_delete_hook_same_model_order ... ok
test t31_delete_hook_require_read_legal ... ok
test t31_delete_hook_create_barred ... ok
test t31_delete_outside_hook_legal ... ok
test t31_delete_hook_set_barred ... ok
test t31_delete_hook_schedule_barred ... ok
test t31_hook_decimal_eq_unsupported ... ok
test t31_hook_emit_unsupported ... ok
test t31_hook_expr_gaps ... ok
test t31_hook_query_unsupported ... ok
test t31_e2e_staged_failure_names_hook ... ok
test t31_hook_stmt_backstops ... ok
test t31_nested_same_model_barred ... ok
test t31_pending_delete_rejected_once ... ok
test t31_e2e_emitted_hook_drives_engine ... ok
test t31_same_model_create_barred ... ok
test t31_same_model_set_barred ... ok
test t31_staged_delete_barred ... ok
test t31_verified_ref_set_outside_hook_legal ... ok
test unavailable_capability_errors ... ok
test unsupported_schema_positions_error ... ok
test value_queries_lower_from_source ... ok
test t31_plain_schedule_lowers ... ok
test b4g_hook_team_operation_unchanged ... ok
test b4g_operation_id_lowers_through_c ... ok
test t31_hook_run_shape ... ok
test b4g_team_id_lowers_through_c ... ok
test t31_hook_delete_op_registry ... ok
test t21l1_single_app_crud_entry_imports_and_executes ... ok
test golden_teamtasks_structure ... ok
test golden_expenseflow_structure ... ok

test result: ok. 117 passed; 0 failed; 0 ignored; 0 measured; 0 filtered out; finished in 30.91s


running 44 tests
test backfill_tables ... ok
test containment_cycle_terminates ... ok
test cross_package_rule ... ok
test delete_disabled ... ok
test bound_crud_call_exempt ... ok
test cross_package_crud ... ok
test call_remote_target ... ok
test cross_package_mutation ... ok
test app_scope_needs_policy ... ok
test cross_package_member_mutation ... ok
test f6_cross_owner_cohort_diagnosed ... ok
test f6_committed_trigger_bare_model_checks ... ok
test f6_bounded_loop_rules_retained ... ok
test f6_anchored_collection_checks_with_only_the_standing_e1203 ... ok
test emission_table_shapes ... ok
test f6_undecoded_trigger_stands_down ... ok
test f6_bare_model_checks_with_only_the_standing_e1203 ... ok
test f6_anchored_misuse_diagnosed ... ok
test f6_missing_as_binding_accepted ... ok
test f6_unknown_model_diagnosed ... ok
test f6_uncontained_child_diagnosed ... ok
test f6_unknown_collection_hop_diagnosed ... ok
test hook_on_disabled_op ... ok
test migration_tables ... ok
test hook_tables ... ok
test mixed_handler_scope ... ok
test f6_unsupported_forms_diagnosed ... ok
test secret_return ... ok
test heterogeneous_action_call ... ok
test t25_l1_embedded_value_leaves_stay_clean ... ok
test secret_field_grant ... ok
test nullable_secret_grant ... ok
test t25_l1_member_traversal_is_e4012 ... ok
test redundant_actor_subject ... ok
test t25_l1_user_traversal_is_e4012 ... ok
test t25_l1_unknown_leaves_stay_e2013_only ... ok
test t25_l1_unsupported_traversal_stays_e2013 ... ok
test t25_l1_valid_leaf_grants_stay_clean ... ok
test unreachable_after_return ... ok
test transitive_handler_scope ... ok
test write_only_handler_scope ... ok
test teamtasks_stays_e4_clean ... ok
test expenseflow_stays_e4_clean ... ok
test f6_draft_bodies_accepted_without_trimming ... ok

test result: ok. 44 passed; 0 failed; 0 ignored; 0 measured; 0 filtered out; finished in 0.09s


running 20 tests
test empty_input_stays_empty ... ok
test crlf_becomes_lf_and_counts_as_changed ... ok
test already_formatted_files_report_unchanged ... ok
test definition_heads_stay_loose ... ok
test arrows_and_example_rows_keep_order ... ok
test descriptions_comments_and_i18n_survive ... ok
test control_flow_suites_keep_their_newlines ... ok
test intra_line_spacing_is_canonical ... ok
test invalid_sources_yield_diagnostics_and_no_output ... ok
test calls_suffixes_and_nested_commas_stay_tight ... ok
test corpus_gallery_catalog_slot_and_edit_format ... ok
test missing_final_newline_is_added ... ok
test invocation_and_group_heads_format ... ok
test judgment_items_format ... ok
test query_tails_routes_and_suffixes_format ... ok
test operation_parens_and_message_calls_stay_tight ... ok
test operators_bind_tightly_and_groups_keep_space ... ok
test sloppy_continuation_indent_is_repaired ... ok
test semicolons_and_do_shapes_are_preserved ... ok
corpus format table (54 files):
    ERROR  ../draft/CanShift.can (expected E1203,E1203)
    ERROR  ../draft/CanVolunteer.can (expected E1203,E1203)
  changed  ../draft/CanChat.can
  changed  ../draft/CanCreative.can
  changed  ../draft/CanDecide.can
  changed  ../draft/CanDiscover.can
  changed  ../draft/CanEnrich.can
  changed  ../draft/CanEvent.can
  changed  ../draft/CanInvoice.can
  changed  ../draft/CanLoyalty.can
  changed  ../draft/CanMail.can
  changed  ../draft/CanMember.can
  changed  ../draft/CanPurchase.can
  changed  ../draft/CanRent.can
  changed  ../draft/CanSync.can
  changed  ../draft/CanTime.can
  changed  ../draft/CanWorkbench.can
  changed  ../draft/shared/Locations.can
  changed  ../examples/ExpenseFlow.can
unchanged  ../draft/CanAffiliate.can
unchanged  ../draft/CanApprove.can
unchanged  ../draft/CanBoard.can
unchanged  ../draft/CanBook.can
unchanged  ../draft/CanCRM.can
unchanged  ../draft/CanCatch.can
unchanged  ../draft/CanCheck.can
unchanged  ../draft/CanContract.can
unchanged  ../draft/CanCustomer.can
unchanged  ../draft/CanDesk.can
unchanged  ../draft/CanDo.can
unchanged  ../draft/CanExpense.can
unchanged  ../draft/CanFeedback.can
unchanged  ../draft/CanField.can
unchanged  ../draft/CanGallery.can
unchanged  ../draft/CanGrant.can
unchanged  ../draft/CanHire.can
unchanged  ../draft/CanInbox.can
unchanged  ../draft/CanKnowledge.can
unchanged  ../draft/CanLearn.can
unchanged  ../draft/CanLeave.can
unchanged  ../draft/CanMaintain.can
unchanged  ../draft/CanOnboard.can
unchanged  ../draft/CanPropose.can
unchanged  ../draft/CanReception.can
unchanged  ../draft/CanRefer.can
unchanged  ../draft/CanReport.can
unchanged  ../draft/CanStats.can
unchanged  ../draft/CanStock.can
unchanged  ../draft/CanSuccess.can
unchanged  ../draft/CanTable.can
unchanged  ../draft/CanTrade.can
unchanged  ../draft/shared/Employees.can
unchanged  ../draft/shared/Suppliers.can
unchanged  ../examples/TeamTasks.can
test corpus_formats_cleanly_and_is_idempotent ... ok

test result: ok. 20 passed; 0 failed; 0 ignored; 0 measured; 0 filtered out; finished in 1.18s


running 1 test
test c01_production_strings_execute_through_testkit ... ok

test result: ok. 1 passed; 0 failed; 0 ignored; 0 measured; 0 filtered out; finished in 35.35s


running 54 tests
test at_suffix_and_route_slashes ... ok
test blank_and_comment_lines_emit_nothing ... ok
test bad_indentation ... ok
test brackets_join_physical_lines ... ok
test desc_and_comment_markers ... ok
test description_attaches_at_same_column ... ok
test cst_invariants ... ok
test desc_inside_delimiter_runs_decodes_without_panic ... ok
test crud_and_examples ... ok
test description_codes ... ok
test description_reference_and_suffix_attach ... ok
test app_uses_attribute_selects_composed ... ok
test c01_invalid_string_payloads_keep_source_diagnostics ... ok
test examples_sequence ... ok
test do_colon_recovery ... ok
test failed_attempts_emit_no_duplicate_diagnostics ... ok
test corpus_given_leaf ... ok
test file_structure ... ok
test edit_group_and_bare_card ... ok
test expressions_and_queries ... ok
test invalid_numeric_units ... ok
test invalid_app_header_layout_wraps_identity_and_preserves_body ... ok
test gallery_collection ... ok
test json_strings_decode ... ok
test catalog_items_shape ... ok
test lex_fragment_offsets ... ok
test lexer_error_codes_and_spans ... ok
test invocation_type_and_constructor ... ok
test lexer_errors_preserve_bytes_as_bad_tokens ... ok
test given_declarations ... ok
test longest_match_punctuation ... ok
test invalid_shapes_rejected ... ok
test malformed_unicode_escapes_are_diagnostics ... ok
test mapper_rejects_examples_line ... ok
test misplaced_and_invalid_suffix ... ok
test multiple_errors_recover_per_declaration ... ok
test migration_directives ... ok
test numeric_kinds ... ok
test one_space_indent_nests ... ok
test oracle_deviations_parse_per_grammar ... ok
test judgment_compound ... ok
test semicolon_leaves ... ok
test single_char_punctuation ... ok
test strings_cannot_span_lines ... ok
test presentation ... ok
test suite_structure_failures_keep_partial_nodes ... ok
test slot_and_preferences_panel ... ok
test trusted_handlers_reject_sequence_examples ... ok
test unbalanced_delimiters ... ok
test types_and_labels ... ok
test parser_error_codes_and_spans ... ok
test when_execution ... ok
                                                file   bytes  result
                           ../draft/CanAffiliate.can   27784  ok
                             ../draft/CanApprove.can   32502  ok
                               ../draft/CanBoard.can   16674  ok
                                ../draft/CanBook.can   40059  ok
                                 ../draft/CanCRM.can   31176  ok
                               ../draft/CanCatch.can   23181  ok
                                ../draft/CanChat.can   21258  ok
                               ../draft/CanCheck.can   15492  ok
                            ../draft/CanContract.can   22537  ok
                            ../draft/CanCreative.can   23221  ok
                            ../draft/CanCustomer.can   25750  ok
                              ../draft/CanDecide.can   17405  ok
                                ../draft/CanDesk.can   23799  ok
                            ../draft/CanDiscover.can   32740  ok
                                  ../draft/CanDo.can   17396  ok
                              ../draft/CanEnrich.can   15204  ok
                               ../draft/CanEvent.can   66406  ok
                             ../draft/CanExpense.can   46344  ok
                            ../draft/CanFeedback.can   28608  ok
                               ../draft/CanField.can   24891  ok
                             ../draft/CanGallery.can   11450  ok
                               ../draft/CanGrant.can   46521  ok
                                ../draft/CanHire.can   34746  ok
                               ../draft/CanInbox.can   38046  ok
                             ../draft/CanInvoice.can  101821  ok
                           ../draft/CanKnowledge.can   29521  ok
                               ../draft/CanLearn.can   16759  ok
                               ../draft/CanLeave.can   27897  ok
                             ../draft/CanLoyalty.can   27015  ok
                                ../draft/CanMail.can   43682  ok
                            ../draft/CanMaintain.can   47834  ok
                              ../draft/CanMember.can   80482  ok
                             ../draft/CanOnboard.can   16615  ok
                             ../draft/CanPropose.can   47364  ok
                            ../draft/CanPurchase.can   46446  ok
                           ../draft/CanReception.can   44461  ok
                               ../draft/CanRefer.can   25527  ok
                                ../draft/CanRent.can  197946  ok
                              ../draft/CanReport.can   15864  ok
                               ../draft/CanShift.can   43934  known-defect codes=["E1203", "E1203"]
                               ../draft/CanStats.can   19810  ok
                               ../draft/CanStock.can   20148  ok
                             ../draft/CanSuccess.can   18215  ok
                                ../draft/CanSync.can   17774  ok
                               ../draft/CanTable.can   17213  ok
                                ../draft/CanTime.can   30186  ok
                               ../draft/CanTrade.can   12031  ok
                           ../draft/CanVolunteer.can   25126  known-defect codes=["E1203", "E1203"]
                           ../draft/CanWorkbench.can   15516  ok
                       ../draft/shared/Employees.can    3145  ok
                       ../draft/shared/Locations.can   11063  ok
                       ../draft/shared/Suppliers.can    1044  ok
                         ../examples/ExpenseFlow.can    8109  ok
                           ../examples/TeamTasks.can    3301  ok
test golden_corpus_parses_clean ... ok
test nesting_budgets_diagnose_instead_of_crashing ... ok

test result: ok. 54 passed; 0 failed; 0 ignored; 0 measured; 0 filtered out; finished in 0.34s

