../../../../private/tmp/canlang-roadmap-f1-db57c379/packages/cloudflare/src/deploy/bundle.ts(86,90): error TS6307: File '/private/tmp/canlang-roadmap-f1-db57c379/packages/cloudflare/src/deploy/package-assets.ts' is not listed within the file list of project '/Users/vince/Projects/canlang/implementation/capability-roadmap-20261008/f1-invocation/cloudflare-tsconfig.json'. Projects must list all files or use an 'include' pattern.
  File is ECMAScript module because '/private/tmp/canlang-roadmap-f1-db57c379/packages/cloudflare/package.json' has field "type" with value "module"
../../../../private/tmp/canlang-roadmap-f1-db57c379/packages/cloudflare/src/deploy/bundle.ts(103,47): error TS2307: Cannot find module '@canlang/interfaces' or its corresponding type declarations.
../../../../private/tmp/canlang-roadmap-f1-db57c379/packages/cloudflare/src/runtime/d3b-durable-serve.test.ts(58,36): error TS2307: Cannot find module '@canlang/work/receipt' or its corresponding type declarations.
../../../../private/tmp/canlang-roadmap-f1-db57c379/packages/cloudflare/src/runtime/d3b-durable-serve.test.ts(60,35): error TS6307: File '/private/tmp/canlang-roadmap-f1-db57c379/packages/cloudflare/src/deploy/bundle.ts' is not listed within the file list of project '/Users/vince/Projects/canlang/implementation/capability-roadmap-20261008/f1-invocation/cloudflare-tsconfig.json'. Projects must list all files or use an 'include' pattern.
  File is ECMAScript module because '/private/tmp/canlang-roadmap-f1-db57c379/packages/cloudflare/package.json' has field "type" with value "module"
../../../../private/tmp/canlang-roadmap-f1-db57c379/packages/cloudflare/src/runtime/d3b-durable-serve.test.ts(61,31): error TS6307: File '/private/tmp/canlang-roadmap-f1-db57c379/packages/cloudflare/src/dev/local-run.ts' is not listed within the file list of project '/Users/vince/Projects/canlang/implementation/capability-roadmap-20261008/f1-invocation/cloudflare-tsconfig.json'. Projects must list all files or use an 'include' pattern.
  File is ECMAScript module because '/private/tmp/canlang-roadmap-f1-db57c379/packages/cloudflare/package.json' has field "type" with value "module"
../../../../private/tmp/canlang-roadmap-f1-db57c379/packages/cloudflare/src/runtime/d3b-join-assembly.test.ts(41,47): error TS2307: Cannot find module '@canlang/interfaces' or its corresponding type declarations.
../../../../private/tmp/canlang-roadmap-f1-db57c379/packages/cloudflare/src/runtime/d3b-join-assembly.test.ts(42,48): error TS2307: Cannot find module '@canlang/interfaces' or its corresponding type declarations.
../../../../private/tmp/canlang-roadmap-f1-db57c379/packages/cloudflare/src/runtime/d3b-join-assembly.test.ts(43,34): error TS2307: Cannot find module '@canlang/interfaces' or its corresponding type declarations.
../../../../private/tmp/canlang-roadmap-f1-db57c379/packages/cloudflare/src/runtime/d3b-join-assembly.test.ts(48,8): error TS2307: Cannot find module '@canlang/interfaces/testing' or its corresponding type declarations.
../../../../private/tmp/canlang-roadmap-f1-db57c379/packages/cloudflare/src/runtime/d3b-observer-seam.test.ts(44,36): error TS2307: Cannot find module '@canlang/work/receipt' or its corresponding type declarations.
../../../../private/tmp/canlang-roadmap-f1-db57c379/packages/cloudflare/src/runtime/modules.ts(23,37): error TS6307: File '/private/tmp/canlang-roadmap-f1-db57c379/packages/cloudflare/src/deploy/producer-files.ts' is not listed within the file list of project '/Users/vince/Projects/canlang/implementation/capability-roadmap-20261008/f1-invocation/cloudflare-tsconfig.json'. Projects must list all files or use an 'include' pattern.
  The file is in the program because:
    Imported via "../deploy/producer-files.js" from file '/private/tmp/canlang-roadmap-f1-db57c379/packages/cloudflare/src/runtime/modules.ts'
    Imported via "./producer-files.js" from file '/private/tmp/canlang-roadmap-f1-db57c379/packages/cloudflare/src/deploy/bundle.ts'
  File is ECMAScript module because '/private/tmp/canlang-roadmap-f1-db57c379/packages/cloudflare/package.json' has field "type" with value "module"
../../../../private/tmp/canlang-roadmap-f1-db57c379/packages/cloudflare/src/runtime/modules.ts(25,69): error TS6307: File '/private/tmp/canlang-roadmap-f1-db57c379/packages/cloudflare/src/deploy/module-imports.ts' is not listed within the file list of project '/Users/vince/Projects/canlang/implementation/capability-roadmap-20261008/f1-invocation/cloudflare-tsconfig.json'. Projects must list all files or use an 'include' pattern.
  The file is in the program because:
    Imported via "../deploy/module-imports.js" from file '/private/tmp/canlang-roadmap-f1-db57c379/packages/cloudflare/src/runtime/modules.ts'
    Imported via './module-imports.js' from file '/private/tmp/canlang-roadmap-f1-db57c379/packages/cloudflare/src/deploy/module-maps.ts'
    Imported via "./module-imports.js" from file '/private/tmp/canlang-roadmap-f1-db57c379/packages/cloudflare/src/deploy/bundle.ts'
  File is ECMAScript module because '/private/tmp/canlang-roadmap-f1-db57c379/packages/cloudflare/package.json' has field "type" with value "module"
../../../../private/tmp/canlang-roadmap-f1-db57c379/packages/cloudflare/src/runtime/modules.ts(26,34): error TS6307: File '/private/tmp/canlang-roadmap-f1-db57c379/packages/cloudflare/src/deploy/module-maps.ts' is not listed within the file list of project '/Users/vince/Projects/canlang/implementation/capability-roadmap-20261008/f1-invocation/cloudflare-tsconfig.json'. Projects must list all files or use an 'include' pattern.
  The file is in the program because:
    Imported via "../deploy/module-maps.js" from file '/private/tmp/canlang-roadmap-f1-db57c379/packages/cloudflare/src/runtime/modules.ts'
    Imported via "./module-maps.js" from file '/private/tmp/canlang-roadmap-f1-db57c379/packages/cloudflare/src/deploy/bundle.ts'
  File is ECMAScript module because '/private/tmp/canlang-roadmap-f1-db57c379/packages/cloudflare/package.json' has field "type" with value "module"
../../../../private/tmp/canlang-roadmap-f1-db57c379/packages/cloudflare/src/worker/assembly.ts(1706,44): error TS6307: File '/private/tmp/canlang-roadmap-f1-db57c379/packages/cloudflare/src/worker/entry.ts' is not listed within the file list of project '/Users/vince/Projects/canlang/implementation/capability-roadmap-20261008/f1-invocation/cloudflare-tsconfig.json'. Projects must list all files or use an 'include' pattern.
  File is ECMAScript module because '/private/tmp/canlang-roadmap-f1-db57c379/packages/cloudflare/package.json' has field "type" with value "module"
