../../../../private/tmp/canlang-roadmap-f1-db57c379/packages/cloudflare/src/deploy/bundle.ts(88,48): error TS2307: Cannot find module '@canlang/ui/distribution' or its corresponding type declarations.
../../../../private/tmp/canlang-roadmap-f1-db57c379/packages/cloudflare/src/deploy/bundle.ts(89,54): error TS2307: Cannot find module '@canlang/identity/distribution' or its corresponding type declarations.
../../../../private/tmp/canlang-roadmap-f1-db57c379/packages/cloudflare/src/deploy/bundle.ts(103,47): error TS2307: Cannot find module '@canlang/interfaces' or its corresponding type declarations.
../../../../private/tmp/canlang-roadmap-f1-db57c379/packages/cloudflare/src/deploy/package-assets.ts(7,48): error TS2307: Cannot find module '@canlang/ui/distribution' or its corresponding type declarations.
../../../../private/tmp/canlang-roadmap-f1-db57c379/packages/cloudflare/src/runtime/d3b-durable-serve.test.ts(49,48): error TS2307: Cannot find module '@canlang/identity' or its corresponding type declarations.
../../../../private/tmp/canlang-roadmap-f1-db57c379/packages/cloudflare/src/runtime/d3b-durable-serve.test.ts(50,62): error TS2307: Cannot find module '@canlang/identity/testing' or its corresponding type declarations.
../../../../private/tmp/canlang-roadmap-f1-db57c379/packages/cloudflare/src/runtime/d3b-durable-serve.test.ts(58,36): error TS2307: Cannot find module '@canlang/work/receipt' or its corresponding type declarations.
../../../../private/tmp/canlang-roadmap-f1-db57c379/packages/cloudflare/src/runtime/d3b-join-assembly.test.ts(41,47): error TS2307: Cannot find module '@canlang/interfaces' or its corresponding type declarations.
../../../../private/tmp/canlang-roadmap-f1-db57c379/packages/cloudflare/src/runtime/d3b-join-assembly.test.ts(42,48): error TS2307: Cannot find module '@canlang/interfaces' or its corresponding type declarations.
../../../../private/tmp/canlang-roadmap-f1-db57c379/packages/cloudflare/src/runtime/d3b-join-assembly.test.ts(43,34): error TS2307: Cannot find module '@canlang/interfaces' or its corresponding type declarations.
../../../../private/tmp/canlang-roadmap-f1-db57c379/packages/cloudflare/src/runtime/d3b-join-assembly.test.ts(48,8): error TS2307: Cannot find module '@canlang/interfaces/testing' or its corresponding type declarations.
../../../../private/tmp/canlang-roadmap-f1-db57c379/packages/cloudflare/src/runtime/d3b-observer-seam.test.ts(35,48): error TS2307: Cannot find module '@canlang/identity' or its corresponding type declarations.
../../../../private/tmp/canlang-roadmap-f1-db57c379/packages/cloudflare/src/runtime/d3b-observer-seam.test.ts(36,62): error TS2307: Cannot find module '@canlang/identity/testing' or its corresponding type declarations.
../../../../private/tmp/canlang-roadmap-f1-db57c379/packages/cloudflare/src/runtime/d3b-observer-seam.test.ts(44,36): error TS2307: Cannot find module '@canlang/work/receipt' or its corresponding type declarations.
../../../../private/tmp/canlang-roadmap-f1-db57c379/packages/cloudflare/src/runtime/d3b-selected-receipt.test.ts(35,48): error TS2307: Cannot find module '@canlang/identity' or its corresponding type declarations.
../../../../private/tmp/canlang-roadmap-f1-db57c379/packages/cloudflare/src/runtime/d3b-selected-receipt.test.ts(36,62): error TS2307: Cannot find module '@canlang/identity/testing' or its corresponding type declarations.
../../../../private/tmp/canlang-roadmap-f1-db57c379/packages/cloudflare/src/runtime/t16b-canonical.test.ts(47,48): error TS2307: Cannot find module '@canlang/identity' or its corresponding type declarations.
../../../../private/tmp/canlang-roadmap-f1-db57c379/packages/cloudflare/src/runtime/t16b-canonical.test.ts(48,62): error TS2307: Cannot find module '@canlang/identity/testing' or its corresponding type declarations.
../../../../private/tmp/canlang-roadmap-f1-db57c379/packages/cloudflare/src/runtime/t17b-cloudflare-flip.test.ts(43,48): error TS2307: Cannot find module '@canlang/identity' or its corresponding type declarations.
../../../../private/tmp/canlang-roadmap-f1-db57c379/packages/cloudflare/src/runtime/t17b-cloudflare-flip.test.ts(44,62): error TS2307: Cannot find module '@canlang/identity/testing' or its corresponding type declarations.
../../../../private/tmp/canlang-roadmap-f1-db57c379/packages/cloudflare/src/runtime/t17b-durable.test.ts(38,48): error TS2307: Cannot find module '@canlang/identity' or its corresponding type declarations.
../../../../private/tmp/canlang-roadmap-f1-db57c379/packages/cloudflare/src/runtime/t17b-durable.test.ts(39,62): error TS2307: Cannot find module '@canlang/identity/testing' or its corresponding type declarations.
../../../../private/tmp/canlang-roadmap-f1-db57c379/packages/cloudflare/src/runtime/t32b-cloudflare-durable.test.ts(44,48): error TS2307: Cannot find module '@canlang/identity' or its corresponding type declarations.
../../../../private/tmp/canlang-roadmap-f1-db57c379/packages/cloudflare/src/runtime/t32b-cloudflare-durable.test.ts(45,62): error TS2307: Cannot find module '@canlang/identity/testing' or its corresponding type declarations.
../../../../private/tmp/canlang-roadmap-f1-db57c379/packages/cloudflare/src/runtime/t32b-cloudflare.test.ts(50,48): error TS2307: Cannot find module '@canlang/identity' or its corresponding type declarations.
../../../../private/tmp/canlang-roadmap-f1-db57c379/packages/cloudflare/src/runtime/t32b-cloudflare.test.ts(51,62): error TS2307: Cannot find module '@canlang/identity/testing' or its corresponding type declarations.
