{
  "status": "failed_before_numeric_execution",
  "results": [
    {
      "mode": "cloudflare-runtime",
      "error": {
        "code": "rule_failed",
        "message": "t16b: operation \"NumericControl.Job.create\" module \"$can$m$4e756d65726963436f6e74726f6c.mjs\" failed to import (The requested module 'file:///private/tmp/canlang-roadmap-f1-db57c379/packages/cloudflare/dist/runtime/stdlib.js' does not provide an export named 'int64')",
        "operation_id": "01a1188e-ec89-73b8-8b69-f97db819de4c",
        "retryable": false
      },
      "revisionBefore": 0,
      "revisionAfter": 0,
      "numericResult": {
        "expected": 2,
        "expectedRuntimeType": "bigint",
        "status": "blocked_before_actual_default_row",
        "cause": {
          "code": "rule_failed",
          "message": "t16b: operation \"NumericControl.Job.create\" module \"$can$m$4e756d65726963436f6e74726f6c.mjs\" failed to import (The requested module 'file:///private/tmp/canlang-roadmap-f1-db57c379/packages/cloudflare/dist/runtime/stdlib.js' does not provide an export named 'int64')",
          "operation_id": "01a1188e-ec89-73b8-8b69-f97db819de4c",
          "retryable": false
        }
      }
    },
    {
      "mode": "public-facade",
      "error": {
        "code": "rule_failed",
        "message": "t16b: operation \"NumericControl.Job.create\" module \"$can$m$4e756d65726963436f6e74726f6c.mjs\" failed to import (The requested module 'file:///private/tmp/canlang-roadmap-f1-db57c379/packages/stdlib/dist/src/index.js' does not provide an export named 'create')",
        "operation_id": "01a1188e-ec89-70cd-8e63-a5fe002db305",
        "retryable": false
      },
      "revisionBefore": 0,
      "revisionAfter": 0,
      "numericResult": {
        "expected": 2,
        "expectedRuntimeType": "bigint",
        "status": "blocked_before_actual_default_row",
        "cause": {
          "code": "rule_failed",
          "message": "t16b: operation \"NumericControl.Job.create\" module \"$can$m$4e756d65726963436f6e74726f6c.mjs\" failed to import (The requested module 'file:///private/tmp/canlang-roadmap-f1-db57c379/packages/stdlib/dist/src/index.js' does not provide an export named 'create')",
          "operation_id": "01a1188e-ec89-70cd-8e63-a5fe002db305",
          "retryable": false
        }
      }
    }
  ]
}
