   Compiling proc-macro2 v1.0.107
   Compiling quote v1.0.47
   Compiling unicode-ident v1.0.26
   Compiling stable_deref_trait v1.2.1
   Compiling libc v0.2.190
   Compiling version_check v0.9.5
   Compiling writeable v0.6.4
   Compiling litemap v0.8.3
   Compiling icu_properties_data v2.3.0
   Compiling icu_normalizer_data v2.3.0
   Compiling utf8_iter v1.0.4
   Compiling typenum v1.20.1
   Compiling serde_core v1.0.229
   Compiling smallvec v1.16.2
   Compiling cfg-if v1.0.5
   Compiling generic-array v0.14.7
   Compiling zmij v1.0.23
   Compiling rustix v1.1.5
   Compiling getrandom v0.4.3
   Compiling serde v1.0.229
   Compiling percent-encoding v2.3.2
   Compiling bitflags v2.13.2
   Compiling serde_json v1.0.151
   Compiling form_urlencoded v1.2.2
   Compiling canlang-compiler v0.1.0 (/private/tmp/canlang-pass6-profile/baseline/compiler)
   Compiling once_cell v1.21.4
   Compiling memchr v2.8.3
   Compiling itoa v1.0.18
   Compiling fastrand v2.5.0
   Compiling syn v3.0.6
   Compiling syn v2.0.119
   Compiling errno v0.3.14
   Compiling cpufeatures v0.2.17
   Compiling crypto-common v0.1.7
   Compiling block-buffer v0.10.4
   Compiling digest v0.10.7
   Compiling sha2 v0.10.9
   Compiling tempfile v3.27.0
   Compiling synstructure v0.13.2
   Compiling synstructure v0.14.0
   Compiling yoke-derive v0.8.2
   Compiling zerofrom-derive v0.1.8
   Compiling zerovec-derive v0.11.6
   Compiling displaydoc v0.2.7
   Compiling serde_derive v1.0.229
   Compiling zerofrom v0.1.8
   Compiling yoke v0.8.3
   Compiling zerovec v0.11.8
   Compiling zerotrie v0.2.5
   Compiling tinystr v0.8.4
   Compiling potential_utf v0.1.6
   Compiling icu_collections v2.3.0
   Compiling icu_locale_core v2.3.0
   Compiling icu_provider v2.3.1
   Compiling icu_properties v2.3.0
   Compiling icu_normalizer v2.3.0
   Compiling idna_adapter v1.2.2
   Compiling idna v1.1.0
   Compiling url v2.5.8
    Finished `test` profile [unoptimized + debuginfo] target(s) in 16.29s
     Running tests/lsp_admission.rs (/private/tmp/canlang-pass6-profile/baseline-native-target/debug/deps/lsp_admission-51179e8946fd12b4)

running 26 tests
test exit_before_shutdown_has_exit_code_one ... ok
test eof_keeps_the_existing_clean_disconnect_exit ... ok
test initialize_admits_unknown_capabilities_and_extensions ... ok
test lifecycle_precedence_is_envelope_then_lifecycle_then_method_then_params ... ok
test invalid_shutdown_and_exit_params_do_not_change_lifecycle ... ok
test malformed_did_open_is_silent_and_does_not_create_a_document ... ok
test known_method_field_errors_reply_to_requests_and_leave_notifications_silent ... ok
test malformed_json_is_a_null_parse_error_and_consumes_the_frame ... ok
test notifications_outside_ready_cannot_open_documents_or_publish ... ok
test ignored_capabilities_keep_the_value_entry_depth_budget ... ok
test decoded_reserved_duplicate_keys_are_rejected_before_dispatch ... ok
test primitive_shutdown_and_exit_params_are_envelope_errors ... ok
strict JSON process case: leading zero
test malformed_did_change_does_not_mutate_or_publish_a_new_version ... ok
test shutdown_then_exit_is_clean ... ok
strict JSON process case: missing integer
test valid_notification_envelopes_are_silent_without_initializing ... ok
strict JSON process case: missing fraction
test invalid_initialize_fields_do_not_initialize ... ok
test torn_headers_and_body_keep_the_existing_clean_disconnect_exit ... ok
test valid_required_contexts_and_maximum_position_are_admitted ... ok
test ordinary_private_marker_keys_remain_objects_in_initialize_params ... ok
test shutdown_and_exit_accept_absent_null_and_empty_object_params ... ok
strict JSON process case: missing exponent
test valid_unicode_string_id_keeps_its_semantic_value ... ok
test malformed_utf8_is_one_parse_error_and_does_not_initialize ... ok
strict JSON process case: leading plus
strict JSON process case: lone high surrogate value
test illegal_ids_are_null_correlated_and_never_initialize ... ok
strict JSON process case: lone low surrogate value
strict JSON process case: lone high surrogate key
test accepted_integral_ids_preserve_the_original_number_lexeme ... ok
strict JSON process case: lone low surrogate key
strict JSON process case: invalid Unicode escape
test malformed_envelopes_correlate_only_a_unique_legal_id ... ok
strict JSON process case: unescaped control value
strict JSON process case: unescaped control key
test strict_json_grammar_and_unknown_unicode_recover_through_shutdown_exit ... ok

test result: ok. 26 passed; 0 failed; 0 ignored; 0 measured; 0 filtered out; finished in 0.72s

