QUALIFIED: 297 exact-number/context fixtures; 25 malformed grammar/Unicode fixtures; 3 sentinel/decoded-duplicate objects; 28 array/object depth comparisons; 20,001-byte excessive-depth document stops after66 bytes
"-0" => Ok(Num("-0"))
"1E+0002" => Ok(Num("1E+0002"))
"1e99999999999999999999999" => Ok(Num("1e99999999999999999999999"))
"123456789012345678901234567890" => Ok(Num("123456789012345678901234567890"))
"[ 1, 2E-0, \"a\",true,null,{}]" => Ok(Arr([Num("1"), Num("2E-0"), Str("a"), Bool(true), Null, Obj([])]))
"{\"a\" :\n 1,\"a\":2}" => Ok(Obj([("a", Num("1")), ("a", Num("2"))]))
"{\"$serde_json::private::Number\":\"1e9999\"}" => Ok(Obj([("$serde_json::private::Number", Str("1e9999"))]))
"\"\\uD800\"" => Err(Error("unexpected end of hex escape", line: 1, column: 8))
"{\"\\uDC00\":1}" => Err(Error("lone leading surrogate in hex escape", line: 1, column: 8))
"[01]" => Err(Error("invalid number", line: 1, column: 3))
"1 2" => Err(Error("trailing characters", line: 1, column: 3))
"[1.]" => Err(Error("invalid number", line: 1, column: 4))
"[1e+]" => Err(Error("invalid number", line: 1, column: 5))
"\"é😀\"" => Ok(Str("é😀"))
depth 64 scalar true => Ok("ok")
depth 64 scalar false => Ok("ok")
depth 65 scalar true => Err(Error("nesting too deep", line: 1, column: 66))
depth 65 scalar false => Ok("ok")
depth 66 scalar true => Err(Error("nesting too deep", line: 1, column: 66))
depth 66 scalar false => Err(Error("nesting too deep", line: 1, column: 66))
depth 10000 scalar true => Err(Error("nesting too deep", line: 1, column: 66))
depth 10000 scalar false => Err(Error("nesting too deep", line: 1, column: 66))
bench tracked 360001 bytes x30: 98.181ms
bench baseline 360001 bytes x30: 50.213833ms
