   Compiling proc-macro2 v1.0.107
   Compiling unicode-ident v1.0.26
   Compiling quote v1.0.47
   Compiling stable_deref_trait v1.2.1
   Compiling writeable v0.6.4
   Compiling litemap v0.8.3
   Compiling libc v0.2.190
   Compiling syn v3.0.6
   Compiling syn v2.0.119
   Compiling synstructure v0.14.0
   Compiling synstructure v0.13.2
   Compiling zerofrom-derive v0.1.8
   Compiling yoke-derive v0.8.2
   Compiling zerofrom v0.1.8
   Compiling zerovec-derive v0.11.6
   Compiling yoke v0.8.3
   Compiling displaydoc v0.2.7
   Compiling zerovec v0.11.8
   Compiling zerotrie v0.2.5
   Compiling tinystr v0.8.4
   Compiling icu_locale_core v2.3.0
   Compiling potential_utf v0.1.6
   Compiling version_check v0.9.5
   Compiling icu_normalizer_data v2.3.0
   Compiling icu_properties_data v2.3.0
   Compiling serde_core v1.0.229
   Compiling utf8_iter v1.0.4
   Compiling icu_collections v2.3.0
   Compiling icu_provider v2.3.1
   Compiling generic-array v0.14.7
   Compiling smallvec v1.16.2
   Compiling typenum v1.20.1
   Compiling zmij v1.0.23
   Compiling serde v1.0.229
   Compiling icu_normalizer v2.3.0
   Compiling icu_properties v2.3.0
   Compiling serde_derive v1.0.229
   Compiling radium v0.7.0
   Compiling serde_json v1.0.151
   Compiling idna_adapter v1.2.2
   Compiling percent-encoding v2.3.2
   Compiling cfg-if v1.0.5
   Compiling rustix v1.1.5
   Compiling tap v1.0.1
   Compiling getrandom v0.4.3
   Compiling memchr v2.8.3
   Compiling itoa v1.0.18
   Compiling wyz v0.5.1
   Compiling form_urlencoded v1.2.2
   Compiling idna v1.1.0
   Compiling crypto-common v0.1.7
   Compiling block-buffer v0.10.4
   Compiling errno v0.3.14
   Compiling bitflags v1.3.2
   Compiling uuid v1.27.0
   Compiling bitflags v2.13.2
   Compiling funty v2.0.0
   Compiling vsimd v0.8.0
   Compiling outref v0.5.2
   Compiling base64-simd v0.8.0
   Compiling bitvec v1.1.1
   Compiling debugid v0.8.0
   Compiling fluent-uri v0.1.4
   Compiling digest v0.10.7
   Compiling url v2.5.8
   Compiling cpufeatures v0.2.17
   Compiling serde_repr v0.1.21
   Compiling canlang-compiler v0.1.0 (/private/tmp/canlang-dep03-release-20261008/source/compiler)
   Compiling unicode-id-start v1.5.0
   Compiling rustc-hash v2.1.3
   Compiling if_chain v1.0.3
   Compiling data-encoding v2.11.1
   Compiling once_cell v1.21.4
   Compiling fastrand v2.5.0
   Compiling tempfile v3.27.0
   Compiling sourcemap v9.3.2
   Compiling lsp-types v0.97.0
   Compiling sha2 v0.10.9
    Finished `release` profile [optimized] target(s) in 39.99s
