canlang-compiler v0.1.0 (/private/tmp/canlang-dep03-release-20261008/source/compiler) 
lsp-types v0.97.0 
bitflags feature "default"
bitflags v1.3.2 default
fluent-uri feature "default"
fluent-uri v0.1.4 default,std
bitflags feature "default" (*)
fluent-uri feature "std"
fluent-uri v0.1.4 default,std (*)
serde feature "default"
serde v1.0.229 default,derive,serde_derive,std
serde_core feature "result"
serde_core v1.0.229 result,std
serde_derive feature "default"
serde_derive v1.0.229 (proc-macro) default
proc-macro2 feature "proc-macro"
proc-macro2 v1.0.107 default,proc-macro
unicode-ident feature "default"
unicode-ident v1.0.26 
quote feature "proc-macro"
quote v1.0.47 default,proc-macro
proc-macro2 v1.0.107 default,proc-macro (*)
proc-macro2 feature "proc-macro" (*)
syn feature "clone-impls"
syn v3.0.6 clone-impls,default,derive,extra-traits,fold,parsing,printing,proc-macro,visit
proc-macro2 v1.0.107 default,proc-macro (*)
quote v1.0.47 default,proc-macro (*)
unicode-ident feature "default" (*)
syn feature "derive"
syn v3.0.6 clone-impls,default,derive,extra-traits,fold,parsing,printing,proc-macro,visit (*)
syn feature "parsing"
syn v3.0.6 clone-impls,default,derive,extra-traits,fold,parsing,printing,proc-macro,visit (*)
syn feature "printing"
syn v3.0.6 clone-impls,default,derive,extra-traits,fold,parsing,printing,proc-macro,visit (*)
syn feature "proc-macro"
syn v3.0.6 clone-impls,default,derive,extra-traits,fold,parsing,printing,proc-macro,visit (*)
proc-macro2 feature "proc-macro" (*)
quote feature "proc-macro" (*)
serde feature "std"
serde v1.0.229 default,derive,serde_derive,std (*)
serde_core feature "std"
serde_core v1.0.229 result,std
serde feature "derive"
serde v1.0.229 default,derive,serde_derive,std (*)
serde feature "serde_derive"
serde v1.0.229 default,derive,serde_derive,std (*)
serde_json feature "default"
serde_json v1.0.151 default,raw_value,std
memchr v2.8.3 alloc,std
serde_core v1.0.229 result,std
itoa feature "default"
itoa v1.0.18 
zmij feature "default"
zmij v1.0.23 
serde_json feature "std"
serde_json v1.0.151 default,raw_value,std (*)
serde_core feature "std" (*)
memchr feature "std"
memchr v2.8.3 alloc,std
memchr feature "alloc"
memchr v2.8.3 alloc,std
serde_repr feature "default"
serde_repr v0.1.21 (proc-macro) 
proc-macro2 feature "default"
proc-macro2 v1.0.107 default,proc-macro (*)
proc-macro2 feature "proc-macro" (*)
quote feature "default"
quote v1.0.47 default,proc-macro (*)
quote feature "proc-macro" (*)
syn feature "default"
syn v3.0.6 clone-impls,default,derive,extra-traits,fold,parsing,printing,proc-macro,visit (*)
syn feature "clone-impls" (*)
syn feature "derive" (*)
syn feature "parsing" (*)
syn feature "printing" (*)
syn feature "proc-macro" (*)
sha2 v0.10.9 
cfg-if feature "default"
cfg-if v1.0.5 
cpufeatures feature "default"
cpufeatures v0.2.17 
digest feature "default"
digest v0.10.7 block-buffer,core-api,default
block-buffer feature "default"
block-buffer v0.10.4 
generic-array feature "default"
generic-array v0.14.7 more_lengths
typenum feature "default"
typenum v1.20.1 
version_check feature "default"
version_check v0.9.5 
crypto-common feature "default"
crypto-common v0.1.7 
generic-array feature "default" (*)
generic-array feature "more_lengths"
generic-array v0.14.7 more_lengths (*)
typenum feature "default" (*)
digest feature "core-api"
digest v0.10.7 block-buffer,core-api,default (*)
digest feature "block-buffer"
digest v0.10.7 block-buffer,core-api,default (*)
sourcemap v9.3.2 
serde feature "default" (*)
serde feature "derive" (*)
serde_json feature "default" (*)
base64-simd feature "default"
base64-simd v0.8.0 alloc,default,detect,std
outref feature "default"
outref v0.5.2 
vsimd feature "default"
vsimd v0.8.0 alloc,detect,std
base64-simd feature "detect"
base64-simd v0.8.0 alloc,default,detect,std (*)
vsimd feature "detect"
vsimd v0.8.0 alloc,detect,std
vsimd feature "std"
vsimd v0.8.0 alloc,detect,std
vsimd feature "alloc"
vsimd v0.8.0 alloc,detect,std
base64-simd feature "std"
base64-simd v0.8.0 alloc,default,detect,std (*)
base64-simd feature "alloc"
base64-simd v0.8.0 alloc,default,detect,std (*)
vsimd feature "alloc" (*)
vsimd feature "std" (*)
bitvec feature "default"
bitvec v1.1.1 alloc,atomic,default,std
funty v2.0.0 
wyz v0.5.1 
tap feature "default"
tap v1.0.1 
radium feature "default"
radium v0.7.0 
tap feature "default" (*)
bitvec feature "atomic"
bitvec v1.1.1 alloc,atomic,default,std (*)
bitvec feature "std"
bitvec v1.1.1 alloc,atomic,default,std (*)
bitvec feature "alloc"
bitvec v1.1.1 alloc,atomic,default,std (*)
data-encoding feature "default"
data-encoding v2.11.1 alloc,default,std
data-encoding feature "std"
data-encoding v2.11.1 alloc,default,std
data-encoding feature "alloc"
data-encoding v2.11.1 alloc,default,std
debugid feature "default"
debugid v0.8.0 serde
serde feature "default" (*)
uuid feature "default"
uuid v1.27.0 default,std
uuid feature "std"
uuid v1.27.0 default,std
debugid feature "serde"
debugid v0.8.0 serde (*)
if_chain feature "default"
if_chain v1.0.3 
rustc-hash feature "default"
rustc-hash v2.1.3 default,std
rustc-hash feature "std"
rustc-hash v2.1.3 default,std
unicode-id-start feature "default"
unicode-id-start v1.5.0 
url feature "default"
url v2.5.8 default,std
form_urlencoded feature "alloc"
form_urlencoded v1.2.2 alloc,std
percent-encoding v2.3.2 alloc,std
percent-encoding feature "alloc"
percent-encoding v2.3.2 alloc,std
percent-encoding feature "alloc" (*)
idna feature "alloc"
idna v1.1.0 alloc,compiled_data,std
idna_adapter feature "default"
idna_adapter v1.2.2 compiled_data
icu_normalizer v2.3.0 compiled_data
icu_collections v2.3.0 
displaydoc v0.2.7 (proc-macro) 
proc-macro2 feature "default" (*)
quote feature "default" (*)
syn feature "default" (*)
utf8_iter v1.0.4 
potential_utf feature "zerovec"
potential_utf v0.1.6 zerovec
zerovec v0.11.8 derive,yoke
yoke v0.8.3 derive,zerofrom
stable_deref_trait v1.2.1 
yoke-derive v0.8.2 (proc-macro) 
proc-macro2 feature "default" (*)
quote feature "default" (*)
syn feature "default"
syn v2.0.119 clone-impls,default,derive,extra-traits,fold,parsing,printing,proc-macro,visit
proc-macro2 v1.0.107 default,proc-macro (*)
quote v1.0.47 default,proc-macro (*)
unicode-ident feature "default" (*)
syn feature "clone-impls"
syn v2.0.119 clone-impls,default,derive,extra-traits,fold,parsing,printing,proc-macro,visit (*)
syn feature "derive"
syn v2.0.119 clone-impls,default,derive,extra-traits,fold,parsing,printing,proc-macro,visit (*)
syn feature "parsing"
syn v2.0.119 clone-impls,default,derive,extra-traits,fold,parsing,printing,proc-macro,visit (*)
syn feature "printing"
syn v2.0.119 clone-impls,default,derive,extra-traits,fold,parsing,printing,proc-macro,visit (*)
syn feature "proc-macro"
syn v2.0.119 clone-impls,default,derive,extra-traits,fold,parsing,printing,proc-macro,visit (*)
proc-macro2 feature "proc-macro" (*)
quote feature "proc-macro" (*)
syn feature "fold"
syn v2.0.119 clone-impls,default,derive,extra-traits,fold,parsing,printing,proc-macro,visit (*)
synstructure feature "default"
synstructure v0.13.2 default,proc-macro
proc-macro2 v1.0.107 default,proc-macro (*)
quote v1.0.47 default,proc-macro (*)
syn feature "clone-impls" (*)
syn feature "derive" (*)
syn feature "extra-traits"
syn v2.0.119 clone-impls,default,derive,extra-traits,fold,parsing,printing,proc-macro,visit (*)
syn feature "parsing" (*)
syn feature "printing" (*)
syn feature "visit"
syn v2.0.119 clone-impls,default,derive,extra-traits,fold,parsing,printing,proc-macro,visit (*)
synstructure feature "proc-macro"
synstructure v0.13.2 default,proc-macro (*)
proc-macro2 feature "proc-macro" (*)
quote feature "proc-macro" (*)
syn feature "proc-macro" (*)
zerofrom v0.1.8 derive
zerofrom-derive v0.1.8 (proc-macro) 
proc-macro2 feature "default" (*)
quote feature "default" (*)
syn feature "default" (*)
syn feature "fold"
syn v3.0.6 clone-impls,default,derive,extra-traits,fold,parsing,printing,proc-macro,visit (*)
syn feature "visit"
syn v3.0.6 clone-impls,default,derive,extra-traits,fold,parsing,printing,proc-macro,visit (*)
synstructure feature "default"
synstructure v0.14.0 default,proc-macro
proc-macro2 v1.0.107 default,proc-macro (*)
quote v1.0.47 default,proc-macro (*)
syn feature "clone-impls" (*)
syn feature "derive" (*)
syn feature "extra-traits"
syn v3.0.6 clone-impls,default,derive,extra-traits,fold,parsing,printing,proc-macro,visit (*)
syn feature "parsing" (*)
syn feature "printing" (*)
syn feature "visit" (*)
synstructure feature "proc-macro"
synstructure v0.14.0 default,proc-macro (*)
proc-macro2 feature "proc-macro" (*)
quote feature "proc-macro" (*)
syn feature "proc-macro" (*)
zerofrom v0.1.8 derive (*)
zerovec-derive v0.11.6 (proc-macro) 
proc-macro2 feature "default" (*)
quote feature "default" (*)
syn feature "default" (*)
syn feature "extra-traits" (*)
zerovec feature "derive"
zerovec v0.11.8 derive,yoke (*)
zerovec feature "yoke"
zerovec v0.11.8 derive,yoke (*)
yoke feature "derive"
yoke v0.8.3 derive,zerofrom (*)
yoke feature "zerofrom"
yoke v0.8.3 derive,zerofrom (*)
zerofrom feature "derive"
zerofrom v0.1.8 derive (*)
zerofrom feature "derive" (*)
icu_normalizer_data v2.3.0 
icu_provider v2.3.1 baked
displaydoc v0.2.7 (proc-macro)  (*)
icu_locale_core v2.3.0 zerovec
displaydoc v0.2.7 (proc-macro)  (*)
litemap v0.8.3 
tinystr v0.8.4 zerovec
displaydoc v0.2.7 (proc-macro)  (*)
zerovec v0.11.8 derive,yoke (*)
writeable v0.6.4 
zerovec v0.11.8 derive,yoke (*)
writeable v0.6.4 
zerotrie v0.2.5 yoke,zerofrom
displaydoc v0.2.7 (proc-macro)  (*)
zerofrom v0.1.8 derive (*)
yoke feature "derive" (*)
zerovec feature "derive" (*)
yoke feature "derive" (*)
zerofrom feature "derive" (*)
smallvec v1.16.2 const_generics
zerovec v0.11.8 derive,yoke (*)
icu_properties v2.3.0 compiled_data
displaydoc v0.2.7 (proc-macro)  (*)
icu_collections v2.3.0  (*)
icu_properties_data v2.3.0 
icu_provider v2.3.1 baked (*)
zerovec feature "derive" (*)
zerovec feature "yoke" (*)
icu_locale_core feature "zerovec"
icu_locale_core v2.3.0 zerovec (*)
tinystr feature "zerovec"
tinystr v0.8.4 zerovec (*)
zerotrie feature "yoke"
zerotrie v0.2.5 yoke,zerofrom (*)
zerotrie feature "zerofrom"
zerotrie v0.2.5 yoke,zerofrom (*)
utf8_iter feature "default"
utf8_iter v1.0.4 
smallvec feature "const_generics"
smallvec v1.16.2 const_generics
smallvec feature "default"
smallvec v1.16.2 const_generics
idna feature "compiled_data"
idna v1.1.0 alloc,compiled_data,std (*)
idna_adapter feature "compiled_data"
idna_adapter v1.2.2 compiled_data (*)
icu_normalizer feature "compiled_data"
icu_normalizer v2.3.0 compiled_data (*)
icu_provider feature "baked"
icu_provider v2.3.1 baked (*)
icu_properties feature "compiled_data"
icu_properties v2.3.0 compiled_data (*)
icu_provider feature "baked" (*)
url feature "std"
url v2.5.8 default,std (*)
form_urlencoded feature "std"
form_urlencoded v1.2.2 alloc,std (*)
form_urlencoded feature "alloc" (*)
percent-encoding feature "std"
percent-encoding v2.3.2 alloc,std
percent-encoding feature "alloc" (*)
percent-encoding feature "std" (*)
idna feature "std"
idna v1.1.0 alloc,compiled_data,std (*)
idna feature "alloc" (*)
serde feature "derive" (*)
serde feature "std" (*)
serde_json feature "raw_value"
serde_json v1.0.151 default,raw_value,std (*)
serde_json feature "std" (*)
url feature "std" (*)
tempfile feature "getrandom"
tempfile v3.27.0 getrandom
getrandom v0.4.3 
libc v0.2.190 
cfg-if feature "default" (*)
fastrand feature "default"
fastrand v2.5.0 alloc,default,std
fastrand feature "std"
fastrand v2.5.0 alloc,default,std
fastrand feature "alloc"
fastrand v2.5.0 alloc,default,std
once_cell feature "std"
once_cell v1.21.4 alloc,race,std
once_cell feature "alloc"
once_cell v1.21.4 alloc,race,std
once_cell feature "race"
once_cell v1.21.4 alloc,race,std
rustix feature "default"
rustix v1.1.5 alloc,default,fs,std
bitflags v2.13.2 std
linux-raw-sys feature "auxvec"
linux-raw-sys v0.12.1 auxvec,elf,errno,general,ioctl,no_std
linux-raw-sys feature "elf"
linux-raw-sys v0.12.1 auxvec,elf,errno,general,ioctl,no_std
linux-raw-sys feature "errno"
linux-raw-sys v0.12.1 auxvec,elf,errno,general,ioctl,no_std
linux-raw-sys feature "general"
linux-raw-sys v0.12.1 auxvec,elf,errno,general,ioctl,no_std
linux-raw-sys feature "ioctl"
linux-raw-sys v0.12.1 auxvec,elf,errno,general,ioctl,no_std
linux-raw-sys feature "no_std"
linux-raw-sys v0.12.1 auxvec,elf,errno,general,ioctl,no_std
rustix feature "std"
rustix v1.1.5 alloc,default,fs,std (*)
rustix feature "alloc"
rustix v1.1.5 alloc,default,fs,std (*)
bitflags feature "std"
bitflags v2.13.2 std
rustix feature "fs"
rustix v1.1.5 alloc,default,fs,std (*)
